data/data_demo.csv
,Date,ProductID,Product,Low_Stock_Priority,Demand_Priority,Profitability_Priority,Low_Stock_Risk,cp,price_market,a,pred_s3,OrderQuantity,Inventory,Temperature,Rainfall,CPI,MCPI,Female,Age,Income
1611,2024-01-06,10,Zucchini,2,1.0,1.0,-0.1099476439790576,22.49189251366203,31.22687181943903,38.63166750864441,38.60122079423876,848,764,42.22,0.0,100.7,100.7,0.56,44.08,49946.15059999999
1612,2024-01-07,10,Zucchini,7,1.0,1.0,0.1145752143413874,17.126718670630837,60.883352098095074,48.07344776189625,48.067938949557245,1136,1283,45.34,0.0,100.7,100.7,0.56,44.08,49946.15059999999
1613,2024-01-08,10,Zucchini,4,1.0,1.0,-0.0223248652809853,20.9973092912971,49.184514866594725,46.07013457592083,46.08975345382588,1328,1299,51.87,0.0,100.7,100.7,0.56,44.08,49946.15059999999
1614,2024-01-09,10,Zucchini,4,1.0,1.0,-0.0348432055749128,18.884625079948982,44.46938088931617,41.586975923827495,41.6153998165446,594,574,50.23,62.52,100.7,100.7,0.56,44.08,49946.15059999999
1615,2024-01-10,10,Zucchini,4,1.0,2.0,-0.0377155172413792,19.29326622256931,62.22964761920839,50.89913591191382,50.91066208598835,963,928,36.23,0.0,100.7,100.7,0.56,44.08,49946.15059999999
1616,2024-01-11,10,Zucchini,5,1.0,1.0,0.0049220672682526,21.485901953216665,46.68691363970498,45.25178671615735,45.32928159223147,1213,1219,46.09,0.0,100.7,100.7,0.56,44.08,49946.15059999999
1617,2024-01-12,10,Zucchini,5,1.0,1.0,0.0044378698224851,21.68797782671579,55.99986743162341,50.26843449144241,50.191221858700885,1346,1352,40.81,5.22,100.7,100.7,0.56,44.08,49946.15059999999
1618,2024-01-13,10,Zucchini,6,1.0,1.0,0.0672162333544704,20.68595307573387,42.31616680702322,42.37224701126522,42.34153215033068,1471,1577,41.27,0.0,100.7,100.7,0.56,44.08,49946.15059999999
1619,2024-01-14,10,Zucchini,9,2.0,2.0,0.3904761904761904,16.253760675267987,41.638698731720126,37.567988189417385,37.56511344209704,64,105,44.06,154.3,100.7,100.7,0.56,44.08,49946.15059999999
1620,2024-01-15,10,Zucchini,8,1.0,1.0,0.1780167264038231,23.141929417351584,68.10581760583611,57.66384798152827,57.703966615050476,688,837,42.95,0.0,100.7,100.7,0.56,44.08,49946.15059999999
1621,2024-01-16,10,Zucchini,7,1.0,1.0,0.1248322147651006,22.62039303439912,42.12967262737314,44.18171236707781,44.18495916959451,652,745,49.73,26.71,100.7,100.7,0.56,44.08,49946.15059999999
1622,2024-01-17,10,Zucchini,6,1.0,2.0,0.0402355250245338,20.182873666382296,44.15229063582532,42.7989087314081,42.75653780058006,978,1019,46.49,0.0,100.7,100.7,0.56,44.08,49946.15059999999
1623,2024-01-18,10,Zucchini,3,1.0,1.0,-0.096,20.020515633918823,32.916792081323166,37.02948406914135,36.97244039093093,1233,1125,43.51,0.0,100.7,100.7,0.56,44.08,49946.15059999999
1624,2024-01-19,10,Zucchini,3,1.0,1.0,-0.0655021834061135,23.60289841724031,66.29982244007823,57.20762509077614,57.26187506271032,732,687,45.35,52.33,100.7,100.7,0.56,44.08,49946.15059999999
1625,2024-01-20,10,Zucchini,4,1.0,1.0,-0.0409756097560976,21.89444854258745,53.979983232950985,49.33576372105426,49.387312996079174,1067,1025,45.02,0.0,100.7,100.7,0.56,44.08,49946.15059999999
1626,2024-01-21,10,Zucchini,7,1.0,2.0,0.0842105263157895,19.94141119285016,52.37779633452597,46.73422085825356,46.63032143578235,348,380,51.05,77.18,100.7,100.7,0.56,44.08,49946.15059999999
1627,2024-01-22,10,Zucchini,5,1.0,2.0,0.0229885057471264,19.41532264829771,59.751384105786286,49.84784434407664,49.79289411253137,85,87,42.77,82.35,100.7,100.7,0.56,44.08,49946.15059999999
1628,2024-01-23,10,Zucchini,9,2.0,1.0,1.0,19.612925777977942,36.70663430665733,38.50166892834801,38.46056849271976,0,155,45.59,216.32,100.7,100.7,0.56,44.08,49946.15059999999
1629,2024-01-24,10,Zucchini,9,1.0,1.0,1.0,22.35446410879433,44.58953218080329,45.14229788701011,45.1494755920865,0,134,39.98,133.65,100.7,100.7,0.56,44.08,49946.15059999999
1630,2024-01-25,10,Zucchini,4,1.0,1.0,-0.0127388535031847,22.079983569413372,49.085622687504895,47.16899593007896,47.12423391366977,636,628,31.7,0.0,100.7,100.7,0.56,44.08,49946.15059999999
1631,2024-01-26,10,Zucchini,4,1.0,2.0,-0.0030706243602864,16.773153977002394,34.51528949271539,34.46713706456854,34.52101139157294,980,977,47.96,0.0,100.7,100.7,0.56,44.08,49946.15059999999
1632,2024-01-27,10,Zucchini,1,1.0,1.0,-0.8799999999999999,20.929284797732127,63.11427126349951,53.06300885055863,52.99123426231701,47,25,49.24,109.97,100.7,100.7,0.56,44.08,49946.15059999999
1633,2024-01-28,10,Zucchini,9,2.0,1.0,0.4892086330935251,21.72824266275521,49.815709498066326,47.13430880055152,47.13736546371484,71,139,41.43,65.53,100.7,100.7,0.56,44.08,49946.15059999999
1634,2024-01-29,10,Zucchini,10,1.0,3.0,1.7469879518072289,16.987073668056563,46.767113637445,40.910173561887,40.8652379760516,62,-83,56.71,64.01,100.7,100.7,0.56,44.08,49946.15059999999
1635,2024-01-30,10,Zucchini,7,1.0,2.0,0.0913107511045655,19.994070497123356,52.36225489568284,46.70750883370953,46.67526730186688,617,679,38.31,0.0,100.7,100.7,0.56,44.08,49946.15059999999
1636,2024-01-31,10,Zucchini,5,1.0,2.0,0.0098039215686274,16.44591278724696,42.47417715663201,38.17642281999987,38.17551531973011,1010,1020,46.04,0.0,100.7,100.7,0.56,44.08,49946.15059999999
1637,2024-02-01,10,Zucchini,8,1.0,1.0,0.1379080612924716,20.258985671882773,50.45113003812966,45.97578237319273,45.984288730223206,1294,1501,45.1,0.0,100.7,100.7,0.56,44.08,49946.15059999999
1638,2024-02-02,10,Zucchini,7,1.0,3.0,0.114210985178727,15.833530996174105,84.27538547002493,58.53230288825037,58.477138158183735,1016,1147,53.92,27.99,100.7,100.7,0.56,44.08,49946.15059999999
1639,2024-02-03,10,Zucchini,5,1.0,1.0,0.0303272146847566,18.636508952584165,56.04682030245801,47.2112439740423,47.15962161745205,1215,1253,53.83,0.0,100.7,100.7,0.56,44.08,49946.15059999999
1640,2024-02-04,10,Zucchini,3,1.0,1.0,-0.0595744680851064,18.77786817100973,66.68311059634325,52.53081191318233,52.62288862999289,249,235,47.48,91.02,100.7,100.7,0.56,44.08,49946.15059999999
1641,2024-02-05,10,Zucchini,4,1.0,1.0,-0.024390243902439,18.582300359714782,46.4491687754408,42.22226446058236,42.303279138786834,378,369,48.82,31.72,100.7,100.7,0.56,44.08,49946.15059999999
1642,2024-02-06,10,Zucchini,9,1.0,1.0,0.4773869346733668,22.90305603394913,42.48431009869062,44.59790005227664,44.645396429885764,104,199,42.71,78.63,100.7,100.7,0.56,44.08,49946.15059999999
1643,2024-02-07,10,Zucchini,8,1.0,1.0,0.1966824644549762,21.07102113947821,53.097035893716594,48.07486181642152,48.12113567675787,678,844,37.47,0.0,100.7,100.7,0.56,44.08,49946.15059999999
1644,2024-02-08,10,Zucchini,5,1.0,2.0,0.0339476236663434,19.2008622793532,36.58295056575965,37.93641126860366,37.98613198942661,996,1031,45.86,0.0,100.7,100.7,0.56,44.08,49946.15059999999
1645,2024-02-09,10,Zucchini,6,2.0,2.0,0.049257232212666,18.1338443182118,26.930422345542052,32.11266102314593,32.088320520636586,1216,1279,48.6,0.0,100.7,100.7,0.56,44.08,49946.15059999999
1646,2024-02-10,10,Zucchini,3,1.0,1.0,-0.0887290167865706,19.52244736630953,57.31592505022139,48.65722466906352,48.68159339538685,1362,1251,54.2,0.0,100.7,100.7,0.56,44.08,49946.15059999999
1647,2024-02-11,10,Zucchini,7,1.0,1.0,0.0821033210332103,17.94177406340137,56.41338144972229,46.70877101935062,46.64746618019952,995,1084,54.28,37.92,100.7,100.7,0.56,44.08,49946.15059999999
1648,2024-02-12,10,Zucchini,9,1.0,1.0,1.0,21.94616000829933,58.33851221753072,51.68806000534055,51.61982342816215,0,17,46.55,225.93,100.7,100.7,0.56,44.08,49946.15059999999
1649,2024-02-13,10,Zucchini,7,1.0,1.0,0.1255474452554744,23.993532003095574,50.281698731899965,49.63294720717067,49.638496982564575,599,685,47.2,0.0,100.7,100.7,0.56,44.08,49946.15059999999
1650,2024-02-14,10,Zucchini,3,1.0,1.0,-0.0865279299014238,22.106399796164222,69.78372699879662,57.58243619299618,57.5067290695998,992,913,43.7,0.0,100.7,100.7,0.56,44.08,49946.15059999999
1651,2024-02-15,10,Zucchini,7,1.0,1.0,0.1293233082706767,20.663380691090296,49.12671812942385,45.727950471309256,45.72651040537805,1158,1330,42.06,0.0,100.7,100.7,0.56,44.08,49946.15059999999
1652,2024-02-16,10,Zucchini,5,1.0,1.0,0.0201042442293373,19.66874243341371,44.46035259209423,42.377179197123326,42.39593112281014,1316,1343,40.85,0.0,100.7,100.7,0.56,44.08,49946.15059999999
1653,2024-02-17,10,Zucchini,5,2.0,1.0,0.010443864229765,19.18978742107708,19.935012849926736,29.660533133005146,29.645448565458558,758,766,59.36,48.15,100.7,100.7,0.56,44.08,49946.15059999999
1654,2024-02-18,10,Zucchini,4,1.0,1.0,-0.0099206349206348,23.49056914537519,49.52834132346759,48.80198280720864,48.75800352906679,1018,1008,47.28,0.0,100.7,100.7,0.56,44.08,49946.15059999999
1655,2024-02-19,10,Zucchini,4,1.0,2.0,-0.0035087719298245,18.84812878495693,58.31877785059679,48.426794661620335,48.50823938673747,1144,1140,47.87,6.33,100.7,100.7,0.56,44.08,49946.15059999999
1656,2024-02-20,10,Zucchini,5,1.0,1.0,0.0248565965583174,23.1221971137915,50.06861198539498,48.646073140377766,48.65951197736032,1020,1046,44.02,15.65,100.7,100.7,0.56,44.08,49946.15059999999
1657,2024-02-21,10,Zucchini,6,1.0,1.0,0.0518134715025906,17.736921515959704,61.242217344467605,48.87290047120936,48.858420331183964,915,965,54.39,23.22,100.7,100.7,0.56,44.08,49946.15059999999
1658,2024-02-22,10,Zucchini,5,1.0,1.0,0.0192307692307692,19.407536691203585,72.94881166255391,56.40009675574247,56.38827306421889,1173,1196,42.66,0.0,100.7,100.7,0.56,44.08,49946.15059999999
1659,2024-02-23,10,Zucchini,4,1.0,2.0,-0.0045420136260407,16.57188681455843,48.266497916228005,41.18671395550629,41.19975697212303,1327,1321,49.89,0.0,100.7,100.7,0.56,44.08,49946.15059999999
1660,2024-02-24,10,Zucchini,7,1.0,1.0,0.0852309694209498,20.31846840245656,62.312535595933085,51.99917548755528,51.97855371322788,1406,1537,46.7,0.0,100.7,100.7,0.56,44.08,49946.15059999999
1661,2024-02-25,10,Zucchini,7,2.0,2.0,0.1030017657445556,17.472544756247586,34.14147424819976,35.05788796124501,35.03419874752086,1524,1699,53.33,0.0,100.7,100.7,0.56,44.08,49946.15059999999
1662,2024-02-26,10,Zucchini,6,1.0,1.0,0.053670573719926,23.33009881358088,60.31319104356626,53.9570989296904,53.993412485853895,1534,1621,49.07,0.0,100.7,100.7,0.56,44.08,49946.15059999999
1663,2024-02-27,10,Zucchini,4,1.0,1.0,-0.0092975206611569,20.82454454332214,50.63490480386769,46.751076876702925,46.64246870627876,977,968,45.94,41.61,100.7,100.7,0.56,44.08,49946.15059999999
1664,2024-02-28,10,Zucchini,3,1.0,1.0,-0.0556552962298024,21.074793493753635,47.78609501652936,45.489818512319886,45.46764711667997,1176,1114,51.93,0.0,100.7,100.7,0.56,44.08,49946.15059999999
1665,2024-02-29,10,Zucchini,1,1.0,1.0,-0.2777777777777777,20.56535689832954,48.366010799935104,45.23180313078841,45.24775944428336,345,270,54.43,78.12,101.0,101.0,0.56,44.08,49946.15059999999
1666,2024-03-01,10,Zucchini,9,1.0,1.0,1.0,17.814918371217725,48.43696531661357,42.50481507785059,42.529555963561016,0,53,52.85,149.45,101.0,101.0,0.56,44.08,49946.15059999999
1667,2024-03-02,10,Zucchini,8,1.0,1.0,0.1637931034482759,20.24823657546765,46.9119709065475,44.25569247465295,44.20275116247024,582,696,54.25,0.0,101.0,101.0,0.56,44.08,49946.15059999999
1668,2024-03-03,10,Zucchini,1,1.0,1.0,-2.8857142857142857,23.674161375735487,51.98672970149665,50.172629216037016,50.17183883664689,408,105,49.79,42.63,101.0,101.0,0.56,44.08,49946.15059999999
1669,2024-03-04,10,Zucchini,2,2.0,1.0,-0.1126760563380282,20.01710985201262,48.25707865933598,44.77305481657137,44.64435845880623,158,142,51.37,67.69,101.0,101.0,0.56,44.08,49946.15059999999
1670,2024-03-05,10,Zucchini,3,2.0,2.0,-0.0558139534883721,17.965967596750374,38.442075210367975,37.66520899578676,37.679961504864906,681,645,50.05,0.0,101.0,101.0,0.56,44.08,49946.15059999999
1671,2024-03-06,10,Zucchini,2,1.0,3.0,-0.1738623103850642,16.295314686609927,54.17053888992124,43.81845378464793,43.876872304312265,1006,857,51.83,0.0,101.0,101.0,0.56,44.08,49946.15059999999
1672,2024-03-07,10,Zucchini,5,2.0,1.0,0.0,18.573346019215847,43.92132051610532,41.03262135432682,41.02953569031246,1152,1152,49.79,0.0,101.0,101.0,0.56,44.08,49946.15059999999
1673,2024-03-08,10,Zucchini,7,1.0,3.0,0.091644204851752,16.475542204918245,60.4798661479213,47.22422865182077,47.214109858172506,1348,1484,45.45,0.0,101.0,101.0,0.56,44.08,49946.15059999999
1674,2024-03-09,10,Zucchini,7,1.0,1.0,0.0982367758186397,21.6610347380852,49.66173033427619,46.88597737349128,46.99303610576743,1432,1588,55.19,0.0,101.0,101.0,0.56,44.08,49946.15059999999
1675,2024-03-10,10,Zucchini,3,1.0,1.0,-0.0696629213483146,21.56233453236449,51.2702395332119,47.68199587325137,47.6990169242806,1428,1335,52.52,0.0,101.0,101.0,0.56,44.08,49946.15059999999
1676,2024-03-11,10,Zucchini,8,1.0,1.0,0.1472868217054264,18.2486363455589,29.507680867553336,33.48405600726619,33.492749170698545,220,258,46.6,115.23,101.0,101.0,0.56,44.08,49946.15059999999
1677,2024-03-12,10,Zucchini,9,1.0,1.0,0.7843137254901961,21.227962616938854,37.43319871831878,40.42612379928797,40.44105098058296,11,51,57.29,107.96,101.0,101.0,0.56,44.08,49946.15059999999
1678,2024-03-13,10,Zucchini,8,1.0,1.0,0.2709750566893424,18.847090694086035,59.3961439350745,49.01365137424175,49.046247226179716,643,882,50.66,0.0,101.0,101.0,0.56,44.08,49946.15059999999
1679,2024-03-14,10,Zucchini,7,1.0,1.0,0.0968888888888889,19.90877143445028,42.661832739738216,41.67252817716496,41.7363773847563,1016,1125,55.68,0.0,101.0,101.0,0.56,44.08,49946.15059999999
1680,2024-03-15,10,Zucchini,5,1.0,1.0,0.0341085271317829,20.74391110312996,44.6756234100105,43.6196247107063,43.580084738381316,623,645,59.29,52.11,101.0,101.0,0.56,44.08,49946.15059999999
1681,2024-03-16,10,Zucchini,3,1.0,1.0,-0.057385759829968,19.112079981921017,47.22060032731721,43.19318810338014,43.21966438243325,995,941,56.51,0.0,101.0,101.0,0.56,44.08,49946.15059999999
1682,2024-03-17,10,Zucchini,6,1.0,1.0,0.0530575539568345,20.836406697306234,63.63742592827342,53.1039345888229,53.16000001218693,1053,1112,61.79,14.2,101.0,101.0,0.56,44.08,49946.15059999999
1683,2024-03-18,10,Zucchini,3,1.0,3.0,-0.0876242095754291,16.628543899064898,53.74137997801584,43.96123717468192,43.99577273199355,1204,1107,50.14,0.0,101.0,101.0,0.56,44.08,49946.15059999999
1684,2024-03-19,10,Zucchini,6,1.0,1.0,0.0566727605118829,20.23494997597594,63.10264603383328,52.26265683090523,52.290258362266144,516,547,58.55,69.15,101.0,101.0,0.56,44.08,49946.15059999999
1685,2024-03-20,10,Zucchini,1,1.0,1.0,-1.4761904761904765,19.93009595522453,47.32252202468808,44.096789323804224,44.08964705914411,260,105,53.34,69.47,101.0,101.0,0.56,44.08,49946.15059999999
1686,2024-03-21,10,Zucchini,4,1.0,2.0,-0.0275482093663912,15.90721372750378,52.13176263766391,42.50651199565376,42.46823329090597,746,726,52.63,0.0,101.0,101.0,0.56,44.08,49946.15059999999
1687,2024-03-22,10,Zucchini,4,1.0,1.0,-0.0046168051708217,16.380619614537025,37.96756544624024,35.81674336275639,35.855315641246854,1088,1083,54.31,0.0,101.0,101.0,0.56,44.08,49946.15059999999
1688,2024-03-23,10,Zucchini,4,1.0,3.0,-0.0024311183144245,16.280952788746145,61.78031235143372,47.64714409458528,47.66995198142398,1237,1234,55.87,0.0,101.0,101.0,0.56,44.08,49946.15059999999
1689,2024-03-24,10,Zucchini,2,1.0,1.0,-0.1613545816733068,20.828613667847904,51.08648203694853,46.804579299921166,46.872483900486216,583,502,57.93,61.04,101.0,101.0,0.56,44.08,49946.15059999999
1690,2024-03-25,10,Zucchini,4,1.0,1.0,-0.0099009900990099,20.247919253743323,50.44129098796275,45.79894974805358,45.96828632010505,1020,1010,52.05,0.0,101.0,101.0,0.56,44.08,49946.15059999999
1691,2024-03-26,10,Zucchini,5,1.0,1.0,0.0025575447570332,20.54791515434808,53.3831553922566,47.74728254701296,47.74056494432878,1170,1173,62.6,0.0,101.0,101.0,0.56,44.08,49946.15059999999
1692,2024-03-27,10,Zucchini,4,1.0,2.0,-0.0404958677685951,17.347243014983675,64.46792073920322,50.15720356046032,50.08222097889215,1259,1210,60.65,0.0,101.0,101.0,0.56,44.08,49946.15059999999
1693,2024-03-28,10,Zucchini,5,1.0,1.0,0.0218132242672119,22.27794762133253,47.8550489351141,46.73157625155722,46.70673027417712,1435,1467,50.87,0.0,101.0,101.0,0.56,44.08,49946.15059999999
1694,2024-03-29,10,Zucchini,5,1.0,1.0,0.0026972353337828,21.96568243963478,66.63038957754907,55.75552423060216,55.7881101547581,1479,1483,66.21,0.0,101.0,101.0,0.56,44.08,49946.15059999999
1695,2024-03-30,10,Zucchini,5,1.0,2.0,0.0025488530161427,18.466073929953343,41.484774155962086,39.71328496506465,39.70303954625851,1174,1177,68.47,18.88,101.0,101.0,0.56,44.08,49946.15059999999
1696,2024-03-31,10,Zucchini,7,1.0,1.0,0.1126943005181346,22.352120552907596,54.22184607969092,49.9043025877033,49.96654166624093,685,772,65.11,52.39,102.93,102.93,0.56,44.08,49946.15059999999
1697,2024-04-01,10,Zucchini,1,1.0,2.0,-0.2617647058823529,19.49815520643768,70.09218561174876,55.03813339441043,55.049720702136966,858,680,58.54,8.84,102.93,102.93,0.56,44.08,49946.15059999999
1698,2024-04-02,10,Zucchini,3,1.0,3.0,-0.0728110599078342,16.447589951979936,45.10185268741399,39.477130833034046,39.49192032533024,1164,1085,54.31,0.0,102.93,102.93,0.56,44.08,49946.15059999999
1699,2024-04-03,10,Zucchini,4,1.0,1.0,-0.0350404312668464,16.734610467698214,52.4525585344342,43.418254023311945,43.45711894763398,1152,1113,65.16,9.74,102.93,102.93,0.56,44.08,49946.15059999999
1700,2024-04-04,10,Zucchini,8,1.0,1.0,0.1504524886877828,21.46744697571001,58.77505062836434,51.37525490138241,51.35895865936493,751,884,58.1,39.9,102.93,102.93,0.56,44.08,49946.15059999999
1701,2024-04-05,10,Zucchini,4,1.0,1.0,-0.0140140140140139,19.79190237866204,48.62100301101293,44.73239724238746,44.60096872024235,1013,999,66.45,0.0,102.93,102.93,0.56,44.08,49946.15059999999
1702,2024-04-06,10,Zucchini,9,1.0,1.0,1.0,21.762449892907863,34.9964672383567,39.84395598740795,39.75698367947994,0,148,61.6,195.59,102.93,102.93,0.56,44.08,49946.15059999999
1703,2024-04-07,10,Zucchini,1,2.0,1.0,-0.4770642201834862,19.823253750535173,39.44040640931044,40.039853304124286,40.03895622626764,161,109,65.67,39.01,102.93,102.93,0.56,44.08,49946.15059999999
