data/data_demo.csv
,Date,ProductID,Product,Low_Stock_Priority,Demand_Priority,Profitability_Priority,Low_Stock_Risk,cp,price_market,a,pred_s3,OrderQuantity,Inventory,Temperature,Rainfall,CPI,MCPI,Female,Age,Income
1704,2024-04-08,10,Zucchini,4,1.0,1.0,-0.0143061516452074,20.53534178672156,55.809325888538346,48.98421046372652,48.94188187427484,709,699,62.79,0.0,102.93,102.93,0.56,44.08,49946.15059999999
1705,2024-04-09,10,Zucchini,2,1.0,1.0,-0.1369565217391304,24.247052845960347,58.91515319989245,54.24776481761005,54.21196399567864,1046,920,64.76,0.0,102.93,102.93,0.56,44.08,49946.15059999999
1706,2024-04-10,10,Zucchini,7,1.0,1.0,0.1111111111111111,22.7936981752628,57.84555334320997,52.184097945583495,52.22172201712644,640,720,61.51,49.37,102.93,102.93,0.56,44.08,49946.15059999999
1707,2024-04-11,10,Zucchini,4,1.0,2.0,-0.0408388520971303,19.13434546277918,61.464320138678445,50.39870073579343,50.3686302046694,943,906,70.61,0.0,102.93,102.93,0.56,44.08,49946.15059999999
1708,2024-04-12,10,Zucchini,4,1.0,1.0,-0.0239076669414675,20.749937449406254,50.71985194936022,46.53781381916106,46.61027529776793,1242,1213,62.53,0.0,102.93,102.93,0.56,44.08,49946.15059999999
1709,2024-04-13,10,Zucchini,10,1.0,1.0,1.0625,20.988890886123578,52.08233170711007,47.48979182008603,47.53121285623803,2,-32,64.13,206.45,102.93,102.93,0.56,44.08,49946.15059999999
1710,2024-04-14,10,Zucchini,6,1.0,1.0,0.0402684563758389,21.52278233499221,34.81131340842471,39.44037668272488,39.42439202025881,572,596,71.76,0.0,102.93,102.93,0.56,44.08,49946.15059999999
1711,2024-04-15,10,Zucchini,8,1.0,1.0,0.2040816326530612,20.142017610376055,53.17328953702337,47.20792299576989,47.22918153345501,39,49,55.83,102.02,102.93,102.93,0.56,44.08,49946.15059999999
1712,2024-04-16,10,Zucchini,3,1.0,3.0,-0.0844594594594594,19.01293629900993,56.126807853910975,47.66416415811692,47.57651678714576,642,592,56.44,0.0,102.93,102.93,0.56,44.08,49946.15059999999
1713,2024-04-17,10,Zucchini,9,1.0,1.0,1.0,19.992754365527,44.16788705184014,42.60909991317484,42.57399620898913,0,-176,67.86,153.64,102.93,102.93,0.56,44.08,49946.15059999999
1714,2024-04-18,10,Zucchini,1,1.0,1.0,-0.4516129032258065,19.03942578104325,56.44001698894911,47.74033236945951,47.759748149692484,270,186,57.37,28.63,102.93,102.93,0.56,44.08,49946.15059999999
1715,2024-04-19,10,Zucchini,1,1.0,1.0,-0.5963302752293578,23.366734562479586,31.84111155482176,39.7637613542348,39.784429197152235,174,109,73.18,60.88,102.93,102.93,0.56,44.08,49946.15059999999
1716,2024-04-20,10,Zucchini,6,1.0,1.0,0.0576923076923077,22.481452477670643,57.51099597794537,51.74629899705399,51.74171376839786,686,728,61.62,0.0,102.93,102.93,0.56,44.08,49946.15059999999
1717,2024-04-21,10,Zucchini,9,1.0,2.0,0.6226415094339622,19.592769962241224,53.00284323620801,46.54141501591312,46.59400088768473,20,53,60.17,121.11,102.93,102.93,0.56,44.08,49946.15059999999
1718,2024-04-22,10,Zucchini,7,1.0,1.0,0.1111111111111111,20.856584521387624,71.1060853358802,56.93940778699245,56.91705570803664,48,54,73.75,68.98,102.93,102.93,0.56,44.08,49946.15059999999
1719,2024-04-23,10,Zucchini,9,1.0,2.0,1.0,19.66908147152862,64.13085536865267,52.16574405835768,52.238170053888666,0,67,71.76,130.18,102.93,102.93,0.56,44.08,49946.15059999999
1720,2024-04-24,10,Zucchini,6,1.0,1.0,0.075187969924812,22.386482271936423,65.06980358558529,55.45253457452711,55.428589261871196,615,665,73.92,0.0,102.93,102.93,0.56,44.08,49946.15059999999
1721,2024-04-25,10,Zucchini,4,1.0,1.0,-0.0174291938997821,22.097761032835987,58.17397096368165,51.6765167780778,51.6892782440489,934,918,69.33,0.0,102.93,102.93,0.56,44.08,49946.15059999999
1722,2024-04-26,10,Zucchini,9,1.0,1.0,1.0,21.137221665421773,56.46615613915258,49.89103041090263,49.8731136119043,0,-198,60.72,230.39,102.93,102.93,0.56,44.08,49946.15059999999
1723,2024-04-27,10,Zucchini,5,1.0,1.0,0.0230769230769231,21.742528539229053,38.18368685087072,41.28374266839752,41.33172566980922,635,650,74.8,0.0,102.93,102.93,0.56,44.08,49946.15059999999
1724,2024-04-28,10,Zucchini,4,1.0,1.0,-0.018181818181818,21.32114161608316,46.64908699648213,45.15793437467863,45.14539949338514,1008,990,64.13,0.0,102.93,102.93,0.56,44.08,49946.15059999999
1725,2024-04-29,10,Zucchini,10,1.0,1.0,2.081081081081081,22.3481237076166,68.26728470660865,57.10238344799655,56.99000636942647,80,-74,69.71,113.69,102.93,102.93,0.56,44.08,49946.15059999999
1726,2024-04-30,10,Zucchini,5,2.0,2.0,0.032,21.062262746658394,35.4383555127691,39.25857966541991,39.27705853263405,484,500,70.66,9.77,103.34,103.34,0.56,44.08,49946.15059999999
1727,2024-05-01,10,Zucchini,8,1.0,1.0,0.2890173410404624,20.303801058229045,45.4971816518687,43.56826187717985,43.55050884086191,246,346,65.37,58.3,103.34,103.34,0.56,44.08,49946.15059999999
1728,2024-05-02,10,Zucchini,3,2.0,1.0,-0.0520833333333332,18.845548752801523,35.80765919185329,37.32465669621604,37.24248880736842,808,768,69.44,0.0,103.34,103.34,0.56,44.08,49946.15059999999
1729,2024-05-03,10,Zucchini,7,1.0,1.0,0.083215796897038,16.856498525013635,64.50951814032128,49.64934280241728,49.611706480832694,650,709,71.2,37.01,103.34,103.34,0.56,44.08,49946.15059999999
1730,2024-05-04,10,Zucchini,6,1.0,1.0,0.0587677725118483,19.94430323898657,44.34218671454389,42.63699087046575,42.61269628586983,993,1055,68.7,0.0,103.34,103.34,0.56,44.08,49946.15059999999
1731,2024-05-05,10,Zucchini,10,1.0,2.0,1.0888888888888888,18.517888933191745,65.44534365931293,51.68987629922214,51.74329886187107,4,-45,61.54,165.81,103.34,103.34,0.56,44.08,49946.15059999999
1732,2024-05-06,10,Zucchini,6,1.0,1.0,0.0510708401976935,20.120018133914247,45.86237506280701,43.48732624670292,43.54922780223113,576,607,68.75,0.0,103.34,103.34,0.56,44.08,49946.15059999999
1733,2024-05-07,10,Zucchini,2,1.0,1.0,-0.1257275902211874,22.28097684837418,44.95867919836262,45.26298806958961,45.2605993348563,967,859,74.12,0.0,103.34,103.34,0.56,44.08,49946.15059999999
1734,2024-05-08,10,Zucchini,1,1.0,1.0,-0.8160377358490567,20.345649350880706,62.785291889846654,52.21513350303837,52.24230486538946,385,212,64.24,66.64,103.34,103.34,0.56,44.08,49946.15059999999
1735,2024-05-09,10,Zucchini,3,1.0,1.0,-0.0496535796766743,19.169996657780757,59.388317263937765,49.36320237906087,49.36562066544179,909,866,67.18,0.0,103.34,103.34,0.56,44.08,49946.15059999999
1736,2024-05-10,10,Zucchini,8,2.0,1.0,0.1440298507462686,18.29374275027672,22.837196907824257,30.222624037889823,30.20041271560426,1147,1340,65.98,0.0,103.34,103.34,0.56,44.08,49946.15059999999
1737,2024-05-11,10,Zucchini,6,1.0,3.0,0.0400582665695556,17.139729585152136,54.511407898572,44.86161214249599,44.89283966885478,1318,1373,77.63,0.0,103.34,103.34,0.56,44.08,49946.15059999999
1738,2024-05-12,10,Zucchini,8,1.0,1.0,0.2203626220362622,22.665610670714976,56.00166878252292,51.191150213277126,51.17091694263836,559,717,71.96,69.38,103.34,103.34,0.56,44.08,49946.15059999999
1739,2024-05-13,10,Zucchini,1,1.0,1.0,-0.2443324937027708,16.446617962141502,52.09806930900911,43.08858042607561,42.99142002550603,988,794,70.86,0.0,103.34,103.34,0.56,44.08,49946.15059999999
1740,2024-05-14,10,Zucchini,4,2.0,2.0,-0.0252237591537836,18.13043394753788,43.42341996175225,40.29167687904498,40.33697909879098,1260,1229,65.2,0.0,103.34,103.34,0.56,44.08,49946.15059999999
1741,2024-05-15,10,Zucchini,1,2.0,3.0,-2.0,15.373596132605863,50.28408444639589,40.99216103787777,41.00951845473151,192,64,71.97,107.77,103.34,103.34,0.56,44.08,49946.15059999999
1742,2024-05-16,10,Zucchini,6,1.0,1.0,0.0448717948717948,19.367716848500567,46.01938519034336,42.87492891073825,42.874591275184905,745,780,66.13,0.0,103.34,103.34,0.56,44.08,49946.15059999999
1743,2024-05-17,10,Zucchini,7,1.0,1.0,0.1162790697674418,19.31543088047884,52.11323027609976,45.92906900222575,45.871225315670024,1026,1161,69.88,0.0,103.34,103.34,0.56,44.08,49946.15059999999
1744,2024-05-18,10,Zucchini,6,1.0,1.0,0.0388272583201267,19.19141115874101,47.97605737138934,43.62012074440159,43.677073612622976,1213,1262,66.76,0.0,103.34,103.34,0.56,44.08,49946.15059999999
1745,2024-05-19,10,Zucchini,3,1.0,1.0,-0.0597539543057996,19.873740200047195,43.780718417610544,42.21084200363326,42.26112554243418,1206,1138,73.55,9.44,103.34,103.34,0.56,44.08,49946.15059999999
1746,2024-05-20,10,Zucchini,6,1.0,1.0,0.0671280276816609,18.35746985116448,51.63770446304615,44.56813903204674,44.674203069800285,1348,1445,73.27,0.0,103.34,103.34,0.56,44.08,49946.15059999999
1747,2024-05-21,10,Zucchini,5,1.0,1.0,0.0006702412868632,18.17268871902253,58.02438910184394,47.66286515928381,47.684703354328605,1491,1492,69.57,0.0,103.34,103.34,0.56,44.08,49946.15059999999
1748,2024-05-22,10,Zucchini,6,1.0,1.0,0.066751430387794,23.63565282652215,52.89005892395367,50.61468957680008,50.585254470138835,1468,1573,72.82,0.0,103.34,103.34,0.56,44.08,49946.15059999999
1749,2024-05-23,10,Zucchini,4,1.0,2.0,-0.0277401894451962,19.331874103273258,44.46357610068769,42.11692338906601,42.060275599536936,1519,1478,65.6,0.0,103.34,103.34,0.56,44.08,49946.15059999999
1750,2024-05-24,10,Zucchini,4,1.0,1.0,-0.0128865979381442,21.81531724989353,53.3625402037041,49.01444503481097,48.999157539827294,1572,1552,63.83,0.0,103.34,103.34,0.56,44.08,49946.15059999999
1751,2024-05-25,10,Zucchini,3,1.0,1.0,-0.0768220617202888,18.326457914694025,60.69792391858966,49.14537202501973,49.17632614493849,1640,1523,73.71,0.0,103.34,103.34,0.56,44.08,49946.15059999999
1752,2024-05-26,10,Zucchini,4,1.0,1.0,-0.0413416536661466,23.225457189504173,65.9540416857619,56.73780161307023,56.71097837530331,1335,1282,72.57,27.45,103.34,103.34,0.56,44.08,49946.15059999999
1753,2024-05-27,10,Zucchini,6,1.0,1.0,0.0755777638975639,23.0283642620156,62.07552584159437,54.57634311234359,54.573082640243825,1480,1601,75.13,0.0,103.34,103.34,0.56,44.08,49946.15059999999
1754,2024-05-28,10,Zucchini,5,1.0,1.0,0.0289664252797893,20.46203736443455,55.37380193359032,48.55290305128322,48.65058122885254,1475,1519,84.09,0.0,103.34,103.34,0.56,44.08,49946.15059999999
1755,2024-05-29,10,Zucchini,3,1.0,2.0,-0.0736842105263158,17.800936814061032,39.908759687861135,38.193911916360825,38.248572684046536,1530,1425,77.12,0.0,103.34,103.34,0.56,44.08,49946.15059999999
1756,2024-05-30,10,Zucchini,5,1.0,1.0,0.0210135970333745,20.17400277145532,36.34447273079128,38.92183240211077,38.84110858587175,1584,1618,68.06,0.0,103.34,103.34,0.56,44.08,49946.15059999999
1757,2024-05-31,10,Zucchini,9,1.0,1.0,1.0,20.09460900008212,47.97618786280928,44.59881318563552,44.58140930662144,0,15,78.43,225.67,103.98,103.98,0.56,44.08,49946.15059999999
1758,2024-06-01,10,Zucchini,4,2.0,2.0,-0.0306946688206786,20.479247828178995,35.908152184438364,38.86458420097275,38.92840838849539,638,619,66.49,0.0,103.98,103.98,0.56,44.08,49946.15059999999
1759,2024-06-02,10,Zucchini,2,1.0,1.0,-0.1388888888888888,18.043558767600658,42.15215270939372,39.660632777700606,39.61393747270004,82,72,70.99,94.33,103.98,103.98,0.56,44.08,49946.15059999999
1760,2024-06-03,10,Zucchini,10,1.0,3.0,1.463768115942029,16.95399972764141,48.29877695248834,41.656459951873714,41.59847407838719,32,-69,73.18,74.72,103.98,103.98,0.56,44.08,49946.15059999999
1761,2024-06-04,10,Zucchini,4,1.0,1.0,-0.0122137404580153,20.32472607476407,45.15789578261096,43.38192226459656,43.40170110206326,663,655,82.31,0.0,103.98,103.98,0.56,44.08,49946.15059999999
1762,2024-06-05,10,Zucchini,6,1.0,1.0,0.0804020100502512,19.97941736733256,46.72081943689582,43.87271119059981,43.83797238804661,183,199,70.24,77.33,103.98,103.98,0.56,44.08,49946.15059999999
1763,2024-06-06,10,Zucchini,4,2.0,1.0,-0.0412371134020619,20.00415004383873,36.7199537270189,38.6771218754506,38.85892155585782,707,679,70.06,0.0,103.98,103.98,0.56,44.08,49946.15059999999
1764,2024-06-07,10,Zucchini,7,1.0,1.0,0.0961538461538461,22.053601157701934,52.31466759793211,48.7596137964274,48.71343395813467,1081,1196,73.92,0.0,103.98,103.98,0.56,44.08,49946.15059999999
1765,2024-06-08,10,Zucchini,5,1.0,3.0,0.0364464692482915,17.04967903393727,59.96508051066907,47.5909770588678,47.531361682113555,423,439,71.32,60.63,103.98,103.98,0.56,44.08,49946.15059999999
1766,2024-06-09,10,Zucchini,3,1.0,1.0,-0.096698113207547,22.02138743197561,44.51862532210831,44.72446495729158,44.78052598706901,930,848,80.49,0.0,103.98,103.98,0.56,44.08,49946.15059999999
1767,2024-06-10,10,Zucchini,3,1.0,1.0,-0.0504201680672269,18.51354491996537,57.25755344191214,47.656425910897205,47.642287327984384,625,595,69.68,45.09,103.98,103.98,0.56,44.08,49946.15059999999
1768,2024-06-11,10,Zucchini,6,1.0,1.0,0.0497335701598579,19.20955586829988,76.62726713718078,58.0062834097379,58.03052809226122,1070,1126,69.57,0.0,103.98,103.98,0.56,44.08,49946.15059999999
1769,2024-06-12,10,Zucchini,10,1.0,1.0,1.181818181818182,18.34844127349746,49.08188969865547,43.38425964878666,43.38639259154411,8,-44,73.34,165.96,103.98,103.98,0.56,44.08,49946.15059999999
1770,2024-06-13,10,Zucchini,10,1.0,2.0,1.006896551724138,20.179239715678506,56.51210007949528,48.91404573319939,48.93698154024319,1,-145,73.26,106.85,103.98,103.98,0.56,44.08,49946.15059999999
1771,2024-06-14,10,Zucchini,6,1.0,3.0,0.0795795795795796,16.188364250400145,51.96770090087355,42.605599927494175,42.66763136798505,613,666,85.63,0.0,103.98,103.98,0.56,44.08,49946.15059999999
1772,2024-06-15,10,Zucchini,7,1.0,2.0,0.1279279279279279,18.863828559425613,59.69623729224047,49.30646739069993,49.213153070104475,968,1110,80.95,0.0,103.98,103.98,0.56,44.08,49946.15059999999
1773,2024-06-16,10,Zucchini,3,2.0,2.0,-0.0770491803278687,18.96848690942929,32.81350123387905,35.85972198388986,35.867482031127246,1314,1220,76.86,0.0,103.98,103.98,0.56,44.08,49946.15059999999
1774,2024-06-17,10,Zucchini,6,1.0,1.0,0.0752411575562701,22.52786040472639,39.43043232054785,42.74831431721343,42.74178423164456,1438,1555,70.52,0.0,103.98,103.98,0.56,44.08,49946.15059999999
1775,2024-06-18,10,Zucchini,5,1.0,1.0,0.0221066319895968,20.30139628757444,51.4346392807138,46.46824589891877,46.51883673026762,1504,1538,81.09,0.0,103.98,103.98,0.56,44.08,49946.15059999999
1776,2024-06-19,10,Zucchini,4,1.0,1.0,-0.0043777360850532,21.391036622992605,58.86962566158465,51.27400609572871,51.32977704848355,1606,1599,72.09,0.0,103.98,103.98,0.56,44.08,49946.15059999999
1777,2024-06-20,10,Zucchini,6,1.0,1.0,0.0459533607681755,20.011877628773004,51.305240258649405,46.18512767885149,46.16423101869062,1391,1458,69.59,15.67,103.98,103.98,0.56,44.08,49946.15059999999
1778,2024-06-21,10,Zucchini,1,2.0,2.0,-0.2396551724137932,17.90219925707457,33.354267490323565,35.10565260624391,35.070494036700126,719,580,83.48,57.85,103.98,103.98,0.56,44.08,49946.15059999999
1779,2024-06-22,10,Zucchini,7,1.0,1.0,0.0945945945945946,21.814409736366496,41.76386723541605,43.24023956254076,43.19499242426126,603,666,79.35,34.97,103.98,103.98,0.56,44.08,49946.15059999999
1780,2024-06-23,10,Zucchini,6,2.0,1.0,0.0722057368941642,18.309117315864864,42.05293882402784,39.89077542800346,39.83017090195689,938,1011,82.59,0.0,103.98,103.98,0.56,44.08,49946.15059999999
1781,2024-06-24,10,Zucchini,6,2.0,1.0,0.0500410172272354,18.947513318454483,53.88991945003048,46.381962666444686,46.39181590549207,1158,1219,79.81,0.0,103.98,103.98,0.56,44.08,49946.15059999999
1782,2024-06-25,10,Zucchini,1,1.0,1.0,-1.625,20.36419955761913,42.37961040159573,42.03179460521735,42.05113978394287,63,24,82.72,136.45,103.98,103.98,0.56,44.08,49946.15059999999
1783,2024-06-26,10,Zucchini,4,1.0,1.0,-0.0121396054628224,21.89107757889421,43.19192895199229,44.0243827465328,43.98626481598548,667,659,75.4,0.0,103.98,103.98,0.56,44.08,49946.15059999999
1784,2024-06-27,10,Zucchini,4,1.0,1.0,-0.0176991150442478,19.59723091343451,60.847475766377045,50.48909683645152,50.5234346766988,1035,1017,73.71,0.0,103.98,103.98,0.56,44.08,49946.15059999999
1785,2024-06-28,10,Zucchini,3,1.0,1.0,-0.0757180156657963,23.021049463966552,63.3531627679859,55.2412187727544,55.20500942593817,1236,1149,82.51,0.0,103.98,103.98,0.56,44.08,49946.15059999999
1786,2024-06-29,10,Zucchini,7,1.0,1.0,0.1152132399745384,18.857043169895803,45.86725194663961,42.30939415757772,42.28719312406923,1390,1571,75.31,0.0,103.98,103.98,0.56,44.08,49946.15059999999
1787,2024-06-30,10,Zucchini,5,1.0,1.0,0.0091503267973855,21.331178573909263,54.24902672349873,49.013443257387806,48.957986809457786,1516,1530,76.11,0.0,105.16,105.16,0.56,44.08,49946.15059999999
1788,2024-07-01,10,Zucchini,2,1.0,1.0,-0.1333819241982508,20.007232601901407,31.185162014686583,36.13333319368709,36.092741307274714,1555,1372,77.5,0.0,105.16,105.16,0.56,44.08,49946.15059999999
1789,2024-07-02,10,Zucchini,5,1.0,1.0,0.0324449594438006,23.09334367642484,51.98327059355341,49.53225668200699,49.588600683352524,835,863,80.09,62.04,105.16,105.16,0.56,44.08,49946.15059999999
1253,2024-01-06,8,Tomato,4,4.0,3.0,-0.0234567901234568,16.20435665388794,20.861992953300188,21.8346215896933,21.818075585731236,829,810,42.22,0.0,100.7,100.7,0.56,44.08,49946.15059999999
1254,2024-01-07,8,Tomato,4,4.0,2.0,-0.0176715176715176,17.009989443560023,17.14500551210355,20.971046801907317,20.981074894955142,979,962,45.34,0.0,100.7,100.7,0.56,44.08,49946.15059999999
1255,2024-01-08,8,Tomato,7,3.0,3.0,0.0990180032733224,18.657921495106446,23.981590479254823,24.99954123911345,25.037412065456344,1101,1222,51.87,0.0,100.7,100.7,0.56,44.08,49946.15059999999
1256,2024-01-09,8,Tomato,9,3.0,3.0,0.3333333333333333,16.43580677424334,39.62092938815864,29.46467757387856,29.498087387926958,156,234,50.23,62.52,100.7,100.7,0.56,44.08,49946.15059999999
1257,2024-01-10,8,Tomato,6,3.0,3.0,0.0445402298850574,14.68057750558066,38.426947117194345,27.606286731082577,27.609590125641184,665,696,36.23,0.0,100.7,100.7,0.56,44.08,49946.15059999999
1258,2024-01-11,8,Tomato,6,3.0,3.0,0.0529875986471251,16.94801573455406,42.76239852019974,31.085799938811327,31.16496068273331,840,887,46.09,0.0,100.7,100.7,0.56,44.08,49946.15059999999
1259,2024-01-12,8,Tomato,3,3.0,2.0,-0.0675512665862485,17.454349740040872,33.74754077442826,28.043019050718915,27.97085838671601,885,829,40.81,5.22,100.7,100.7,0.56,44.08,49946.15059999999
