data/data_demo.csv
,Date,ProductID,Product,Low_Stock_Priority,Demand_Priority,Profitability_Priority,Low_Stock_Risk,cp,price_market,a,pred_s3,OrderQuantity,Inventory,Temperature,Rainfall,CPI,MCPI,Female,Age,Income
1260,2024-01-13,8,Tomato,4,4.0,3.0,-0.0162601626016261,15.922189386672386,32.63508828494252,26.31999735533466,26.29431859080062,1000,984,41.27,0.0,100.7,100.7,0.56,44.08,49946.15059999999
1261,2024-01-14,8,Tomato,9,3.0,3.0,0.9944444444444444,15.910801214548853,45.55047942410434,31.443710889570152,31.444645100746218,1,180,44.06,154.3,100.7,100.7,0.56,44.08,49946.15059999999
1262,2024-01-15,8,Tomato,2,2.0,3.0,-0.1329690346083789,16.520265809877536,46.55924411372502,32.30892005465067,32.33774941010621,622,549,42.95,0.0,100.7,100.7,0.56,44.08,49946.15059999999
1263,2024-01-16,8,Tomato,4,3.0,3.0,-0.0358056265984654,15.860287003487633,37.43349864519519,28.15811207986029,28.161423295289218,405,391,49.73,26.71,100.7,100.7,0.56,44.08,49946.15059999999
1264,2024-01-17,8,Tomato,8,3.0,4.0,0.1925078043704474,16.50022781376625,39.61523341761047,29.58616536517033,29.54761808542675,776,961,46.49,0.0,100.7,100.7,0.56,44.08,49946.15059999999
1265,2024-01-18,8,Tomato,4,3.0,4.0,-0.0198329853862213,13.956173351146145,44.04314343328991,29.33276844879383,29.270615761808443,977,958,43.51,0.0,100.7,100.7,0.56,44.08,49946.15059999999
1266,2024-01-19,8,Tomato,9,3.0,3.0,0.3236994219653178,13.69912446036298,45.04343575162994,29.43148932243908,29.463502257027958,234,346,45.35,52.33,100.7,100.7,0.56,44.08,49946.15059999999
1267,2024-01-20,8,Tomato,2,3.0,4.0,-0.1879432624113475,14.32777724099846,28.5601930040126,23.337622556395125,23.384270332444295,670,564,45.02,0.0,100.7,100.7,0.56,44.08,49946.15059999999
1268,2024-01-21,8,Tomato,10,3.0,3.0,1.53,17.28442188665885,32.80426144082049,27.55315358379569,27.457381265237537,53,-100,51.05,77.18,100.7,100.7,0.56,44.08,49946.15059999999
1269,2024-01-22,8,Tomato,9,3.0,4.0,1.0,16.51759513468122,27.69453954354613,24.84872156804921,24.799464958162737,0,-67,42.77,82.35,100.7,100.7,0.56,44.08,49946.15059999999
1270,2024-01-23,8,Tomato,9,3.0,3.0,1.0,18.08047792849912,34.93093385163169,28.972181880493373,28.947124378556026,0,6,45.59,216.32,100.7,100.7,0.56,44.08,49946.15059999999
1271,2024-01-24,8,Tomato,9,3.0,3.0,1.0,15.62661815577078,48.12333589341832,32.24369656979809,32.24392413658339,0,83,39.98,133.65,100.7,100.7,0.56,44.08,49946.15059999999
1272,2024-01-25,8,Tomato,2,2.0,3.0,-0.1439999999999999,13.7127172083163,45.462718669437656,29.70146225134124,29.64192985479698,572,500,31.7,0.0,100.7,100.7,0.56,44.08,49946.15059999999
1273,2024-01-26,8,Tomato,6,3.0,1.0,0.0411255411255411,18.28910707056912,29.01902039637441,26.675232156213504,26.753188443922163,886,924,47.96,0.0,100.7,100.7,0.56,44.08,49946.15059999999
1274,2024-01-27,8,Tomato,9,3.0,3.0,0.8275862068965517,15.962465888920214,45.12266726825982,31.39562803951685,31.315288959817313,5,29,49.24,109.97,100.7,100.7,0.56,44.08,49946.15059999999
1275,2024-01-28,8,Tomato,10,3.0,2.0,1.025,18.56691007253305,40.85843105342452,31.69511186815939,31.706240489165182,5,-200,41.43,65.53,100.7,100.7,0.56,44.08,49946.15059999999
1276,2024-01-29,8,Tomato,9,3.0,2.0,0.9557522123893806,17.19589298278436,35.06073292914079,28.320550632991743,28.287611000729953,5,113,56.71,64.01,100.7,100.7,0.56,44.08,49946.15059999999
1277,2024-01-30,8,Tomato,1,3.0,1.0,-0.3004385964912281,20.37723735764568,25.935403448963687,27.20826215444678,27.200568235199626,593,456,38.31,0.0,100.7,100.7,0.56,44.08,49946.15059999999
1278,2024-01-31,8,Tomato,5,2.0,3.0,0.0110294117647058,15.560454028573275,38.25176628382233,28.242491190824456,28.247187822608986,807,816,46.04,0.0,100.7,100.7,0.56,44.08,49946.15059999999
1279,2024-02-01,8,Tomato,4,3.0,2.0,-0.0097087378640776,17.80144781017836,46.79944006115956,33.45216595485164,33.46400528161557,1040,1030,45.1,0.0,100.7,100.7,0.56,44.08,49946.15059999999
1280,2024-02-02,8,Tomato,8,3.0,1.0,0.1694444444444444,17.782728212705887,18.369023516038745,22.134871133644005,22.091471240591225,598,720,53.92,27.99,100.7,100.7,0.56,44.08,49946.15059999999
1281,2024-02-03,8,Tomato,6,3.0,4.0,0.0623020063357973,14.8897473090111,36.03876802248551,26.87862992643221,26.82376244282774,888,947,53.83,0.0,100.7,100.7,0.56,44.08,49946.15059999999
1282,2024-02-04,8,Tomato,10,3.0,3.0,1.33,15.65503536578608,62.54283698804962,37.95255153184969,38.027128351251946,33,-100,47.48,91.02,100.7,100.7,0.56,44.08,49946.15059999999
1283,2024-02-05,8,Tomato,2,3.0,4.0,-0.2045454545454545,13.076523315566554,46.726367185680935,29.5671452398728,29.635121770786522,159,132,48.82,31.72,100.7,100.7,0.56,44.08,49946.15059999999
1284,2024-02-06,8,Tomato,9,3.0,4.0,1.0,12.902407725994667,42.59832495003476,27.81394512979183,27.846016969445696,0,226,42.71,78.63,100.7,100.7,0.56,44.08,49946.15059999999
1285,2024-02-07,8,Tomato,6,3.0,3.0,0.071875,16.25313760306155,32.62814830429086,26.5090921342506,26.55768828331884,594,640,37.47,0.0,100.7,100.7,0.56,44.08,49946.15059999999
1286,2024-02-08,8,Tomato,5,3.0,3.0,0.0174102285092492,17.586014141394855,33.2167016212603,27.79956566799064,27.864678888148873,903,919,45.86,0.0,100.7,100.7,0.56,44.08,49946.15059999999
1287,2024-02-09,8,Tomato,3,3.0,3.0,-0.045771144278607,17.27604806699091,39.16711604300037,30.00129040295599,29.99250213646329,1051,1005,48.6,0.0,100.7,100.7,0.56,44.08,49946.15059999999
1288,2024-02-10,8,Tomato,4,2.0,2.0,-0.0337777777777776,16.680049196519306,56.02863629377136,36.23230865236729,36.24910929024647,1163,1125,54.2,0.0,100.7,100.7,0.56,44.08,49946.15059999999
1289,2024-02-11,8,Tomato,1,3.0,2.0,-0.456140350877193,17.726034306302182,44.65589190894931,32.603490439709574,32.54704726066501,498,342,54.28,37.92,100.7,100.7,0.56,44.08,49946.15059999999
1290,2024-02-12,8,Tomato,9,4.0,4.0,1.0,14.820604408601351,31.27841602229177,24.940493824073645,24.866477361534184,0,-146,46.55,225.93,100.7,100.7,0.56,44.08,49946.15059999999
1291,2024-02-13,8,Tomato,8,3.0,3.0,0.1711309523809523,15.45493450302448,51.76786962383864,33.56966129008016,33.56179030033434,557,672,47.2,0.0,100.7,100.7,0.56,44.08,49946.15059999999
1292,2024-02-14,8,Tomato,5,3.0,3.0,0.0067039106145251,17.475043026827763,37.07405792841909,29.393830490263497,29.316387982121782,889,895,43.7,0.0,100.7,100.7,0.56,44.08,49946.15059999999
1293,2024-02-15,8,Tomato,5,3.0,3.0,0.0137614678899082,16.866237458897867,56.97346481013949,36.783586606681126,36.776281588275886,1075,1090,42.06,0.0,100.7,100.7,0.56,44.08,49946.15059999999
1294,2024-02-16,8,Tomato,1,3.0,3.0,-0.3052749719416385,15.579622372406476,34.33396975362296,26.675546267036868,26.697507864068687,1163,891,40.85,0.0,100.7,100.7,0.56,44.08,49946.15059999999
1295,2024-02-17,8,Tomato,5,3.0,2.0,0.003030303030303,18.64158877225583,29.96734243096111,27.40344727715381,27.415486284535604,329,330,59.36,48.15,100.7,100.7,0.56,44.08,49946.15059999999
1296,2024-02-18,8,Tomato,2,3.0,5.0,-0.1549755301794453,13.415997497905746,41.7462957781357,27.97855930967853,27.91866431560845,708,613,47.28,0.0,100.7,100.7,0.56,44.08,49946.15059999999
1297,2024-02-19,8,Tomato,1,3.0,4.0,-0.3411214953271029,14.962642625422816,49.82326983800298,32.31869898690445,32.38906339768043,861,642,47.87,6.33,100.7,100.7,0.56,44.08,49946.15059999999
1298,2024-02-20,8,Tomato,2,3.0,3.0,-0.1326530612244898,15.433204451087494,50.3744479673091,32.98591278168241,32.98766656405682,666,588,44.02,15.65,100.7,100.7,0.56,44.08,49946.15059999999
1299,2024-02-21,8,Tomato,2,3.0,2.0,-0.2127139364303178,17.633069759547542,41.59191766668812,31.258093157329125,31.24828006874778,496,409,54.39,23.22,100.7,100.7,0.56,44.08,49946.15059999999
1300,2024-02-22,8,Tomato,6,3.0,3.0,0.0645161290322581,16.00477039583047,30.119033120313887,25.36958379805186,25.35560629895496,812,868,42.66,0.0,100.7,100.7,0.56,44.08,49946.15059999999
1301,2024-02-23,8,Tomato,3,3.0,5.0,-0.0541125541125542,13.47701650641877,34.94659278102115,25.24182850037733,25.251365986347757,974,924,49.89,0.0,100.7,100.7,0.56,44.08,49946.15059999999
1302,2024-02-24,8,Tomato,2,4.0,3.0,-0.1596292481977343,17.02800835963213,19.817181316457837,22.073718501421013,22.06305529173427,1126,971,46.7,0.0,100.7,100.7,0.56,44.08,49946.15059999999
1303,2024-02-25,8,Tomato,6,3.0,1.0,0.0803981623277182,18.17509263093379,30.8687846243118,27.4021940353693,27.400450400354796,1201,1306,53.33,0.0,100.7,100.7,0.56,44.08,49946.15059999999
1304,2024-02-26,8,Tomato,7,3.0,3.0,0.1075757575757575,17.478609066266053,38.21543185102737,29.739464587750167,29.7752156824849,1178,1320,49.07,0.0,100.7,100.7,0.56,44.08,49946.15059999999
1305,2024-02-27,8,Tomato,4,3.0,3.0,-0.0343434343434343,17.238309843210978,43.89002140653479,31.95573636862964,31.84887619206126,512,495,45.94,41.61,100.7,100.7,0.56,44.08,49946.15059999999
1306,2024-02-28,8,Tomato,1,3.0,4.0,-0.4123376623376624,12.251373006517865,36.60545678535221,24.96525862965674,24.92841606261318,870,616,51.93,0.0,100.7,100.7,0.56,44.08,49946.15059999999
1307,2024-02-29,8,Tomato,6,3.0,3.0,0.0535714285714286,14.200227046513032,39.430209450222605,27.615706249790776,27.62408832727125,53,56,54.43,78.12,101.0,101.0,0.56,44.08,49946.15059999999
1308,2024-03-01,8,Tomato,9,3.0,2.0,1.0,16.9641612173444,36.03814555250183,28.458001243202336,28.49171697542675,0,62,52.85,149.45,101.0,101.0,0.56,44.08,49946.15059999999
1309,2024-03-02,8,Tomato,1,3.0,4.0,-0.2235772357723577,15.890223630491224,47.5102530418977,32.2677505670636,32.210994081313444,602,492,54.25,0.0,101.0,101.0,0.56,44.08,49946.15059999999
1310,2024-03-03,8,Tomato,8,3.0,3.0,0.1672862453531598,17.045115203997625,31.00887061573461,26.54474339904515,26.547706627632657,224,269,49.79,42.63,101.0,101.0,0.56,44.08,49946.15059999999
1311,2024-03-04,8,Tomato,1,3.0,3.0,-3.333333333333333,13.467314646074092,48.37547914146327,30.751449008335342,30.60818142378965,26,6,51.37,67.69,101.0,101.0,0.56,44.08,49946.15059999999
1312,2024-03-05,8,Tomato,1,3.0,3.0,-0.4252577319587629,15.877010471430228,59.60880812513911,37.02333542105222,37.03354050908482,553,388,50.05,0.0,101.0,101.0,0.56,44.08,49946.15059999999
1313,2024-03-06,8,Tomato,5,3.0,4.0,0.0369127516778523,13.220437962207589,44.727896560219314,28.905378646931183,28.952499236920307,861,894,51.83,0.0,101.0,101.0,0.56,44.08,49946.15059999999
1314,2024-03-07,8,Tomato,8,3.0,3.0,0.1439588688946015,12.092642874761188,34.72908389775958,24.064362935971104,24.05118852392626,999,1167,49.79,0.0,101.0,101.0,0.56,44.08,49946.15059999999
1315,2024-03-08,8,Tomato,5,3.0,2.0,0.0224719101123596,16.591558177013773,34.63729855913215,27.63691933820575,27.63246172746427,1131,1157,45.45,0.0,101.0,101.0,0.56,44.08,49946.15059999999
1316,2024-03-09,8,Tomato,4,3.0,3.0,-0.0051282051282051,17.68517759291396,52.098372221840975,35.381568431335545,35.48733859639752,1176,1170,55.19,0.0,101.0,101.0,0.56,44.08,49946.15059999999
1317,2024-03-10,8,Tomato,2,3.0,3.0,-0.1227573182247403,16.491232855803553,28.734105741280025,25.171170155435775,25.193554390379752,1189,1059,52.52,0.0,101.0,101.0,0.56,44.08,49946.15059999999
1318,2024-03-11,8,Tomato,9,3.0,2.0,0.9642857142857144,15.934007039470668,30.46195579727436,25.4135671784169,25.435691712828003,4,112,46.6,115.23,101.0,101.0,0.56,44.08,49946.15059999999
1319,2024-03-12,8,Tomato,9,3.0,5.0,1.0,12.875971316341468,28.355515461295354,22.12454506078104,22.1349910432456,0,102,57.29,107.96,101.0,101.0,0.56,44.08,49946.15059999999
1320,2024-03-13,8,Tomato,1,3.0,2.0,-0.4571428571428571,18.012214134195094,27.21486159479314,25.7642046578918,25.80978501302547,510,350,50.66,0.0,101.0,101.0,0.56,44.08,49946.15059999999
1321,2024-03-14,8,Tomato,3,3.0,2.0,-0.1022280471821757,15.911910205248118,29.55183680620143,24.983103259524647,25.054344420314422,841,763,55.68,0.0,101.0,101.0,0.56,44.08,49946.15059999999
1322,2024-03-15,8,Tomato,4,2.0,2.0,-0.0096153846153845,19.919124010411537,47.89904941785493,35.63282087804229,35.60627488115128,210,208,59.29,52.11,101.0,101.0,0.56,44.08,49946.15059999999
1323,2024-03-16,8,Tomato,3,2.0,2.0,-0.0688073394495412,17.884628616553933,51.022825645880246,35.18764110939576,35.218070191599956,699,654,56.51,0.0,101.0,101.0,0.56,44.08,49946.15059999999
1324,2024-03-17,8,Tomato,8,3.0,5.0,0.1529987760097919,11.989749146695704,33.02926927639817,23.252321955295788,23.28939563234809,692,817,61.79,14.2,101.0,101.0,0.56,44.08,49946.15059999999
1325,2024-03-18,8,Tomato,2,2.0,1.0,-0.1605562579013906,17.510099360511777,42.0733404604569,31.299418959201287,31.3417100980008,918,791,50.14,0.0,101.0,101.0,0.56,44.08,49946.15059999999
1326,2024-03-19,8,Tomato,9,3.0,4.0,0.4397590361445783,13.206929524853685,47.59156675108234,30.078554158328537,30.08562478400637,93,166,58.55,69.15,101.0,101.0,0.56,44.08,49946.15059999999
1327,2024-03-20,8,Tomato,10,3.0,3.0,1.2777777777777777,14.481009019141872,41.00564203097163,28.492496383937805,28.479246911735295,15,-54,53.34,69.47,101.0,101.0,0.56,44.08,49946.15059999999
1328,2024-03-21,8,Tomato,5,4.0,4.0,0.0035906642728904,15.498486646479702,30.45057242382761,25.11243523603283,25.08090723959102,555,557,52.63,0.0,101.0,101.0,0.56,44.08,49946.15059999999
1329,2024-03-22,8,Tomato,4,4.0,2.0,-0.0363196125907989,15.811875099274792,25.295982648619187,23.22023416396676,23.27375495476203,856,826,54.31,0.0,101.0,101.0,0.56,44.08,49946.15059999999
1330,2024-03-23,8,Tomato,6,3.0,2.0,0.0412272291466921,16.79513043123493,50.10427553125509,33.953849687612255,33.97497146047226,1000,1043,55.87,0.0,101.0,101.0,0.56,44.08,49946.15059999999
1331,2024-03-24,8,Tomato,1,3.0,3.0,-3.655172413793103,13.954289918391572,44.9617941228838,29.580874197465786,29.6360868635326,135,29,57.93,61.04,101.0,101.0,0.56,44.08,49946.15059999999
1332,2024-03-25,8,Tomato,5,3.0,4.0,-0.0015128593040847,13.698615991486706,45.76955893398654,29.597101367112863,29.753167530355583,662,661,52.05,0.0,101.0,101.0,0.56,44.08,49946.15059999999
1333,2024-03-26,8,Tomato,8,4.0,2.0,0.1573556797020484,17.201210403466153,28.923530990989697,25.83817041570538,25.840176731594624,905,1074,62.6,0.0,101.0,101.0,0.56,44.08,49946.15059999999
1334,2024-03-27,8,Tomato,8,3.0,3.0,0.1820408163265305,15.973499464131947,42.34977192889052,30.294708518736805,30.21643622523017,1002,1225,60.65,0.0,101.0,101.0,0.56,44.08,49946.15059999999
1335,2024-03-28,8,Tomato,4,3.0,4.0,-0.0297219558964525,16.34874609740305,46.28999587456822,32.12109939041738,32.092256395113225,1074,1043,50.87,0.0,101.0,101.0,0.56,44.08,49946.15059999999
1336,2024-03-29,8,Tomato,3,3.0,6.0,-0.0446735395189004,11.61263329661068,43.14033843647145,27.020889014069976,27.025330935874095,1216,1164,66.21,0.0,101.0,101.0,0.56,44.08,49946.15059999999
1337,2024-03-30,8,Tomato,3,3.0,3.0,-0.0468187274909963,15.645725233369353,32.54976783192311,26.041311276594996,26.037907405175147,872,833,68.47,18.88,101.0,101.0,0.56,44.08,49946.15059999999
1338,2024-03-31,8,Tomato,7,3.0,4.0,0.1319148936170212,14.218541633877008,50.12260510065336,31.8651343423132,31.910251370831926,204,235,65.11,52.39,102.93,102.93,0.56,44.08,49946.15059999999
1339,2024-04-01,8,Tomato,2,3.0,3.0,-0.1826086956521739,14.15874725396626,24.723680518212262,21.710355392556284,21.71571657570285,544,460,58.54,8.84,102.93,102.93,0.56,44.08,49946.15059999999
1340,2024-04-02,8,Tomato,3,2.0,1.0,-0.0612980769230768,17.843869608449154,49.28741924806941,34.46867792333421,34.492026505068125,883,832,54.31,0.0,102.93,102.93,0.56,44.08,49946.15059999999
1341,2024-04-03,8,Tomato,2,3.0,3.0,-0.2056451612903225,13.808657542054975,50.81055944087073,31.828514098388904,31.855456934273384,897,744,65.16,9.74,102.93,102.93,0.56,44.08,49946.15059999999
1342,2024-04-04,8,Tomato,1,2.0,3.0,-0.5735294117647058,13.81420678734794,55.72330317535225,33.860969311509486,33.822479210238555,321,204,58.1,39.9,102.93,102.93,0.56,44.08,49946.15059999999
1343,2024-04-05,8,Tomato,4,3.0,3.0,-0.0357142857142858,15.337978793196507,36.57507809749557,27.530407631774388,27.39846844297251,725,700,66.45,0.0,102.93,102.93,0.56,44.08,49946.15059999999
1344,2024-04-06,8,Tomato,9,3.0,3.0,1.0,16.900577661294687,30.005699834384792,26.106014538111403,26.030722258182657,0,-24,61.6,195.59,102.93,102.93,0.56,44.08,49946.15059999999
1345,2024-04-07,8,Tomato,9,3.0,3.0,0.7161016949152542,14.231970540503829,47.9388036230838,31.05749423057048,31.0486581471562,67,236,65.67,39.01,102.93,102.93,0.56,44.08,49946.15059999999
1346,2024-04-08,8,Tomato,8,3.0,2.0,0.1884816753926701,18.468288071560124,33.007847209130254,28.521975073636,28.49075249670649,620,764,62.79,0.0,102.93,102.93,0.56,44.08,49946.15059999999
1347,2024-04-09,8,Tomato,3,3.0,2.0,-0.0919674039580908,18.89969505072244,40.43995511443989,31.83887345805739,31.806685476556684,938,859,64.76,0.0,102.93,102.93,0.56,44.08,49946.15059999999
1348,2024-04-10,8,Tomato,9,3.0,3.0,0.4109947643979057,14.237105867063072,36.82537782839928,26.58745892372588,26.613158503907727,225,382,61.51,49.37,102.93,102.93,0.56,44.08,49946.15059999999
1349,2024-04-11,8,Tomato,2,3.0,3.0,-0.1332288401253918,15.50983648884629,30.97928028586915,25.33177650909973,25.301244587674667,723,638,70.61,0.0,102.93,102.93,0.56,44.08,49946.15059999999
1350,2024-04-12,8,Tomato,6,3.0,3.0,0.0727816550348953,14.442649054684772,43.20999466184892,29.26606750356208,29.329000910100152,930,1003,62.53,0.0,102.93,102.93,0.56,44.08,49946.15059999999
1351,2024-04-13,8,Tomato,9,5.0,5.0,1.0,12.629235790257546,26.07984083441964,20.995060046381315,21.027476857742982,0,10,64.13,206.45,102.93,102.93,0.56,44.08,49946.15059999999
1352,2024-04-14,8,Tomato,1,3.0,3.0,-0.4347826086956521,16.606022100912316,45.9220568164404,32.16557805082632,32.15216718416653,594,414,71.76,0.0,102.93,102.93,0.56,44.08,49946.15059999999
1353,2024-04-15,8,Tomato,9,3.0,2.0,1.0,17.46718973645874,30.33068911543265,26.5852880522222,26.616208466288988,0,-166,55.83,102.02,102.93,102.93,0.56,44.08,49946.15059999999
1354,2024-04-16,8,Tomato,1,3.0,1.0,-0.2559808612440191,20.023728526253123,22.682686535320737,25.679881367282302,25.616876843726185,525,418,56.44,0.0,102.93,102.93,0.56,44.08,49946.15059999999
