data/data_demo.csv
,Date,ProductID,Product,Low_Stock_Priority,Demand_Priority,Profitability_Priority,Low_Stock_Risk,cp,price_market,a,pred_s3,OrderQuantity,Inventory,Temperature,Rainfall,CPI,MCPI,Female,Age,Income
1355,2024-04-17,8,Tomato,9,2.0,2.0,1.0,14.205180992737326,39.49892541209707,27.696116980756457,27.655523081820398,0,77,67.86,153.64,102.93,102.93,0.56,44.08,49946.15059999999
1356,2024-04-18,8,Tomato,1,3.0,2.0,-0.6823529411764706,18.672470181625243,44.31633852811223,33.14540965048679,33.172506582554966,143,85,57.37,28.63,102.93,102.93,0.56,44.08,49946.15059999999
1357,2024-04-19,8,Tomato,9,3.0,2.0,0.7839506172839507,18.684707382515903,45.76934597053224,33.73197530856995,33.76279988688285,35,162,73.18,60.88,102.93,102.93,0.56,44.08,49946.15059999999
1358,2024-04-20,8,Tomato,5,3.0,3.0,0.0035149384885764,16.395706619134305,48.18353730827161,32.89932874902675,32.886459543292275,567,569,61.62,0.0,102.93,102.93,0.56,44.08,49946.15059999999
1359,2024-04-21,8,Tomato,9,4.0,3.0,1.0,17.20432697915213,16.463596003095866,20.79612342012794,20.865145547278757,0,-103,60.17,121.11,102.93,102.93,0.56,44.08,49946.15059999999
1360,2024-04-22,8,Tomato,10,3.0,3.0,1.0120481927710845,17.746546096601406,29.948555690433285,26.70643975111917,26.688205433161812,1,-83,73.75,68.98,102.93,102.93,0.56,44.08,49946.15059999999
1361,2024-04-23,8,Tomato,9,2.0,1.0,1.0,19.9481998964838,41.06652294503032,32.81640399770189,32.9001760815286,0,-5,71.76,130.18,102.93,102.93,0.56,44.08,49946.15059999999
1362,2024-04-24,8,Tomato,7,3.0,2.0,0.0826833073322933,16.95561712523294,55.190032799361454,36.17165732972897,36.13570744884707,588,641,73.92,0.0,102.93,102.93,0.56,44.08,49946.15059999999
1363,2024-04-25,8,Tomato,6,2.0,3.0,0.0422691879866518,15.879724228992629,47.83744493674728,32.330527621294,32.33325840542679,861,899,69.33,0.0,102.93,102.93,0.56,44.08,49946.15059999999
1364,2024-04-26,8,Tomato,9,2.0,3.0,1.0,14.267662401985056,59.01340051848112,35.54022080488506,35.50147871702097,0,-12,60.72,230.39,102.93,102.93,0.56,44.08,49946.15059999999
1365,2024-04-27,8,Tomato,5,3.0,3.0,0.012121212121212,16.610641510024998,34.75060577086001,27.638126220097107,27.693072524349567,652,660,74.8,0.0,102.93,102.93,0.56,44.08,49946.15059999999
1366,2024-04-28,8,Tomato,4,3.0,3.0,-0.0126050420168066,18.04832986554614,42.74416995282009,32.04858113391936,32.0425298323252,964,952,64.13,0.0,102.93,102.93,0.56,44.08,49946.15059999999
1367,2024-04-29,8,Tomato,9,3.0,3.0,1.0,16.489220722658946,29.00029192430693,25.41211073492556,25.2982732395865,0,30,69.71,113.69,102.93,102.93,0.56,44.08,49946.15059999999
1368,2024-04-30,8,Tomato,6,3.0,4.0,0.0780287474332649,14.440153502149991,35.95647780376,26.411853085600963,26.4293342954555,449,487,70.66,9.77,103.34,103.34,0.56,44.08,49946.15059999999
1369,2024-05-01,8,Tomato,8,4.0,3.0,0.1968503937007873,16.178152404993128,32.64704281717027,26.517209043879063,26.504934694457216,102,127,65.37,58.3,103.34,103.34,0.56,44.08,49946.15059999999
1370,2024-05-02,8,Tomato,8,3.0,4.0,0.1482517482517482,15.741693035079772,33.660113406832785,26.632678138284803,26.558647489721608,609,715,69.44,0.0,103.34,103.34,0.56,44.08,49946.15059999999
1371,2024-05-03,8,Tomato,1,3.0,2.0,-0.2636363636363636,16.529477515511413,36.06550878814337,28.187870734909488,28.1530839809082,278,220,71.2,37.01,103.34,103.34,0.56,44.08,49946.15059999999
1372,2024-05-04,8,Tomato,2,3.0,4.0,-0.1387096774193548,12.6763032655635,40.027175398906806,26.67350704622076,26.63705655046901,706,620,68.7,0.0,103.34,103.34,0.56,44.08,49946.15059999999
1373,2024-05-05,8,Tomato,9,3.0,3.0,1.0,17.101577228205464,40.22212664516484,30.219427977004248,30.273655337529487,0,57,61.54,165.81,103.34,103.34,0.56,44.08,49946.15059999999
1374,2024-05-06,8,Tomato,4,3.0,3.0,-0.0207336523125996,17.190846313527445,45.43453439582726,32.36261139053803,32.42771428250323,640,627,68.75,0.0,103.34,103.34,0.56,44.08,49946.15059999999
1375,2024-05-07,8,Tomato,5,3.0,3.0,0.0240334378265413,16.88970687637302,41.39988467386859,30.574390992679977,30.573768141826566,934,957,74.12,0.0,103.34,103.34,0.56,44.08,49946.15059999999
1376,2024-05-08,8,Tomato,1,3.0,3.0,-0.7826086956521738,15.992474365709953,36.55954371150375,27.894635184403807,27.918595285317203,82,46,64.24,66.64,103.34,103.34,0.56,44.08,49946.15059999999
1377,2024-05-09,8,Tomato,8,4.0,4.0,0.1584699453551912,12.388127474793157,34.774214584680536,24.31923490301798,24.306840436462753,616,732,67.18,0.0,103.34,103.34,0.56,44.08,49946.15059999999
1378,2024-05-10,8,Tomato,8,3.0,3.0,0.1989389920424403,15.961354416057471,36.92868279841316,28.05083948591222,28.04103417470504,906,1131,65.98,0.0,103.34,103.34,0.56,44.08,49946.15059999999
1379,2024-05-11,8,Tomato,2,3.0,2.0,-0.1688311688311687,18.121429998684334,35.50962858553034,29.167174041217468,29.211236187446254,990,847,77.63,0.0,103.34,103.34,0.56,44.08,49946.15059999999
1380,2024-05-12,8,Tomato,1,3.0,4.0,-1.4444444444444446,14.279742247415076,44.9097105518198,29.91238316996068,29.877002754636806,88,36,71.96,69.38,103.34,103.34,0.56,44.08,49946.15059999999
1381,2024-05-13,8,Tomato,6,3.0,5.0,0.0459259259259259,12.021461067677432,48.65525190671262,29.672197426256552,29.557218762420625,644,675,70.86,0.0,103.34,103.34,0.56,44.08,49946.15059999999
1382,2024-05-14,8,Tomato,3,3.0,5.0,-0.0528789659224442,12.918884056258612,52.74044537947084,31.880818347426203,31.910875893879616,896,851,65.2,0.0,103.34,103.34,0.56,44.08,49946.15059999999
1383,2024-05-15,8,Tomato,9,3.0,2.0,1.0,16.628051383641207,32.022972400595826,26.58815274922525,26.617428890884828,0,-51,71.97,107.77,103.34,103.34,0.56,44.08,49946.15059999999
1384,2024-05-16,8,Tomato,4,3.0,3.0,-0.0018484288354898,16.745752017704874,44.6937222533875,31.7716099825849,31.773835962227118,542,541,66.13,0.0,103.34,103.34,0.56,44.08,49946.15059999999
1385,2024-05-17,8,Tomato,8,3.0,3.0,0.1453488372093023,17.772586389242935,26.053203584073245,25.19637352872068,25.153017937053022,882,1032,69.88,0.0,103.34,103.34,0.56,44.08,49946.15059999999
1386,2024-05-18,8,Tomato,3,3.0,2.0,-0.1008492569002124,15.889482008540694,43.73174718252578,30.644965379808784,30.700947230589023,1037,942,66.76,0.0,103.34,103.34,0.56,44.08,49946.15059999999
1387,2024-05-19,8,Tomato,4,2.0,6.0,-0.0440677966101694,12.99934324804286,50.826722820910646,31.176906321579345,31.211079168877017,924,885,73.55,9.44,103.34,103.34,0.56,44.08,49946.15059999999
1388,2024-05-20,8,Tomato,5,3.0,5.0,0.0329861111111111,14.362991718812648,38.50410498333005,27.28385231774132,27.385017119577718,1114,1152,73.27,0.0,103.34,103.34,0.56,44.08,49946.15059999999
1389,2024-05-21,8,Tomato,5,2.0,2.0,0.0352053646269907,17.637678745198695,50.72636047258873,34.878669074533754,34.901045000268184,1151,1193,69.57,0.0,103.34,103.34,0.56,44.08,49946.15059999999
1390,2024-05-22,8,Tomato,5,3.0,3.0,0.0,16.280991814878952,28.614321296845237,25.00452925894235,24.97663074665509,1232,1232,72.82,0.0,103.34,103.34,0.56,44.08,49946.15059999999
1391,2024-05-23,8,Tomato,2,3.0,3.0,-0.1901544401544401,17.299659269359957,31.11354716908363,26.838407518570328,26.79422254734299,1233,1036,65.6,0.0,103.34,103.34,0.56,44.08,49946.15059999999
1392,2024-05-24,8,Tomato,6,3.0,3.0,0.0563939634630659,16.86957761092208,38.64190157356313,29.470280401228305,29.455812050977883,1188,1259,63.83,0.0,103.34,103.34,0.56,44.08,49946.15059999999
1393,2024-05-25,8,Tomato,2,2.0,2.0,-0.1330798479087451,15.590078896539408,50.222103545858246,33.0308566866057,33.052962862018084,1192,1052,73.71,0.0,103.34,103.34,0.56,44.08,49946.15059999999
1394,2024-05-26,8,Tomato,7,4.0,3.0,0.1269430051813471,15.651986324983932,35.825705436580115,27.387194815304312,27.351625219276514,674,772,72.57,27.45,103.34,103.34,0.56,44.08,49946.15059999999
1395,2024-05-27,8,Tomato,2,2.0,2.0,-0.1478696741854637,19.71420453951172,35.46446899091225,30.467367157505084,30.474073893161474,916,798,75.13,0.0,103.34,103.34,0.56,44.08,49946.15059999999
1396,2024-05-28,8,Tomato,6,2.0,3.0,0.0784140969162995,16.829348533218443,30.083716416219797,25.90093011311618,26.004607513992752,1046,1135,84.09,0.0,103.34,103.34,0.56,44.08,49946.15059999999
1397,2024-05-29,8,Tomato,3,3.0,3.0,-0.096551724137931,15.742824899367278,42.02881044442621,29.84437935563353,29.902713447745487,1113,1015,77.12,0.0,103.34,103.34,0.56,44.08,49946.15059999999
1398,2024-05-30,8,Tomato,6,3.0,2.0,0.0623501199040766,16.910839981873618,52.466951408944354,35.091045814336454,35.01187266991495,1173,1251,68.06,0.0,103.34,103.34,0.56,44.08,49946.15059999999
1399,2024-05-31,8,Tomato,9,3.0,3.0,1.0,16.445811639248546,47.006801090936925,32.47548000192237,32.45666641152182,0,18,78.43,225.67,103.98,103.98,0.56,44.08,49946.15059999999
1400,2024-06-01,8,Tomato,7,3.0,6.0,0.1324599708879185,11.685287253011078,46.96650654336265,28.566092700328493,28.61224856091887,596,687,66.49,0.0,103.98,103.98,0.56,44.08,49946.15059999999
1401,2024-06-02,8,Tomato,10,3.0,3.0,1.15,17.30016902874463,37.93025525076336,29.55323497870414,29.517794360874774,3,-20,70.99,94.33,103.98,103.98,0.56,44.08,49946.15059999999
1402,2024-06-03,8,Tomato,9,3.0,1.0,0.9090909090909092,19.64187854817935,34.36690640736086,30.013337149475955,29.977452684473313,2,22,73.18,74.72,103.98,103.98,0.56,44.08,49946.15059999999
1403,2024-06-04,8,Tomato,4,3.0,4.0,-0.0138169257340241,14.439440263219872,46.772459164163706,30.7387841747684,30.7495659746884,587,579,82.31,0.0,103.98,103.98,0.56,44.08,49946.15059999999
1404,2024-06-05,8,Tomato,9,2.0,2.0,0.9927536231884058,18.908071497678336,39.68088924365859,31.53169700042545,31.51018741979851,1,138,70.24,77.33,103.98,103.98,0.56,44.08,49946.15059999999
1405,2024-06-06,8,Tomato,3,4.0,3.0,-0.0892857142857141,15.486260605336168,38.26391764280618,28.00757050949382,28.19237718542442,610,560,70.06,0.0,103.98,103.98,0.56,44.08,49946.15059999999
1406,2024-06-07,8,Tomato,4,2.0,2.0,-0.0081206496519721,16.586942795299645,48.98240622403616,33.41119556561359,33.35938283431544,869,862,73.92,0.0,103.98,103.98,0.56,44.08,49946.15059999999
1407,2024-06-08,8,Tomato,8,3.0,2.0,0.1581920903954802,18.140720033946348,38.0221254832727,30.28018399006216,30.230449717359882,149,177,71.32,60.63,103.98,103.98,0.56,44.08,49946.15059999999
1408,2024-06-09,8,Tomato,5,4.0,4.0,0.0123266563944529,14.559997137418382,31.622237406147946,24.740657536655696,24.794253020939525,641,649,80.49,0.0,103.98,103.98,0.56,44.08,49946.15059999999
1409,2024-06-10,8,Tomato,9,3.0,2.0,0.3887147335423198,18.484987825636946,49.09188495330966,34.938848511809184,34.92948855960199,195,319,69.68,45.09,103.98,103.98,0.56,44.08,49946.15059999999
1410,2024-06-11,8,Tomato,8,3.0,3.0,0.2628865979381443,13.571565437281322,40.80719890433867,27.66322588440816,27.6686153845083,715,970,69.57,0.0,103.98,103.98,0.56,44.08,49946.15059999999
1411,2024-06-12,8,Tomato,9,4.0,4.0,1.0,14.249690502172168,29.62970656151308,23.746508552304427,23.748727436746737,0,142,73.34,165.96,103.98,103.98,0.56,44.08,49946.15059999999
1412,2024-06-13,8,Tomato,9,3.0,4.0,1.0,14.812959365304948,28.87094105128384,23.877499890530743,23.898583025732343,0,-9,73.26,106.85,103.98,103.98,0.56,44.08,49946.15059999999
1413,2024-06-14,8,Tomato,8,3.0,2.0,0.2228335625859697,17.324010732903805,40.95411875826867,30.67424131628777,30.744950737569866,565,727,85.63,0.0,103.98,103.98,0.56,44.08,49946.15059999999
1414,2024-06-15,8,Tomato,7,3.0,3.0,0.09304932735426,15.318251178861058,63.37409661478276,38.19875977415603,38.08836751856235,809,892,80.95,0.0,103.98,103.98,0.56,44.08,49946.15059999999
1415,2024-06-16,8,Tomato,6,4.0,3.0,0.0609418282548476,12.960051080828263,36.07179396453792,25.28124290799882,25.28513169549093,1017,1083,76.86,0.0,103.98,103.98,0.56,44.08,49946.15059999999
1416,2024-06-17,8,Tomato,5,3.0,4.0,0.0333333333333333,15.566934256300344,36.637261409144216,27.61368972091108,27.607431162279376,1131,1170,70.52,0.0,103.98,103.98,0.56,44.08,49946.15059999999
1417,2024-06-18,8,Tomato,3,3.0,4.0,-0.0857142857142856,14.431557234931232,55.23771197617053,34.089860549400626,34.12495476318743,1140,1050,81.09,0.0,103.98,103.98,0.56,44.08,49946.15059999999
1418,2024-06-19,8,Tomato,3,3.0,3.0,-0.0732368896925859,17.462587241680737,39.42718800209485,30.18910163612631,30.246407738216384,1187,1106,72.09,0.0,103.98,103.98,0.56,44.08,49946.15059999999
1419,2024-06-20,8,Tomato,5,4.0,4.0,0.0124575311438278,15.313529891089791,25.51533136752012,22.977586380633657,22.960621636625994,872,883,69.59,15.67,103.98,103.98,0.56,44.08,49946.15059999999
1420,2024-06-21,8,Tomato,1,3.0,3.0,-0.2209302325581394,16.141548151801302,24.27203547451827,23.148372315255905,23.129821670981965,210,172,83.48,57.85,103.98,103.98,0.56,44.08,49946.15059999999
1421,2024-06-22,8,Tomato,7,3.0,3.0,0.0861244019138756,15.189055085718657,52.2666397378748,33.60179617219109,33.547225651724304,191,209,79.35,34.97,103.98,103.98,0.56,44.08,49946.15059999999
1422,2024-06-23,8,Tomato,3,3.0,2.0,-0.0947546531302876,16.867877936460577,46.66354542250189,32.7149092182939,32.65895894516537,647,591,82.59,0.0,103.98,103.98,0.56,44.08,49946.15059999999
1423,2024-06-24,8,Tomato,2,3.0,3.0,-0.1299999999999999,15.632818473058892,48.26125708431193,32.30024723514685,32.30400754017559,904,800,79.81,0.0,103.98,103.98,0.56,44.08,49946.15059999999
1424,2024-06-25,8,Tomato,9,3.0,3.0,1.0,16.65039742937413,39.42243441621287,29.567081556784807,29.591361555965154,0,-24,82.72,136.45,103.98,103.98,0.56,44.08,49946.15059999999
1425,2024-06-26,8,Tomato,3,3.0,5.0,-0.0950413223140496,10.81322287051658,32.732879740172024,22.28107088412452,22.224853445459722,530,484,75.4,0.0,103.98,103.98,0.56,44.08,49946.15059999999
1426,2024-06-27,8,Tomato,1,3.0,3.0,-0.2745098039215685,16.19450175395557,37.82836884275833,28.555076980096267,28.587936376000375,845,663,73.71,0.0,103.98,103.98,0.56,44.08,49946.15059999999
1427,2024-06-28,8,Tomato,5,3.0,2.0,0.0027829313543599,16.827827340220466,41.360312173743765,30.54997466646877,30.50819726816161,1075,1078,82.51,0.0,103.98,103.98,0.56,44.08,49946.15059999999
1428,2024-06-29,8,Tomato,6,3.0,3.0,0.0485436893203883,15.601439890170816,31.61688844301299,25.646632303703964,25.629624144952597,1176,1236,75.31,0.0,103.98,103.98,0.56,44.08,49946.15059999999
1429,2024-06-30,8,Tomato,5,3.0,2.0,0.0326433121019108,17.338784942785082,45.61449909551126,32.67457891416175,32.61857655644877,1215,1256,76.11,0.0,105.16,105.16,0.56,44.08,49946.15059999999
1430,2024-07-01,8,Tomato,7,3.0,3.0,0.0807498197548666,17.47721405798564,27.404038312002783,25.47690615563202,25.455121350557896,1275,1387,77.5,0.0,105.16,105.16,0.56,44.08,49946.15059999999
1431,2024-07-02,8,Tomato,6,3.0,2.0,0.0788381742738589,18.608427783699007,36.67241235424776,30.002984877463756,30.067383145793638,222,241,80.09,62.04,105.16,105.16,0.56,44.08,49946.15059999999
537,2024-01-06,4,Cauliflower,5,7.0,7.0,0.0149253731343284,7.19740438973298,21.31573967908069,7.668448776972196,7.639402855388282,858,871,42.22,0.0,100.7,100.7,0.56,44.08,49946.15059999999
538,2024-01-07,4,Cauliflower,3,7.0,7.0,-0.0769230769230768,7.366689409895786,5.944399526081101,4.640608711392408,4.637096778150652,1022,949,45.34,0.0,100.7,100.7,0.56,44.08,49946.15059999999
539,2024-01-08,4,Cauliflower,2,7.0,7.0,-0.197,9.193812962495908,16.502178198884632,7.458528676101658,7.4800272318933185,1197,1000,51.87,0.0,100.7,100.7,0.56,44.08,49946.15059999999
540,2024-01-09,4,Cauliflower,8,7.0,8.0,0.25,6.025426613084695,40.23471949769974,10.924774943994256,10.947472166928524,588,784,50.23,62.52,100.7,100.7,0.56,44.08,49946.15059999999
541,2024-01-10,4,Cauliflower,2,7.0,7.0,-0.1365227537922986,7.197530580177635,25.053869385773428,8.380831988966051,8.38611938093351,974,857,36.23,0.0,100.7,100.7,0.56,44.08,49946.15059999999
542,2024-01-11,4,Cauliflower,2,7.0,7.0,-0.1748466257668712,6.3998350478307975,23.59249156513457,7.700860275247416,7.7737277233772755,1149,978,46.09,0.0,100.7,100.7,0.56,44.08,49946.15059999999
543,2024-01-12,4,Cauliflower,2,7.0,6.0,-0.1176470588235294,5.913741003929289,4.175055220182415,3.781030394523111,3.6999289036095,1159,1037,40.81,5.22,100.7,100.7,0.56,44.08,49946.15059999999
544,2024-01-13,4,Cauliflower,2,7.0,8.0,-0.1351111111111111,6.285843622657671,42.436018945826405,11.529751770248092,11.491794834438126,1277,1125,41.27,0.0,100.7,100.7,0.56,44.08,49946.15059999999
545,2024-01-14,4,Cauliflower,9,8.0,7.0,0.6049382716049383,9.354924338692824,5.772050913736573,5.391258066513779,5.401487723046528,64,162,44.06,154.3,100.7,100.7,0.56,44.08,49946.15059999999
546,2024-01-15,4,Cauliflower,8,7.0,7.0,0.141812865497076,8.103640778964843,39.22324755444399,11.555115583733368,11.580405074604418,587,684,42.95,0.0,100.7,100.7,0.56,44.08,49946.15059999999
547,2024-01-16,4,Cauliflower,8,8.0,7.0,0.2556591211717709,6.24167874232985,-1.150560151878075,2.763042485548438,2.7679297623847545,559,751,49.73,26.71,100.7,100.7,0.56,44.08,49946.15059999999
548,2024-01-17,4,Cauliflower,7,7.0,7.0,0.1278846153846153,7.537796784814007,34.0536543872442,10.365739338487584,10.320474151831293,907,1040,46.49,0.0,100.7,100.7,0.56,44.08,49946.15059999999
549,2024-01-18,4,Cauliflower,5,7.0,9.0,0.0036264732547597,4.722385385755644,36.180542690002255,9.675635086863656,9.61415308960241,1099,1103,43.51,0.0,100.7,100.7,0.56,44.08,49946.15059999999
550,2024-01-19,4,Cauliflower,7,7.0,7.0,0.0927536231884057,6.533374384832669,11.755908786721657,5.419346964774112,5.4631036388358805,626,690,45.35,52.33,100.7,100.7,0.56,44.08,49946.15059999999
551,2024-01-20,4,Cauliflower,3,7.0,5.0,-0.0931034482758621,12.299149069734574,24.225803722728827,10.216143934430912,10.270404540195369,951,870,45.02,0.0,100.7,100.7,0.56,44.08,49946.15059999999
552,2024-01-21,4,Cauliflower,5,7.0,7.0,0.0302013422818792,7.819512300668499,25.47480572104665,8.826677562617144,8.720093146678561,289,298,51.05,77.18,100.7,100.7,0.56,44.08,49946.15059999999
553,2024-01-22,4,Cauliflower,1,7.0,6.0,-1.8285714285714287,9.463317854060785,11.86205516768694,6.714567818047487,6.661473833879101,99,35,42.77,82.35,100.7,100.7,0.56,44.08,49946.15059999999
