data/data_demo.csv
,Date,ProductID,Product,Low_Stock_Priority,Demand_Priority,Profitability_Priority,Low_Stock_Risk,cp,price_market,a,pred_s3,OrderQuantity,Inventory,Temperature,Rainfall,CPI,MCPI,Female,Age,Income
554,2024-01-23,4,Cauliflower,9,7.0,7.0,1.0,7.869023249711034,5.508823892630696,4.784800075451954,4.751917015163123,0,-221,45.59,216.32,100.7,100.7,0.56,44.08,49946.15059999999
555,2024-01-24,4,Cauliflower,9,7.0,6.0,1.0,8.696338470483617,6.822826568592346,5.336168389726049,5.346771846865336,0,-115,39.98,133.65,100.7,100.7,0.56,44.08,49946.15059999999
556,2024-01-25,4,Cauliflower,7,6.0,6.0,0.1032863849765258,9.326516179358348,25.41008219959808,9.358823928576095,9.312636480474524,573,639,31.7,0.0,100.7,100.7,0.56,44.08,49946.15059999999
557,2024-01-26,4,Cauliflower,3,7.0,7.0,-0.0511945392491468,5.790766804947058,19.148843974805946,6.582413858148456,6.64143318419801,924,879,47.96,0.0,100.7,100.7,0.56,44.08,49946.15059999999
558,2024-01-27,4,Cauliflower,8,7.0,7.0,0.26775956284153,7.938127485452082,14.356989666978397,6.623237348653265,6.547041695153743,134,183,49.24,109.97,100.7,100.7,0.56,44.08,49946.15059999999
559,2024-01-28,4,Cauliflower,9,7.0,5.0,0.3818181818181818,11.157730388832976,29.6676801116646,10.894839566629257,10.898792454504852,68,110,41.43,65.53,100.7,100.7,0.56,44.08,49946.15059999999
560,2024-01-29,4,Cauliflower,1,7.0,7.0,-0.9655172413793104,6.408998899893418,25.080679093914775,8.119278453848262,8.074664773193089,57,29,56.71,64.01,100.7,100.7,0.56,44.08,49946.15059999999
561,2024-01-30,4,Cauliflower,3,7.0,7.0,-0.0556586270871986,6.867120292535562,12.445372736343666,5.7682335530277165,5.734908983647381,569,539,38.31,0.0,100.7,100.7,0.56,44.08,49946.15059999999
562,2024-01-31,4,Cauliflower,4,8.0,7.0,-0.0042918454935623,7.384617445265997,7.9879848098261075,5.044865394508524,5.0524919287435734,936,932,46.04,0.0,100.7,100.7,0.56,44.08,49946.15059999999
563,2024-02-01,4,Cauliflower,5,6.0,7.0,0.03457216940363,8.538048146352493,25.23261738688077,8.95297441816228,8.96040500688297,1117,1157,45.1,0.0,100.7,100.7,0.56,44.08,49946.15059999999
564,2024-02-02,4,Cauliflower,8,7.0,7.0,0.1418047882136279,9.049835727291764,14.62416631441938,7.105846710864381,7.0470612413797,932,1086,53.92,27.99,100.7,100.7,0.56,44.08,49946.15059999999
565,2024-02-03,4,Cauliflower,3,7.0,6.0,-0.1013513513513513,10.534823309637314,20.992048625315025,8.963663919147061,8.915628043145961,1141,1036,53.83,0.0,100.7,100.7,0.56,44.08,49946.15059999999
566,2024-02-04,4,Cauliflower,1,7.0,7.0,-0.2977777777777777,8.998996466937319,35.762989726277176,11.163584976031345,11.248970774655,292,225,47.48,91.02,100.7,100.7,0.56,44.08,49946.15059999999
567,2024-02-05,4,Cauliflower,1,7.0,7.0,-0.2201834862385321,7.875893748403332,25.0232824007478,8.570393692658069,8.65255692010904,399,327,48.82,31.72,100.7,100.7,0.56,44.08,49946.15059999999
568,2024-02-06,4,Cauliflower,1,7.0,5.0,-4.888888888888889,10.518334259221628,11.377330002467632,6.93548867316437,6.988528966923897,106,18,42.71,78.63,100.7,100.7,0.56,44.08,49946.15059999999
569,2024-02-07,4,Cauliflower,1,6.0,7.0,-0.2271844660194175,9.408222044283164,21.606611898197727,8.539933927437826,8.585746417103518,632,515,37.47,0.0,100.7,100.7,0.56,44.08,49946.15059999999
570,2024-02-08,4,Cauliflower,2,7.0,8.0,-0.1488833746898263,5.008640967485968,10.473550471846124,4.54224018773425,4.59436670167047,926,806,45.86,0.0,100.7,100.7,0.56,44.08,49946.15059999999
571,2024-02-09,4,Cauliflower,3,6.0,4.0,-0.0663366336633664,13.052736480711996,36.08522155948724,12.95174443634536,12.942012136501578,1077,1010,48.6,0.0,100.7,100.7,0.56,44.08,49946.15059999999
572,2024-02-10,4,Cauliflower,5,7.0,5.0,0.0252038547071905,11.539842776393469,14.384212503967792,7.969594388994246,7.999546316455459,1315,1349,54.2,0.0,100.7,100.7,0.56,44.08,49946.15059999999
573,2024-02-11,4,Cauliflower,4,7.0,7.0,-0.023883696780893,7.663571554465852,22.072707469736187,8.040276346821688,7.977894735579288,986,963,54.28,37.92,100.7,100.7,0.56,44.08,49946.15059999999
574,2024-02-12,4,Cauliflower,9,7.0,7.0,1.0,8.75582020347695,23.07732574679432,8.690437119025496,8.617394887946874,0,-101,46.55,225.93,100.7,100.7,0.56,44.08,49946.15059999999
575,2024-02-13,4,Cauliflower,1,6.0,7.0,-0.3827751196172249,10.648717499991678,21.592504683737022,9.076553774869195,9.081324486622684,578,418,47.2,0.0,100.7,100.7,0.56,44.08,49946.15059999999
576,2024-02-14,4,Cauliflower,6,8.0,7.0,0.0390032502708559,7.655598414606235,0.414510448634612,3.7293143530030615,3.6486147240913644,887,923,43.7,0.0,100.7,100.7,0.56,44.08,49946.15059999999
577,2024-02-15,4,Cauliflower,4,7.0,7.0,-0.0199456029011786,9.46070358075404,5.535789360166714,5.392650019841995,5.396795193823145,1125,1103,42.06,0.0,100.7,100.7,0.56,44.08,49946.15059999999
578,2024-02-16,4,Cauliflower,5,7.0,6.0,0.0097014925373134,10.209156947142953,15.476497244309083,7.657222695381503,7.683090894915591,1327,1340,40.85,0.0,100.7,100.7,0.56,44.08,49946.15059999999
579,2024-02-17,4,Cauliflower,5,6.0,8.0,0.0340632603406325,5.970348184531118,23.194318333315305,7.530242227440204,7.521639705513112,794,822,59.36,48.15,100.7,100.7,0.56,44.08,49946.15059999999
580,2024-02-18,4,Cauliflower,5,8.0,7.0,0.0180995475113122,6.795336292834276,18.622207857142293,6.989819088661823,6.93984875082408,1085,1105,47.28,0.0,100.7,100.7,0.56,44.08,49946.15059999999
581,2024-02-19,4,Cauliflower,5,7.0,6.0,0.0230452674897119,9.842816795621165,10.428525268489832,6.442108723311438,6.527607958067329,1187,1215,47.87,6.33,100.7,100.7,0.56,44.08,49946.15059999999
582,2024-02-20,4,Cauliflower,5,7.0,7.0,0.0170098478066248,8.921628954297661,6.515756808782991,5.36137297736444,5.375952090199686,1098,1117,44.02,15.65,100.7,100.7,0.56,44.08,49946.15059999999
583,2024-02-21,4,Cauliflower,3,7.0,7.0,-0.0783200908059023,9.847593120627891,15.984424555006564,7.650792442268314,7.63927980885628,950,881,54.39,23.22,100.7,100.7,0.56,44.08,49946.15059999999
584,2024-02-22,4,Cauliflower,4,8.0,7.0,-0.0337171052631579,7.7348639706925635,15.315239553202767,6.675147732179506,6.656780036907246,1257,1216,42.66,0.0,100.7,100.7,0.56,44.08,49946.15059999999
585,2024-02-23,4,Cauliflower,7,7.0,8.0,0.086206896551724,7.421989578091534,25.128364575927566,8.47604692925598,8.491180544208405,1378,1508,49.89,0.0,100.7,100.7,0.56,44.08,49946.15059999999
586,2024-02-24,4,Cauliflower,4,7.0,8.0,-0.0153096729297146,4.002721048833255,16.736815378416818,5.47289078234884,5.4412609103628,1459,1437,46.7,0.0,100.7,100.7,0.56,44.08,49946.15059999999
587,2024-02-25,4,Cauliflower,2,7.0,7.0,-0.1516329704510108,5.707999146985113,26.027076564293296,8.003221052550249,7.982059373151349,1481,1286,53.33,0.0,100.7,100.7,0.56,44.08,49946.15059999999
588,2024-02-26,4,Cauliflower,3,7.0,7.0,-0.0643491124260355,8.094132189316987,14.053502302795946,6.518757930612365,6.5491004363149194,1439,1352,49.07,0.0,100.7,100.7,0.56,44.08,49946.15059999999
589,2024-02-27,4,Cauliflower,5,6.0,6.0,0.0077092511013215,9.649114439128471,17.440423307857316,7.956810368669791,7.850362490500251,901,908,45.94,41.61,100.7,100.7,0.56,44.08,49946.15059999999
590,2024-02-28,4,Cauliflower,7,7.0,7.0,0.1283783783783784,9.06235673307139,16.519536203573807,7.450827444244883,7.4306789901373556,1032,1184,51.93,0.0,100.7,100.7,0.56,44.08,49946.15059999999
591,2024-02-29,4,Cauliflower,3,7.0,6.0,-0.0748502994011977,7.743516051944596,12.176330330979102,6.016113319464968,6.033280562757623,359,334,54.43,78.12,101.0,101.0,0.56,44.08,49946.15059999999
592,2024-03-01,4,Cauliflower,10,7.0,7.0,1.0925925925925926,7.456456867018606,26.251186564337303,8.704234108000982,8.729304531066282,15,-162,52.85,149.45,101.0,101.0,0.56,44.08,49946.15059999999
593,2024-03-02,4,Cauliflower,7,7.0,7.0,0.1274834437086093,8.43435926527656,11.86404002905493,6.298022157833156,6.248463920454483,527,604,54.25,0.0,101.0,101.0,0.56,44.08,49946.15059999999
594,2024-03-03,4,Cauliflower,8,7.0,7.0,0.1659663865546218,8.156422362184305,14.78358490029381,6.724388914485688,6.719955863285283,397,476,49.79,42.63,101.0,101.0,0.56,44.08,49946.15059999999
595,2024-03-04,4,Cauliflower,1,7.0,6.0,-1.5970149253731345,10.809091029879424,19.26880354051803,8.804802754946136,8.68161462179215,174,67,51.37,67.69,101.0,101.0,0.56,44.08,49946.15059999999
596,2024-03-05,4,Cauliflower,5,7.0,7.0,0.0358744394618834,8.2928815409565,7.026203440432601,5.200597098321516,5.225297434387649,645,669,50.05,0.0,101.0,101.0,0.56,44.08,49946.15059999999
597,2024-03-06,4,Cauliflower,7,7.0,9.0,0.0823421774931381,5.037508075605404,16.750650416795008,5.803002966678548,5.859772441560553,1003,1093,51.83,0.0,101.0,101.0,0.56,44.08,49946.15059999999
598,2024-03-07,4,Cauliflower,4,8.0,8.0,-0.0256637168141593,5.454883729935366,12.886936402572116,5.257955849546889,5.255711709395862,1159,1130,49.79,0.0,101.0,101.0,0.56,44.08,49946.15059999999
599,2024-03-08,4,Cauliflower,4,7.0,5.0,-0.0280592361652376,11.03751867392716,16.118458075177504,8.147452457548237,8.144130423830356,1319,1283,45.45,0.0,101.0,101.0,0.56,44.08,49946.15059999999
600,2024-03-09,4,Cauliflower,3,7.0,7.0,-0.072970960536113,5.657679077099839,19.40071997328909,6.53729309376574,6.638272816911217,1441,1343,55.19,0.0,101.0,101.0,0.56,44.08,49946.15059999999
601,2024-03-10,4,Cauliflower,5,7.0,6.0,0.0354278074866309,9.528994906067068,12.000863768593351,6.696312290426424,6.715587078580089,1443,1496,52.52,0.0,101.0,101.0,0.56,44.08,49946.15059999999
602,2024-03-11,4,Cauliflower,6,7.0,7.0,0.0383141762452107,7.463254529581238,17.799242201796446,7.0267294801224045,7.043817596293406,251,261,46.6,115.23,101.0,101.0,0.56,44.08,49946.15059999999
603,2024-03-12,4,Cauliflower,10,7.0,7.0,1.343283582089552,7.660483412195029,33.08668752352179,10.163092692772093,10.176621145590165,23,-67,57.29,107.96,101.0,101.0,0.56,44.08,49946.15059999999
604,2024-03-13,4,Cauliflower,7,7.0,7.0,0.1288888888888889,7.73173443446316,19.742014417455128,7.50958536989476,7.539740661074419,588,675,50.66,0.0,101.0,101.0,0.56,44.08,49946.15059999999
605,2024-03-14,4,Cauliflower,1,7.0,7.0,-0.221105527638191,10.442769918918398,31.45262173019225,10.900472686451383,10.96807148909042,972,796,55.68,0.0,101.0,101.0,0.56,44.08,49946.15059999999
606,2024-03-15,4,Cauliflower,8,6.0,7.0,0.1500682128240109,7.614316342912071,23.464944420067607,8.276617323749438,8.236195191238824,623,733,59.29,52.11,101.0,101.0,0.56,44.08,49946.15059999999
607,2024-03-16,4,Cauliflower,4,6.0,7.0,-0.031390134529148,7.933361434309694,27.741606098188164,9.192473751162026,9.218612361140092,920,892,56.51,0.0,101.0,101.0,0.56,44.08,49946.15059999999
608,2024-03-17,4,Cauliflower,4,8.0,8.0,-0.042141230068337,4.938393005201014,12.25541031229174,4.875254191918711,4.922057371307515,915,878,61.79,14.2,101.0,101.0,0.56,44.08,49946.15059999999
609,2024-03-18,4,Cauliflower,3,7.0,6.0,-0.0962072155411655,8.413381023416006,21.04907165085513,8.037170026146534,8.07468266359482,1185,1081,50.14,0.0,101.0,101.0,0.56,44.08,49946.15059999999
610,2024-03-19,4,Cauliflower,4,7.0,5.0,-0.0258620689655173,9.06208501395612,21.33912922615476,8.369043688826052,8.39325054290985,476,464,58.55,69.15,101.0,101.0,0.56,44.08,49946.15059999999
611,2024-03-20,4,Cauliflower,9,8.0,7.0,0.4683195592286501,8.478291161307574,13.873742611250645,6.671497343008809,6.667538846947995,193,363,53.34,69.47,101.0,101.0,0.56,44.08,49946.15059999999
612,2024-03-21,4,Cauliflower,5,7.0,5.0,0.0046296296296296,10.795792522173471,11.771716757057185,7.206077309598848,7.178779882349554,645,648,52.63,0.0,101.0,101.0,0.56,44.08,49946.15059999999
613,2024-03-22,4,Cauliflower,5,7.0,7.0,0.0196850393700787,8.110342709560463,5.097346120927018,4.715947333108836,4.766682460601734,996,1016,54.31,0.0,101.0,101.0,0.56,44.08,49946.15059999999
614,2024-03-23,4,Cauliflower,2,7.0,7.0,-0.1241830065359477,8.597954912238036,34.96139636951632,10.907496368920755,10.927730865952151,1204,1071,55.87,0.0,101.0,101.0,0.56,44.08,49946.15059999999
615,2024-03-24,4,Cauliflower,8,7.0,6.0,0.1932650073206442,11.297008020536358,10.275971106475025,7.0067220431085495,7.081389096183489,551,683,57.93,61.04,101.0,101.0,0.56,44.08,49946.15059999999
616,2024-03-25,4,Cauliflower,4,7.0,7.0,-0.0428410372040586,4.899971621283704,33.462210732223,8.982815795286964,9.142533997258191,925,887,52.05,0.0,101.0,101.0,0.56,44.08,49946.15059999999
617,2024-03-26,4,Cauliflower,3,7.0,8.0,-0.0618955512572534,7.088349304401262,15.325068263421464,6.408143070981377,6.39899199914087,1098,1034,62.6,0.0,101.0,101.0,0.56,44.08,49946.15059999999
618,2024-03-27,4,Cauliflower,3,7.0,5.0,-0.0500431406384813,10.852317504038531,11.375067002752662,7.191940578040982,7.122261942984646,1217,1159,60.65,0.0,101.0,101.0,0.56,44.08,49946.15059999999
619,2024-03-28,4,Cauliflower,4,7.0,6.0,-0.0037285607755406,9.872258296622164,26.225191403049976,9.720045761926505,9.694712668848616,1346,1341,50.87,0.0,101.0,101.0,0.56,44.08,49946.15059999999
620,2024-03-29,4,Cauliflower,7,7.0,7.0,0.1330845771144279,9.35676019768094,13.688080582531429,6.954967197771514,6.98339806953084,1394,1608,66.21,0.0,101.0,101.0,0.56,44.08,49946.15059999999
621,2024-03-30,4,Cauliflower,2,6.0,7.0,-0.12430426716141,9.665301478928956,25.684589189242768,9.507862386550398,9.50358169714029,1212,1078,68.47,18.88,101.0,101.0,0.56,44.08,49946.15059999999
622,2024-03-31,4,Cauliflower,5,7.0,7.0,0.0146198830409356,8.654132418242044,16.671882351477905,7.237288432542646,7.29709613960506,674,684,65.11,52.39,102.93,102.93,0.56,44.08,49946.15059999999
623,2024-04-01,4,Cauliflower,2,7.0,5.0,-0.1157469717362045,11.263194855064544,24.80424496117787,9.960012316359764,9.969727198866664,829,743,58.54,8.84,102.93,102.93,0.56,44.08,49946.15059999999
624,2024-04-02,4,Cauliflower,4,7.0,7.0,-0.0204081632653061,8.755518339461435,10.318139360928951,6.044449745317485,6.068713448618253,1000,980,54.31,0.0,102.93,102.93,0.56,44.08,49946.15059999999
625,2024-04-03,4,Cauliflower,4,6.0,6.0,-0.0155038759689922,8.479734211790557,28.313510579847684,9.511960089082391,9.55236345217423,1048,1032,65.16,9.74,102.93,102.93,0.56,44.08,49946.15059999999
626,2024-04-04,4,Cauliflower,5,7.0,7.0,0.02460024600246,8.317917348251287,24.879726826630048,8.823394916116756,8.801475221641638,793,813,58.1,39.9,102.93,102.93,0.56,44.08,49946.15059999999
627,2024-04-05,4,Cauliflower,1,7.0,6.0,-0.251548946716233,8.385727911100773,10.803493099373382,6.144983142533939,6.017088230706307,1010,807,66.45,0.0,102.93,102.93,0.56,44.08,49946.15059999999
628,2024-04-06,4,Cauliflower,9,6.0,8.0,0.9545454545454546,5.685965438368264,46.429357210147415,12.143530092698525,12.048422783343796,1,22,61.6,195.59,102.93,102.93,0.56,44.08,49946.15059999999
629,2024-04-07,4,Cauliflower,1,6.0,6.0,-1.942857142857143,9.541346108926689,25.40123026400494,9.393180845305558,9.397180939249377,206,70,65.67,39.01,102.93,102.93,0.56,44.08,49946.15059999999
630,2024-04-08,4,Cauliflower,8,6.0,7.0,0.2896117523609653,7.739120532433345,42.90467070530539,12.22078808677021,12.169290258057938,677,953,62.79,0.0,102.93,102.93,0.56,44.08,49946.15059999999
631,2024-04-09,4,Cauliflower,4,6.0,5.0,-0.0434310532030401,11.643830195720811,36.00267818748759,12.401203087489325,12.359466079345502,961,921,64.76,0.0,102.93,102.93,0.56,44.08,49946.15059999999
632,2024-04-10,4,Cauliflower,7,7.0,8.0,0.1261398176291793,7.848699058823154,18.111652197822163,7.229433161809403,7.261080034135668,575,658,61.51,49.37,102.93,102.93,0.56,44.08,49946.15059999999
633,2024-04-11,4,Cauliflower,7,7.0,6.0,0.1255645889792231,8.841836568351313,15.877282453954573,7.24438632180647,7.2137944517073045,968,1107,70.61,0.0,102.93,102.93,0.56,44.08,49946.15059999999
634,2024-04-12,4,Cauliflower,7,7.0,8.0,0.0856,8.49320437252267,15.965408165791988,7.018313777242158,7.091326431745541,1143,1250,62.53,0.0,102.93,102.93,0.56,44.08,49946.15059999999
635,2024-04-13,4,Cauliflower,9,7.0,7.0,1.0,6.748885929781493,1.6997144957218993,3.4992323514643986,3.5410340781046292,0,25,64.13,206.45,102.93,102.93,0.56,44.08,49946.15059999999
636,2024-04-14,4,Cauliflower,5,7.0,6.0,0.0195729537366547,9.984273657037011,13.041648806504526,7.113976867636016,7.106394855700431,551,562,71.76,0.0,102.93,102.93,0.56,44.08,49946.15059999999
637,2024-04-15,4,Cauliflower,9,7.0,7.0,0.7168949771689498,11.810127281120035,22.467660239799702,9.6968435772901,9.722752327710705,62,219,55.83,102.02,102.93,102.93,0.56,44.08,49946.15059999999
638,2024-04-16,4,Cauliflower,1,6.0,7.0,-0.2283298097251584,7.970445560680311,35.25957560884808,10.827917278193253,10.735174669354224,581,473,56.44,0.0,102.93,102.93,0.56,44.08,49946.15059999999
639,2024-04-17,4,Cauliflower,10,7.0,7.0,1.0819672131147542,7.399042428829155,12.27228117021798,5.946475227303026,5.914046355004142,5,-61,67.86,153.64,102.93,102.93,0.56,44.08,49946.15059999999
640,2024-04-18,4,Cauliflower,8,6.0,6.0,0.2955145118733508,7.289942537889252,28.820565993630105,9.160988307823423,9.175619753201218,267,379,57.37,28.63,102.93,102.93,0.56,44.08,49946.15059999999
641,2024-04-19,4,Cauliflower,9,8.0,8.0,0.3723404255319149,4.215276213365318,7.47406658496681,3.657394816683815,3.676488867766878,177,282,73.18,60.88,102.93,102.93,0.56,44.08,49946.15059999999
642,2024-04-20,4,Cauliflower,4,7.0,8.0,-0.0094594594594594,7.644373712593975,14.136799747888675,6.394457965025989,6.385038331767049,747,740,61.62,0.0,102.93,102.93,0.56,44.08,49946.15059999999
643,2024-04-21,4,Cauliflower,10,7.0,7.0,2.0285714285714285,8.501996232016648,15.42359405710474,6.932740739795499,6.986635091391573,72,-70,60.17,121.11,102.93,102.93,0.56,44.08,49946.15059999999
644,2024-04-22,4,Cauliflower,10,7.0,7.0,3.3448275862068964,10.109515850360566,23.71811081497493,9.31720910080394,9.2892638349927,68,-29,73.75,68.98,102.93,102.93,0.56,44.08,49946.15059999999
645,2024-04-23,4,Cauliflower,10,7.0,6.0,1.0909090909090908,9.920095482299857,24.573096467208117,9.313892388864293,9.383937636429577,6,-66,71.76,130.18,102.93,102.93,0.56,44.08,49946.15059999999
646,2024-04-24,4,Cauliflower,2,7.0,7.0,-0.1843971631205674,7.167001835126615,29.623417448143453,9.322634733477374,9.286589749348273,501,423,73.92,0.0,102.93,102.93,0.56,44.08,49946.15059999999
