data/data_demo.csv
,Date,ProductID,Product,Low_Stock_Priority,Demand_Priority,Profitability_Priority,Low_Stock_Risk,cp,price_market,a,pred_s3,OrderQuantity,Inventory,Temperature,Rainfall,CPI,MCPI,Female,Age,Income
647,2024-04-25,4,Cauliflower,2,7.0,7.0,-0.198391420911528,7.446354010452223,27.708369604049366,9.011985788391744,9.016307829328097,894,746,69.33,0.0,102.93,102.93,0.56,44.08,49946.15059999999
648,2024-04-26,4,Cauliflower,9,7.0,5.0,1.0,10.247810611228878,22.43168215402492,9.106191351201096,9.087871426426958,0,-59,60.72,230.39,102.93,102.93,0.56,44.08,49946.15059999999
649,2024-04-27,4,Cauliflower,7,7.0,7.0,0.09375,7.653072205854242,23.903649435086223,8.291329473092043,8.339394522038567,522,576,74.8,0.0,102.93,102.93,0.56,44.08,49946.15059999999
650,2024-04-28,4,Cauliflower,2,7.0,7.0,-0.1494845360824741,6.979940920488766,35.88530691097532,10.481287010744976,10.462203544507561,892,776,64.13,0.0,102.93,102.93,0.56,44.08,49946.15059999999
651,2024-04-29,4,Cauliflower,8,7.0,6.0,0.2967032967032966,10.785036898868544,14.89073818767737,7.912779784158525,7.797461762702348,128,182,69.71,113.69,102.93,102.93,0.56,44.08,49946.15059999999
652,2024-04-30,4,Cauliflower,7,7.0,7.0,0.1156462585034013,10.075171334101269,27.74728319067162,10.0566643341518,10.080264789589378,520,588,70.66,9.77,103.34,103.34,0.56,44.08,49946.15059999999
653,2024-05-01,4,Cauliflower,3,8.0,7.0,-0.0459770114942528,8.037583583548516,1.9185607350174865,4.114615573439355,4.1025092817059186,273,261,65.37,58.3,103.34,103.34,0.56,44.08,49946.15059999999
654,2024-05-02,4,Cauliflower,3,7.0,7.0,-0.0487106017191976,6.812445104442665,24.11334242897609,8.122924875060148,8.043539136415108,732,698,69.44,0.0,103.34,103.34,0.56,44.08,49946.15059999999
655,2024-05-03,4,Cauliflower,3,8.0,9.0,-0.0943396226415094,3.976239361510582,15.167504575208929,5.162081866889025,5.117162226664034,580,530,71.2,37.01,103.34,103.34,0.56,44.08,49946.15059999999
656,2024-05-04,4,Cauliflower,6,7.0,7.0,0.0720620842572061,9.179407211149448,20.0257118243151,8.198499523530032,8.178041136832574,837,902,68.7,0.0,103.34,103.34,0.56,44.08,49946.15059999999
657,2024-05-05,4,Cauliflower,9,7.0,8.0,0.967391304347826,6.207260554895639,30.400862450537037,9.012392248439603,9.05628224329708,3,92,61.54,165.81,103.34,103.34,0.56,44.08,49946.15059999999
658,2024-05-06,4,Cauliflower,3,7.0,9.0,-0.068840579710145,4.074535981718496,21.64643809526397,6.395222593125361,6.450777650546935,590,552,68.75,0.0,103.34,103.34,0.56,44.08,49946.15059999999
659,2024-05-07,4,Cauliflower,8,7.0,6.0,0.1606648199445983,11.169641054698037,28.85187541208927,10.740903126331192,10.740626416703837,909,1083,74.12,0.0,103.34,103.34,0.56,44.08,49946.15059999999
660,2024-05-08,4,Cauliflower,6,6.0,8.0,0.0760095011876484,9.295935582019776,34.73764815138405,11.142742070319064,11.16346752647669,389,421,64.24,66.64,103.34,103.34,0.56,44.08,49946.15059999999
661,2024-05-09,4,Cauliflower,6,7.0,9.0,0.0784313725490196,5.721983613766069,23.890939688657205,7.566028472549104,7.560999213692786,705,765,67.18,0.0,103.34,103.34,0.56,44.08,49946.15059999999
662,2024-05-10,4,Cauliflower,8,6.0,8.0,0.1697324414715719,5.571197234081482,31.710410646204885,9.080843856574544,9.062303331869451,993,1196,65.98,0.0,103.34,103.34,0.56,44.08,49946.15059999999
663,2024-05-11,4,Cauliflower,3,6.0,7.0,-0.0735027223230491,9.74192356434324,16.734390223207924,7.709826078436736,7.746625287909824,1183,1102,77.63,0.0,103.34,103.34,0.56,44.08,49946.15059999999
664,2024-05-12,4,Cauliflower,7,7.0,7.0,0.0949720670391061,6.24405876692826,19.91790117730386,7.005908893532773,6.977166950389504,486,537,71.96,69.38,103.34,103.34,0.56,44.08,49946.15059999999
665,2024-05-13,4,Cauliflower,2,7.0,7.0,-0.1167701863354038,10.592299735055766,14.77380583601522,7.784608870654906,7.696669000041948,899,805,70.86,0.0,103.34,103.34,0.56,44.08,49946.15059999999
666,2024-05-14,4,Cauliflower,4,7.0,6.0,-0.0106382978723404,9.23291862525231,30.42977594646376,10.228655590024657,10.277681110035289,1140,1128,65.2,0.0,103.34,103.34,0.56,44.08,49946.15059999999
667,2024-05-15,4,Cauliflower,1,7.0,6.0,-0.232394366197183,9.073193041133647,24.14091353793595,8.933982606114604,8.957350674519882,175,142,71.97,107.77,103.34,103.34,0.56,44.08,49946.15059999999
668,2024-05-16,4,Cauliflower,4,7.0,7.0,-0.0060150375939849,8.8093909112286,14.927655381050773,7.0068069077675945,7.011077198223958,669,665,66.13,0.0,103.34,103.34,0.56,44.08,49946.15059999999
669,2024-05-17,4,Cauliflower,5,7.0,6.0,0.0141700404858299,8.382901744047823,21.546688336463323,8.219521348608824,8.161832480998262,974,988,69.88,0.0,103.34,103.34,0.56,44.08,49946.15059999999
670,2024-05-18,4,Cauliflower,3,6.0,6.0,-0.0521008403361344,9.76102239835422,30.415683888185814,10.428226636944768,10.48704343489222,1252,1190,66.76,0.0,103.34,103.34,0.56,44.08,49946.15059999999
671,2024-05-19,4,Cauliflower,8,7.0,8.0,0.1596113809854268,7.091839274968789,19.60732008962047,7.204942322692405,7.255744665624654,1211,1441,73.55,9.44,103.34,103.34,0.56,44.08,49946.15059999999
672,2024-05-20,4,Cauliflower,6,8.0,7.0,0.0626760563380282,8.171903946868769,10.510671891502366,5.762712906407163,5.872690794462133,1331,1420,73.27,0.0,103.34,103.34,0.56,44.08,49946.15059999999
673,2024-05-21,4,Cauliflower,7,7.0,7.0,0.1011450381679389,9.503893175354392,21.31911755787412,8.543362671055888,8.566759337062004,1413,1572,69.57,0.0,103.34,103.34,0.56,44.08,49946.15059999999
674,2024-05-22,4,Cauliflower,7,8.0,7.0,0.0937896070975918,9.125979437172257,0.1943440893106043,4.223267881032115,4.195395390014612,1430,1578,72.82,0.0,103.34,103.34,0.56,44.08,49946.15059999999
675,2024-05-23,4,Cauliflower,6,7.0,7.0,0.0693527080581242,5.610026389462679,27.68770644399475,8.33481308003293,8.274396151457873,1409,1514,65.6,0.0,103.34,103.34,0.56,44.08,49946.15059999999
676,2024-05-24,4,Cauliflower,7,7.0,7.0,0.125,6.9991806653914725,15.786724126753196,6.474874774572616,6.455379168347692,1365,1560,63.83,0.0,103.34,103.34,0.56,44.08,49946.15059999999
677,2024-05-25,4,Cauliflower,3,8.0,7.0,-0.0535041446872646,8.50560701083831,15.306892637208932,6.933573482807987,6.9647754899670495,1398,1327,73.71,0.0,103.34,103.34,0.56,44.08,49946.15059999999
678,2024-05-26,4,Cauliflower,4,7.0,7.0,-0.0110395584176632,7.183970581920207,28.75695678779507,9.160303171012217,9.12033772351459,1099,1087,72.57,27.45,103.34,103.34,0.56,44.08,49946.15059999999
679,2024-05-27,4,Cauliflower,6,7.0,6.0,0.0409967845659163,11.549317121946666,6.348371227748313,6.399617023859135,6.398248540743262,1193,1244,75.13,0.0,103.34,103.34,0.56,44.08,49946.15059999999
680,2024-05-28,4,Cauliflower,6,6.0,6.0,0.0460763138948884,7.213693610491775,39.47098642820357,11.183639449890928,11.272333689059936,1325,1389,84.09,0.0,103.34,103.34,0.56,44.08,49946.15059999999
681,2024-05-29,4,Cauliflower,6,8.0,7.0,0.0435643564356436,7.675563104846618,15.197579582617768,6.548336416831424,6.609452857122401,1449,1515,77.12,0.0,103.34,103.34,0.56,44.08,49946.15059999999
682,2024-05-30,4,Cauliflower,4,7.0,7.0,-0.026554856743536,9.538860356354608,14.76749056615105,7.344635521031868,7.2721655051855585,1469,1431,68.06,0.0,103.34,103.34,0.56,44.08,49946.15059999999
683,2024-05-31,4,Cauliflower,10,7.0,7.0,1.16,8.661065486469832,30.21224743167163,10.022985935071024,10.004476906641955,4,-25,78.43,225.67,103.98,103.98,0.56,44.08,49946.15059999999
684,2024-06-01,4,Cauliflower,6,7.0,7.0,0.0646153846153846,7.709451085590461,27.086952731104265,8.93243126103161,8.997889004209602,608,650,66.49,0.0,103.98,103.98,0.56,44.08,49946.15059999999
685,2024-06-02,4,Cauliflower,9,6.0,7.0,0.3809523809523809,6.487012942238503,44.51229719075076,12.03826227044864,11.987341330876363,78,126,70.99,94.33,103.98,103.98,0.56,44.08,49946.15059999999
686,2024-06-03,4,Cauliflower,10,7.0,7.0,4.071428571428571,8.603028114793533,17.8879401636848,7.571871026642506,7.51946310548732,43,-14,73.18,74.72,103.98,103.98,0.56,44.08,49946.15059999999
687,2024-06-04,4,Cauliflower,1,7.0,5.0,-0.2958715596330274,10.078192880756784,18.795933613355903,8.26871217350091,8.293507944740604,565,436,82.31,0.0,103.98,103.98,0.56,44.08,49946.15059999999
688,2024-06-05,4,Cauliflower,9,7.0,7.0,0.509915014164306,8.958190448196458,5.2068402003674645,5.157528324171415,5.1291943268950035,173,353,70.24,77.33,103.98,103.98,0.56,44.08,49946.15059999999
689,2024-06-06,4,Cauliflower,6,7.0,7.0,0.0466988727858292,6.443632957087756,16.678977226511748,6.226243596239864,6.410397306792939,592,621,70.06,0.0,103.98,103.98,0.56,44.08,49946.15059999999
690,2024-06-07,4,Cauliflower,1,7.0,6.0,-0.2593123209169055,11.473549913953422,12.785687044282442,7.695236214197266,7.653617204095477,879,698,73.92,0.0,103.98,103.98,0.56,44.08,49946.15059999999
691,2024-06-08,4,Cauliflower,7,8.0,8.0,0.1141199226305609,5.106844219928211,15.51232986894501,5.70396143135628,5.640283683136657,458,517,71.32,60.63,103.98,103.98,0.56,44.08,49946.15059999999
692,2024-06-09,4,Cauliflower,7,9.0,7.0,0.1112347052280311,4.8346287163944215,2.558122434460447,2.889240837711672,2.9434009361553812,799,899,80.49,0.0,103.98,103.98,0.56,44.08,49946.15059999999
693,2024-06-10,4,Cauliflower,1,7.0,6.0,-0.3767313019390581,9.921114448914455,36.60607559894514,11.803765169330577,11.787852258266543,497,361,69.68,45.09,103.98,103.98,0.56,44.08,49946.15059999999
694,2024-06-11,4,Cauliflower,1,8.0,7.0,-0.3804511278195488,8.45168095720538,5.833965175743593,5.030559390878499,5.050957101796368,918,665,69.57,0.0,103.98,103.98,0.56,44.08,49946.15059999999
695,2024-06-12,4,Cauliflower,9,9.0,7.0,0.7533333333333333,6.90100290739192,-8.02202798391713,1.6508690921348006,1.66029883871083,37,150,73.34,165.96,103.98,103.98,0.56,44.08,49946.15059999999
696,2024-06-13,4,Cauliflower,10,7.0,8.0,1.08,5.802858544889341,8.115755784169806,4.423050552562945,4.442507444793028,6,-75,73.26,106.85,103.98,103.98,0.56,44.08,49946.15059999999
697,2024-06-14,4,Cauliflower,1,7.0,5.0,-0.2178423236514521,12.641599678560596,13.961604472038491,8.282345992489196,8.357787927719702,587,482,85.63,0.0,103.98,103.98,0.56,44.08,49946.15059999999
698,2024-06-15,4,Cauliflower,8,7.0,7.0,0.1382694023193577,8.234181744310884,8.504459367428819,5.5890847563642,5.496985025530594,966,1121,80.95,0.0,103.98,103.98,0.56,44.08,49946.15059999999
699,2024-06-16,4,Cauliflower,5,6.0,6.0,0.0175999999999999,9.068402341691543,30.98303540732513,10.308452475662682,10.322092924487151,1228,1250,76.86,0.0,103.98,103.98,0.56,44.08,49946.15059999999
700,2024-06-17,4,Cauliflower,3,7.0,6.0,-0.0461658841940531,8.635770194476363,18.62160821403906,7.683867472811468,7.679163116379314,1337,1278,70.52,0.0,103.98,103.98,0.56,44.08,49946.15059999999
701,2024-06-18,4,Cauliflower,6,7.0,6.0,0.0557851239669421,8.869615915462315,20.25385604406459,8.048147545985273,8.099146027569136,1371,1452,81.09,0.0,103.98,103.98,0.56,44.08,49946.15059999999
702,2024-06-19,4,Cauliflower,2,7.0,6.0,-0.1410256410256409,9.080188921049611,26.103917643054128,9.301015738974453,9.352258056180515,1424,1248,72.09,0.0,103.98,103.98,0.56,44.08,49946.15059999999
703,2024-06-20,4,Cauliflower,6,6.0,7.0,0.0463108320251177,9.464848019509752,22.86012526978118,8.878594182513913,8.858877844974073,1215,1274,69.59,15.67,103.98,103.98,0.56,44.08,49946.15059999999
704,2024-06-21,4,Cauliflower,8,7.0,7.0,0.267639902676399,7.249555198478655,29.785672974460432,9.383276278291104,9.352166780157413,602,822,83.48,57.85,103.98,103.98,0.56,44.08,49946.15059999999
705,2024-06-22,4,Cauliflower,6,7.0,7.0,0.077943615257048,7.416716027296311,8.905224463638548,5.291627512112472,5.2486005719894795,556,603,79.35,34.97,103.98,103.98,0.56,44.08,49946.15059999999
706,2024-06-23,4,Cauliflower,3,7.0,8.0,-0.0829145728643216,4.517954383282197,14.524818993205685,5.2673342520787,5.206435910791422,862,796,82.59,0.0,103.98,103.98,0.56,44.08,49946.15059999999
707,2024-06-24,4,Cauliflower,5,7.0,7.0,-0.000891265597148,6.439391186996922,26.659671460695375,8.397180389912807,8.402268451029423,1123,1122,79.81,0.0,103.98,103.98,0.56,44.08,49946.15059999999
708,2024-06-25,4,Cauliflower,10,8.0,7.0,18.6,8.54222559289343,-5.3455446208423005,2.825571159789265,2.854304796982972,88,-5,82.72,136.45,103.98,103.98,0.56,44.08,49946.15059999999
709,2024-06-26,4,Cauliflower,8,7.0,6.0,0.2377622377622378,10.090046751005382,6.248155206827592,5.8229904334101175,5.7919376316908995,545,715,75.4,0.0,103.98,103.98,0.56,44.08,49946.15059999999
710,2024-06-27,4,Cauliflower,1,7.0,6.0,-0.2707100591715976,9.198079052752368,25.009922321799465,9.149344125289318,9.181104888990784,859,676,73.71,0.0,103.98,103.98,0.56,44.08,49946.15059999999
711,2024-06-28,4,Cauliflower,2,7.0,7.0,-0.1487068965517242,7.318615312244139,15.197509650050746,6.510535979702697,6.466027389863848,1066,928,82.51,0.0,103.98,103.98,0.56,44.08,49946.15059999999
712,2024-06-29,4,Cauliflower,3,7.0,8.0,-0.0706618962432916,5.473654175829692,29.361075501096977,8.580401784913388,8.553849680950998,1197,1118,75.31,0.0,103.98,103.98,0.56,44.08,49946.15059999999
713,2024-06-30,4,Cauliflower,6,7.0,9.0,0.0613079019073569,2.4452817091451333,28.091802968531628,7.154224599093554,7.0836070179910315,1378,1468,76.11,0.0,105.16,105.16,0.56,44.08,49946.15059999999
714,2024-07-01,4,Cauliflower,4,7.0,7.0,-0.0087527352297593,10.3034679495616,8.019071198089618,6.258721003884955,6.231412565269787,1383,1371,77.5,0.0,105.16,105.16,0.56,44.08,49946.15059999999
715,2024-07-02,4,Cauliflower,5,7.0,8.0,0.0013774104683195,6.8215420269797,24.066570874668813,7.989208694531084,8.037851723991574,725,726,80.09,62.04,105.16,105.16,0.56,44.08,49946.15059999999
0,2024-01-06,1,Avocado,5,10.0,8.0,0.0218023255813953,5.528104691935328,1.4600608874651604,1.1521525988296586,1.1350513928283772,673,688,42.22,0.0,100.7,100.7,0.56,44.08,49946.15059999999
1,2024-01-07,1,Avocado,1,10.0,10.0,-0.5533769063180829,2.8003144167344467,-8.749512934180188,0.3476088371823088,0.34539919591843904,713,459,45.34,0.0,100.7,100.7,0.56,44.08,49946.15059999999
2,2024-01-08,1,Avocado,5,10.0,10.0,0.0222531293463142,3.957475968211479,-1.4361840283289051,0.8045062467310707,0.8291028919249829,703,719,51.87,0.0,100.7,100.7,0.56,44.08,49946.15059999999
3,2024-01-09,1,Avocado,10,10.0,7.0,3.678571428571429,6.481786398402916,-17.234031522244265,0.2541374629485081,0.30087333513777326,75,-28,50.23,62.52,100.7,100.7,0.56,44.08,49946.15059999999
4,2024-01-10,1,Avocado,1,10.0,8.0,-0.261127596439169,5.735115980299935,11.252314510271876,1.627173203283897,1.6446666598805342,425,337,36.23,0.0,100.7,100.7,0.56,44.08,49946.15059999999
5,2024-01-11,1,Avocado,2,10.0,10.0,-0.1341463414634145,0.0454442402471779,-11.020576556067477,-0.1240564606904715,-0.05115444158615401,558,492,46.09,0.0,100.7,100.7,0.56,44.08,49946.15059999999
6,2024-01-12,1,Avocado,7,10.0,9.0,0.1102719033232628,3.9001768350511785,-6.043833394284505,0.6683489627058048,0.5934329313275077,589,662,40.81,5.22,100.7,100.7,0.56,44.08,49946.15059999999
7,2024-01-13,1,Avocado,2,9.0,10.0,-0.2003484320557491,1.697285583404604,5.521650792609744,0.9740216299906884,0.9436532703705577,689,574,41.27,0.0,100.7,100.7,0.56,44.08,49946.15059999999
8,2024-01-14,1,Avocado,9,10.0,10.0,1.0,1.7935622964128843,-2.395629963913133,0.5544528797349677,0.5587292886437142,0,-39,44.06,154.3,100.7,100.7,0.56,44.08,49946.15059999999
9,2024-01-15,1,Avocado,8,9.0,9.0,0.3171140939597315,2.821197003876745,20.43014595406736,1.7726367593496757,1.8026988840424112,407,596,42.95,0.0,100.7,100.7,0.56,44.08,49946.15059999999
10,2024-01-16,1,Avocado,9,10.0,10.0,0.3831967213114754,2.288087142321756,-7.928569097234487,0.3288632783625641,0.3336634375789882,301,488,49.73,26.71,100.7,100.7,0.56,44.08,49946.15059999999
11,2024-01-17,1,Avocado,6,10.0,8.0,0.0637583892617449,4.908547013925951,7.670508693491829,1.4142698831803286,1.381045912976061,558,596,46.49,0.0,100.7,100.7,0.56,44.08,49946.15059999999
12,2024-01-18,1,Avocado,2,10.0,10.0,-0.1138088012139606,3.522075450293987,4.607171817725044,1.1331385304765982,1.085702653796705,734,659,43.51,0.0,100.7,100.7,0.56,44.08,49946.15059999999
13,2024-01-19,1,Avocado,1,10.0,10.0,-11.384615384615383,2.243350032985657,-6.680934977411974,0.3451037079246798,0.39128078770899394,161,13,45.35,52.33,100.7,100.7,0.56,44.08,49946.15059999999
14,2024-01-20,1,Avocado,4,10.0,10.0,-0.0111856823266218,2.8877264654908514,10.232766605317536,1.2517345388062793,1.3010102307473692,452,447,45.02,0.0,100.7,100.7,0.56,44.08,49946.15059999999
15,2024-01-21,1,Avocado,10,10.0,9.0,1.8461538461538465,2.6673486547485337,3.284536687777519,1.034873198004143,0.9318482295277485,22,-26,51.05,77.18,100.7,100.7,0.56,44.08,49946.15059999999
16,2024-01-22,1,Avocado,9,9.0,10.0,0.9893617021276596,4.988158146315213,12.717905512136674,1.6915407331241397,1.6409399826371445,1,94,42.77,82.35,100.7,100.7,0.56,44.08,49946.15059999999
17,2024-01-23,1,Avocado,9,10.0,9.0,1.0,1.589683472468398,13.235041539637317,1.356146421270106,1.3172448648834854,0,-34,45.59,216.32,100.7,100.7,0.56,44.08,49946.15059999999
18,2024-01-24,1,Avocado,9,9.0,10.0,1.0,2.6261354033018027,26.6323594928069,2.087299202784657,2.0919360615280493,0,-128,39.98,133.65,100.7,100.7,0.56,44.08,49946.15059999999
19,2024-01-25,1,Avocado,3,10.0,10.0,-0.0956284153005464,0.2918085213965504,18.36527949436392,1.49364584377099,1.43961557005674,401,366,31.7,0.0,100.7,100.7,0.56,44.08,49946.15059999999
20,2024-01-26,1,Avocado,8,10.0,10.0,0.1369047619047618,-3.1059796316681574,1.308181620575564,0.1911494590704066,0.23958651532782083,580,672,47.96,0.0,100.7,100.7,0.56,44.08,49946.15059999999
21,2024-01-27,1,Avocado,10,10.0,10.0,1.0804597701149423,3.307237190880721,2.6062082242407363,1.0376225513768609,0.9638241505742657,7,-87,49.24,109.97,100.7,100.7,0.56,44.08,49946.15059999999
22,2024-01-28,1,Avocado,10,9.0,9.0,1.0930232558139534,3.728872397719012,15.996595958871133,1.6709284264786,1.6749447270859137,12,-129,41.43,65.53,100.7,100.7,0.56,44.08,49946.15059999999
23,2024-01-29,1,Avocado,10,9.0,10.0,1.2916666666666667,0.5156699591871161,11.55263730722598,1.168741936387948,1.122898744950358,14,-48,56.71,64.01,100.7,100.7,0.56,44.08,49946.15059999999
