data/data_demo.csv
,Date,ProductID,Product,Low_Stock_Priority,Demand_Priority,Profitability_Priority,Low_Stock_Risk,cp,price_market,a,pred_s3,OrderQuantity,Inventory,Temperature,Rainfall,CPI,MCPI,Female,Age,Income
24,2024-01-30,1,Avocado,7,9.0,8.0,0.1157205240174672,6.539509247975215,11.40131526097592,1.7563275765910766,1.7348173645664147,405,458,38.31,0.0,100.7,100.7,0.56,44.08,49946.15059999999
25,2024-01-31,1,Avocado,1,10.0,10.0,-0.256578947368421,-0.9087313491975296,-11.169560443108344,-0.1559297026382666,-0.15670725348506043,573,456,46.04,0.0,100.7,100.7,0.56,44.08,49946.15059999999
26,2024-02-01,1,Avocado,6,10.0,9.0,0.0531914893617021,2.091517034602892,4.756738756010644,0.938220323505948,0.9460490968650392,712,752,45.1,0.0,100.7,100.7,0.56,44.08,49946.15059999999
27,2024-02-02,1,Avocado,4,10.0,9.0,-0.0267379679144386,1.6256322999483328,-2.380309092056887,0.6046269324557881,0.5422241465195261,384,374,53.92,27.99,100.7,100.7,0.56,44.08,49946.15059999999
28,2024-02-03,1,Avocado,2,10.0,9.0,-0.1317494600431965,5.065558428716916,7.799245990432382,1.4478430126224402,1.4036122330638343,524,463,53.83,0.0,100.7,100.7,0.56,44.08,49946.15059999999
29,2024-02-04,1,Avocado,10,10.0,9.0,1.084033613445378,4.93871753980057,4.0184961035704205,1.106185003159557,1.202027325356561,10,-119,47.48,91.02,100.7,100.7,0.56,44.08,49946.15059999999
30,2024-02-05,1,Avocado,3,10.0,10.0,-0.094488188976378,2.3098948513938327,14.10178908092592,1.3514586523328562,1.4345317914843982,139,127,48.82,31.72,100.7,100.7,0.56,44.08,49946.15059999999
31,2024-02-06,1,Avocado,10,9.0,9.0,1.0294117647058822,2.7563250392043472,8.17218215191302,1.136930580498278,1.1847387846412931,2,-68,42.71,78.63,100.7,100.7,0.56,44.08,49946.15059999999
32,2024-02-07,1,Avocado,8,10.0,10.0,0.157563025210084,0.2244285047397745,12.86327962108976,1.1209295616134805,1.158308821887328,401,476,37.47,0.0,100.7,100.7,0.56,44.08,49946.15059999999
33,2024-02-08,1,Avocado,8,10.0,10.0,0.1628614916286149,-1.961592936447854,0.3358090326405696,0.2647048643578815,0.3087791806658988,550,657,45.86,0.0,100.7,100.7,0.56,44.08,49946.15059999999
34,2024-02-09,1,Avocado,2,10.0,10.0,-0.1302083333333332,1.304175701347695,-4.444462559182504,0.4217999743387586,0.4062302891524592,651,576,48.6,0.0,100.7,100.7,0.56,44.08,49946.15059999999
35,2024-02-10,1,Avocado,7,10.0,10.0,0.0930851063829787,2.31269793820796,0.8995030679745151,0.7530597248628231,0.7764389543876098,682,752,54.2,0.0,100.7,100.7,0.56,44.08,49946.15059999999
36,2024-02-11,1,Avocado,7,10.0,10.0,0.1090225563909774,4.460581361455441,4.829795861385594,1.2478541603029325,1.193316405926221,237,266,54.28,37.92,100.7,100.7,0.56,44.08,49946.15059999999
37,2024-02-12,1,Avocado,9,10.0,10.0,1.0,4.404759697568823,8.791517355550818,1.4526957258102762,1.3851419309148931,0,-168,46.55,225.93,100.7,100.7,0.56,44.08,49946.15059999999
38,2024-02-13,1,Avocado,7,10.0,10.0,0.1185031185031184,1.2253463651840957,27.59308950690852,2.000754949988956,1.9957955187197967,424,481,47.2,0.0,100.7,100.7,0.56,44.08,49946.15059999999
39,2024-02-14,1,Avocado,2,10.0,10.0,-0.1188524590163935,1.395394498849329,4.577428483393573,0.9525837714882562,0.8655209759446076,546,488,43.7,0.0,100.7,100.7,0.56,44.08,49946.15059999999
40,2024-02-15,1,Avocado,1,9.0,10.0,-0.2771317829457365,-0.0971059301341852,-4.55945000492777,0.2635276222472291,0.2563944382798756,659,516,42.06,0.0,100.7,100.7,0.56,44.08,49946.15059999999
41,2024-02-16,1,Avocado,7,10.0,10.0,0.123015873015873,-0.8400358743579504,1.5401822430061358,0.4712659923770167,0.4841756730143515,663,756,40.85,0.0,100.7,100.7,0.56,44.08,49946.15059999999
42,2024-02-17,1,Avocado,1,10.0,10.0,-0.3600000000000001,-1.4125403812500252,0.3640402535390583,0.3801872615166461,0.3666491597095909,170,125,59.36,48.15,100.7,100.7,0.56,44.08,49946.15059999999
43,2024-02-18,1,Avocado,3,10.0,9.0,-0.080338266384778,5.901550790463579,9.814814737734622,1.6281388160327426,1.5900958034299528,511,473,47.28,0.0,100.7,100.7,0.56,44.08,49946.15059999999
44,2024-02-19,1,Avocado,1,10.0,9.0,-0.2561576354679802,0.980695636496693,-10.407970144446248,-0.0030519922076379,0.07557255190020962,510,406,47.87,6.33,100.7,100.7,0.56,44.08,49946.15059999999
45,2024-02-20,1,Avocado,2,10.0,10.0,-0.1193317422434367,1.1238513967776274,5.632619942003317,0.8835861706667059,0.8902177369077853,469,419,44.02,15.65,100.7,100.7,0.56,44.08,49946.15059999999
46,2024-02-21,1,Avocado,1,10.0,10.0,-3.0303030303030303,-0.5055907200998524,6.565065379653756,0.7925644799885462,0.7691530122510659,266,66,54.39,23.22,100.7,100.7,0.56,44.08,49946.15059999999
47,2024-02-22,1,Avocado,7,10.0,10.0,0.1272430668841762,3.55498071166382,7.321810362002758,1.239742822528447,1.22446203192684,535,613,42.66,0.0,100.7,100.7,0.56,44.08,49946.15059999999
48,2024-02-23,1,Avocado,2,10.0,10.0,-0.1891385767790261,-1.227795695115903,-0.9731606896536268,0.3101405788395828,0.3189629836731622,635,534,49.89,0.0,100.7,100.7,0.56,44.08,49946.15059999999
49,2024-02-24,1,Avocado,6,9.0,10.0,0.0491803278688525,1.5745194395720623,2.62078270263993,0.8129303662213764,0.786365969600831,754,793,46.7,0.0,100.7,100.7,0.56,44.08,49946.15059999999
50,2024-02-25,1,Avocado,7,10.0,10.0,0.1067615658362989,0.2090668776126487,-9.240609089825316,0.0734823141675422,0.054436480904878126,753,843,53.33,0.0,100.7,100.7,0.56,44.08,49946.15059999999
51,2024-02-26,1,Avocado,4,10.0,10.0,-0.0288858321870701,2.773804995718524,0.0668011663780596,0.7511251522171356,0.7823313772277717,748,727,49.07,0.0,100.7,100.7,0.56,44.08,49946.15059999999
52,2024-02-27,1,Avocado,10,10.0,10.0,8.538461538461538,0.978389724862254,-0.4286147601671777,0.6854881659248052,0.5729930937340627,196,-26,45.94,41.61,100.7,100.7,0.56,44.08,49946.15059999999
53,2024-02-28,1,Avocado,6,10.0,10.0,0.0428015564202334,-0.3612643682448242,9.160500462614255,0.9438760966077956,0.9134259161143976,492,514,51.93,0.0,100.7,100.7,0.56,44.08,49946.15059999999
54,2024-02-29,1,Avocado,9,10.0,10.0,0.53125,1.9436355433226904,-6.561824318219127,0.3497131709126211,0.36639937785302307,15,32,54.43,78.12,101.0,101.0,0.56,44.08,49946.15059999999
55,2024-03-01,1,Avocado,9,10.0,9.0,1.0,2.856663741060835,12.811981017099932,1.3976794732871582,1.4264379975207135,0,202,52.85,149.45,101.0,101.0,0.56,44.08,49946.15059999999
56,2024-03-02,1,Avocado,7,10.0,10.0,0.1246612466124661,2.133034444766336,19.94484544491369,1.762016162633864,1.70772999055128,323,369,54.25,0.0,101.0,101.0,0.56,44.08,49946.15059999999
57,2024-03-03,1,Avocado,10,10.0,10.0,2.3095238095238093,2.6049437954795627,-15.699850250135327,-0.0193951434056067,-0.02129627035208259,110,-84,49.79,42.63,101.0,101.0,0.56,44.08,49946.15059999999
58,2024-03-04,1,Avocado,9,10.0,10.0,0.9821428571428572,0.7313558126380728,9.26258730778101,1.1636705815436172,1.0308770589921068,1,56,51.37,67.69,101.0,101.0,0.56,44.08,49946.15059999999
59,2024-03-05,1,Avocado,1,10.0,10.0,-0.7777777777777777,1.2745176680257235,11.769080350302456,1.1941095781700908,1.2117290075583917,352,198,50.05,0.0,101.0,101.0,0.56,44.08,49946.15059999999
60,2024-03-06,1,Avocado,1,10.0,10.0,-0.4887005649717515,0.6550791044480979,-1.3743702555222903,0.4346590507460807,0.4925816514220289,527,354,51.83,0.0,101.0,101.0,0.56,44.08,49946.15059999999
61,2024-03-07,1,Avocado,7,10.0,10.0,0.0947075208913649,1.2808936769189174,1.0272818567120234,0.6780685375858128,0.6767049551044824,650,718,49.79,0.0,101.0,101.0,0.56,44.08,49946.15059999999
62,2024-03-08,1,Avocado,2,9.0,9.0,-0.1043613707165109,0.3737074359110919,3.671194224130444,0.7296838277395036,0.7152624780202654,709,642,45.45,0.0,101.0,101.0,0.56,44.08,49946.15059999999
63,2024-03-09,1,Avocado,4,10.0,10.0,-0.0106809078771694,-1.4525652046633537,2.0220912059827167,0.3499255081007856,0.4452180621618558,757,749,55.19,0.0,101.0,101.0,0.56,44.08,49946.15059999999
64,2024-03-10,1,Avocado,5,10.0,10.0,0.0363864491844416,2.3548522845075057,1.909870309528778,0.8155203182081155,0.8311596402494201,768,797,52.52,0.0,101.0,101.0,0.56,44.08,49946.15059999999
65,2024-03-11,1,Avocado,10,10.0,10.0,1.010989010989011,1.1964381275834763,-11.760038063299769,0.0132211375239795,0.030332655303916156,1,-91,46.6,115.23,101.0,101.0,0.56,44.08,49946.15059999999
66,2024-03-12,1,Avocado,9,10.0,10.0,1.0,-1.2603966939320892,16.5233156478312,1.1816879361880737,1.1881373074728825,0,-53,57.29,107.96,101.0,101.0,0.56,44.08,49946.15059999999
67,2024-03-13,1,Avocado,2,9.0,9.0,-0.1690962099125363,2.925564511051548,15.796185920368211,1.5508544597420353,1.5823419228203837,401,343,50.66,0.0,101.0,101.0,0.56,44.08,49946.15059999999
68,2024-03-14,1,Avocado,6,10.0,10.0,0.0545746388443018,0.1854032712335156,-3.133642592042028,0.2946985703668281,0.3565496183017701,589,623,55.68,0.0,101.0,101.0,0.56,44.08,49946.15059999999
69,2024-03-15,1,Avocado,10,10.0,10.0,13.0,2.1038907915922778,-9.66424327802514,0.2650788178290587,0.2281656552715724,132,-11,59.29,52.11,101.0,101.0,0.56,44.08,49946.15059999999
70,2024-03-16,1,Avocado,2,9.0,9.0,-0.1540178571428572,3.458181124355073,10.210648764527583,1.327158508462403,1.3585702637791672,517,448,56.51,0.0,101.0,101.0,0.56,44.08,49946.15059999999
71,2024-03-17,1,Avocado,3,9.0,9.0,-0.0866510538641687,2.257965821514821,-0.7578796981306617,0.6367175246249064,0.6881589910101069,464,427,61.79,14.2,101.0,101.0,0.56,44.08,49946.15059999999
72,2024-03-18,1,Avocado,3,10.0,9.0,-0.0858143607705779,4.278801369086601,6.4195316332077965,1.2108600051781546,1.2539010463504794,620,571,50.14,0.0,101.0,101.0,0.56,44.08,49946.15059999999
73,2024-03-19,1,Avocado,10,10.0,10.0,1.2747252747252746,-0.4696516407073052,1.806715828549048,0.5197544653693741,0.5355560297671023,25,-91,58.55,69.15,101.0,101.0,0.56,44.08,49946.15059999999
74,2024-03-20,1,Avocado,9,10.0,9.0,0.7722772277227723,2.8046832823550982,11.915387510701866,1.3816700600062546,1.3763805883882776,23,101,53.34,69.47,101.0,101.0,0.56,44.08,49946.15059999999
75,2024-03-21,1,Avocado,2,10.0,10.0,-0.1235955056179776,0.6303798181193736,11.94749143656006,1.1938295029579649,1.1543858666569249,400,356,52.63,0.0,101.0,101.0,0.56,44.08,49946.15059999999
76,2024-03-22,1,Avocado,3,10.0,10.0,-0.0839160839160839,0.2584057016362364,-2.2559737846358434,0.3653829060310779,0.4078250830598881,620,572,54.31,0.0,101.0,101.0,0.56,44.08,49946.15059999999
77,2024-03-23,1,Avocado,8,10.0,10.0,0.1855541718555416,0.8423006704711691,-8.833639553950555,0.1185832194718674,0.13985047892350205,654,803,55.87,0.0,101.0,101.0,0.56,44.08,49946.15059999999
78,2024-03-24,1,Avocado,10,10.0,10.0,3.083333333333333,1.376894935745255,-10.82938397335082,0.0289449085059857,0.09530055880902188,50,-24,57.93,61.04,101.0,101.0,0.56,44.08,49946.15059999999
79,2024-03-25,1,Avocado,8,9.0,10.0,0.2435677530017153,2.112330684459491,11.103793791072052,1.096807758328433,1.2647089854406233,441,583,52.05,0.0,101.0,101.0,0.56,44.08,49946.15059999999
80,2024-03-26,1,Avocado,3,10.0,10.0,-0.1005802707930367,-0.3302996815667129,-6.8885925778402886,0.1303300994878937,0.11626247247397065,569,517,62.6,0.0,101.0,101.0,0.56,44.08,49946.15059999999
81,2024-03-27,1,Avocado,5,10.0,9.0,0.0,3.801652973908374,-0.0681635429868752,0.9527572961165308,0.8813001772847953,613,613,60.65,0.0,101.0,101.0,0.56,44.08,49946.15059999999
82,2024-03-28,1,Avocado,6,10.0,10.0,0.0448369565217391,2.93132487946092,-0.9631403845050812,0.7710796313884791,0.7471681558878586,703,736,50.87,0.0,101.0,101.0,0.56,44.08,49946.15059999999
83,2024-03-29,1,Avocado,5,10.0,10.0,0.0330578512396694,-1.0724873725544477,4.474327037304537,0.5911146168026327,0.6065934370588835,702,726,66.21,0.0,101.0,101.0,0.56,44.08,49946.15059999999
84,2024-03-30,1,Avocado,1,10.0,10.0,-1.381720430107527,4.976504387591199,-14.36279805846507,0.2843344929661281,0.28926155957122457,443,186,68.47,18.88,101.0,101.0,0.56,44.08,49946.15059999999
85,2024-03-31,1,Avocado,9,9.0,9.0,0.5155555555555555,5.791778352061167,6.887785967938285,1.364826128553278,1.432840117972554,109,225,65.11,52.39,102.93,102.93,0.56,44.08,49946.15059999999
86,2024-04-01,1,Avocado,8,10.0,10.0,0.2780612244897958,4.357559142319301,10.238910238342056,1.441586808247404,1.452467664877124,283,392,58.54,8.84,102.93,102.93,0.56,44.08,49946.15059999999
87,2024-04-02,1,Avocado,8,10.0,10.0,0.1873239436619718,1.6401503283752985,5.884220870446614,0.9368406137069818,0.9558586401167621,577,710,54.31,0.0,102.93,102.93,0.56,44.08,49946.15059999999
88,2024-04-03,1,Avocado,2,10.0,10.0,-0.1337579617834394,-0.141505243021085,1.891138283015283,0.5377706782452865,0.5735111863578226,534,471,65.16,9.74,102.93,102.93,0.56,44.08,49946.15059999999
89,2024-04-04,1,Avocado,1,10.0,9.0,-1.768292682926829,4.108903453862274,5.974001662687834,1.2298730400108515,1.2142114909532378,227,82,58.1,39.9,102.93,102.93,0.56,44.08,49946.15059999999
90,2024-04-05,1,Avocado,2,10.0,10.0,-0.1873536299765807,1.1936461060536407,8.9904634564013,1.198881141644382,1.064846469933692,507,427,66.45,0.0,102.93,102.93,0.56,44.08,49946.15059999999
91,2024-04-06,1,Avocado,9,10.0,10.0,1.0,4.444890140764855,-22.725927564266502,-0.1085348888151039,-0.18246584355143936,0,-128,61.6,195.59,102.93,102.93,0.56,44.08,49946.15059999999
92,2024-04-07,1,Avocado,9,10.0,10.0,0.6349206349206349,2.4165499561537205,24.559123082506943,1.9660074986746143,1.9669935813618413,92,252,65.67,39.01,102.93,102.93,0.56,44.08,49946.15059999999
93,2024-04-08,1,Avocado,7,10.0,10.0,0.0807860262008733,3.9532780729674255,8.900933226879264,1.3845802013764987,1.344169996859095,421,458,62.79,0.0,102.93,102.93,0.56,44.08,49946.15059999999
94,2024-04-09,1,Avocado,2,10.0,10.0,-0.2057522123893804,2.7127327943488035,-1.5240858238702,0.7382043599448517,0.6967154868987945,545,452,64.76,0.0,102.93,102.93,0.56,44.08,49946.15059999999
95,2024-04-10,1,Avocado,1,10.0,10.0,-0.4605263157894737,3.413146336383896,1.090466248123989,0.8634610447602982,0.8991272653284922,111,76,61.51,49.37,102.93,102.93,0.56,44.08,49946.15059999999
96,2024-04-11,1,Avocado,2,9.0,10.0,-0.1645244215938304,2.021000041441641,9.937417773491884,1.2311660964937892,1.1971512699692886,453,389,70.61,0.0,102.93,102.93,0.56,44.08,49946.15059999999
97,2024-04-12,1,Avocado,6,10.0,9.0,0.0558139534883721,5.571740987811671,3.8389606096563353,1.1770725243386762,1.2581714378013884,609,645,62.53,0.0,102.93,102.93,0.56,44.08,49946.15059999999
98,2024-04-13,1,Avocado,9,10.0,10.0,1.0,2.25382418540724,-15.306844677814944,-0.0802247349426023,-0.03780516577783477,0,45,64.13,206.45,102.93,102.93,0.56,44.08,49946.15059999999
99,2024-04-14,1,Avocado,7,10.0,10.0,0.1362530413625303,2.803978726889403,25.644928613593198,2.074581946888906,2.060982765152139,355,411,71.76,0.0,102.93,102.93,0.56,44.08,49946.15059999999
100,2024-04-15,1,Avocado,9,10.0,9.0,1.0,5.766301394112508,3.894593427675274,1.250620427677158,1.2809535025370593,0,-99,55.83,102.02,102.93,102.93,0.56,44.08,49946.15059999999
101,2024-04-16,1,Avocado,8,10.0,10.0,0.21656050955414,-0.6955181222848927,15.201727117157995,1.2783584757809217,1.1803209815282683,369,471,56.44,0.0,102.93,102.93,0.56,44.08,49946.15059999999
102,2024-04-17,1,Avocado,9,10.0,10.0,1.0,-0.5409699969714672,-1.9204984778439116,0.3822800981384249,0.34235056334793523,0,-74,67.86,153.64,102.93,102.93,0.56,44.08,49946.15059999999
103,2024-04-18,1,Avocado,9,9.0,10.0,0.6117216117216118,3.938793416316022,20.363770542457974,1.8929659626962023,1.9143174745726899,106,273,57.37,28.63,102.93,102.93,0.56,44.08,49946.15059999999
104,2024-04-19,1,Avocado,10,10.0,10.0,1.3725490196078431,-0.3462468102283198,7.863436888922796,0.8350181777676338,0.850287355875688,19,-51,73.18,60.88,102.93,102.93,0.56,44.08,49946.15059999999
105,2024-04-20,1,Avocado,6,10.0,10.0,0.0507246376811594,5.887242371298585,11.088438344754508,1.652494684778248,1.6521383672398087,393,414,61.62,0.0,102.93,102.93,0.56,44.08,49946.15059999999
106,2024-04-21,1,Avocado,9,10.0,10.0,1.0,1.1727620384805053,-5.452533661469548,0.291872956342464,0.3424450774604724,0,-102,60.17,121.11,102.93,102.93,0.56,44.08,49946.15059999999
107,2024-04-22,1,Avocado,10,10.0,10.0,1.5,0.5050903771184845,17.11145289682701,1.4358622802179264,1.3990218015245195,13,-26,73.75,68.98,102.93,102.93,0.56,44.08,49946.15059999999
108,2024-04-23,1,Avocado,9,9.0,9.0,1.0,5.84588405296077,11.898181645347885,1.6107323900661974,1.6882661229092726,0,-86,71.76,130.18,102.93,102.93,0.56,44.08,49946.15059999999
109,2024-04-24,1,Avocado,1,10.0,9.0,-0.3797909407665505,4.961029582868848,18.018462295649982,1.9281765828674209,1.9024821796435012,396,287,73.92,0.0,102.93,102.93,0.56,44.08,49946.15059999999
110,2024-04-25,1,Avocado,4,10.0,9.0,-0.0092081031307551,5.73511792085314,-1.2808755964157896,1.0012382756655038,1.0196527212262372,548,543,69.33,0.0,102.93,102.93,0.56,44.08,49946.15059999999
111,2024-04-26,1,Avocado,9,9.0,9.0,1.0,3.8120893165507703,0.1897288153921223,0.9114260483292465,0.8952341659780928,0,74,60.72,230.39,102.93,102.93,0.56,44.08,49946.15059999999
112,2024-04-27,1,Avocado,1,10.0,10.0,-0.3896551724137931,0.2775486298905949,28.039166976839415,1.8790839155641323,1.9205735247143982,403,290,74.8,0.0,102.93,102.93,0.56,44.08,49946.15059999999
113,2024-04-28,1,Avocado,1,10.0,9.0,-0.3062499999999999,5.820129906198067,-5.6001582272154735,0.8142543396134391,0.8129978832216285,627,480,64.13,0.0,102.93,102.93,0.56,44.08,49946.15059999999
114,2024-04-29,1,Avocado,10,10.0,10.0,2.0,1.4639932580972392,3.640502993216792,0.9490418625461964,0.8258520932328737,1,-1,69.71,113.69,102.93,102.93,0.56,44.08,49946.15059999999
115,2024-04-30,1,Avocado,2,10.0,10.0,-0.1732283464566928,3.60491279159279,16.368913626026952,1.6560761228375935,1.6807642773969482,298,254,70.66,9.77,103.34,103.34,0.56,44.08,49946.15059999999
116,2024-05-01,1,Avocado,8,10.0,10.0,0.289855072463768,3.894503935547496,5.977249677148556,1.2041828704286286,1.1923255718253736,49,69,65.37,58.3,103.34,103.34,0.56,44.08,49946.15059999999
117,2024-05-02,1,Avocado,8,9.0,10.0,0.2825443786982249,1.6899798138183315,10.829536797532937,1.2857531687463457,1.207599454268872,485,676,69.44,0.0,103.34,103.34,0.56,44.08,49946.15059999999
