data/data_demo.csv
,Date,ProductID,Product,Low_Stock_Priority,Demand_Priority,Profitability_Priority,Low_Stock_Risk,cp,price_market,a,pred_s3,OrderQuantity,Inventory,Temperature,Rainfall,CPI,MCPI,Female,Age,Income
118,2024-05-03,1,Avocado,2,10.0,10.0,-0.196969696969697,3.228158740692161,1.0055097073712482,0.9111765666807852,0.8758672893891841,158,132,71.2,37.01,103.34,103.34,0.56,44.08,49946.15059999999
119,2024-05-04,1,Avocado,1,10.0,10.0,-0.2321899736147756,3.844413343133054,8.700558878475189,1.3410635524442962,1.3229824198339717,467,379,68.7,0.0,103.34,103.34,0.56,44.08,49946.15059999999
120,2024-05-05,1,Avocado,9,10.0,10.0,1.0,2.752851062311259,-8.065268517353166,0.321337216737408,0.3746406682185401,0,54,61.54,165.81,103.34,103.34,0.56,44.08,49946.15059999999
121,2024-05-06,1,Avocado,6,9.0,10.0,0.0610328638497652,-0.1988015811683889,21.58130679618188,1.4953057630774227,1.549542570370593,400,426,68.75,0.0,103.34,103.34,0.56,44.08,49946.15059999999
122,2024-05-07,1,Avocado,8,10.0,9.0,0.1522693997071742,2.596476348412112,3.8183595487143034,0.9532372343110492,0.9511810989332916,579,683,74.12,0.0,103.34,103.34,0.56,44.08,49946.15059999999
123,2024-05-08,1,Avocado,9,10.0,9.0,0.8062283737024222,4.652771793374061,-1.8017820399685036,0.852026284573321,0.8823721193812359,56,289,64.24,66.64,103.34,103.34,0.56,44.08,49946.15059999999
124,2024-05-09,1,Avocado,1,10.0,10.0,-0.2566666666666666,0.610864280537269,11.663830820319143,1.1433250583809196,1.1382331838976172,377,300,67.18,0.0,103.34,103.34,0.56,44.08,49946.15059999999
125,2024-05-10,1,Avocado,5,9.0,9.0,0.0229508196721311,1.7007309193446585,0.3928021261144669,0.699996031941165,0.6882384593936771,596,610,65.98,0.0,103.34,103.34,0.56,44.08,49946.15059999999
126,2024-05-11,1,Avocado,1,10.0,10.0,-0.4402515723270439,1.1296928965567252,-8.342584714027534,0.1620186620121515,0.1938928939120106,687,477,77.63,0.0,103.34,103.34,0.56,44.08,49946.15059999999
127,2024-05-12,1,Avocado,2,10.0,8.0,-0.125,5.698527456958684,-8.467175057975552,0.6711991440977867,0.6575183705715637,63,56,71.96,69.38,103.34,103.34,0.56,44.08,49946.15059999999
128,2024-05-13,1,Avocado,7,9.0,10.0,0.1049382716049383,3.3445895140248707,11.937731526901326,1.524273337177109,1.4330164128180647,435,486,70.86,0.0,103.34,103.34,0.56,44.08,49946.15059999999
129,2024-05-14,1,Avocado,1,10.0,10.0,-0.3184855233853005,2.814923672482221,3.4042656185373312,0.9012385988060664,0.9529949168037255,592,449,65.2,0.0,103.34,103.34,0.56,44.08,49946.15059999999
130,2024-05-15,1,Avocado,9,10.0,10.0,0.9682539682539684,0.4601678511093672,3.662984403315608,0.7056886873506716,0.7237442695502612,2,63,71.97,107.77,103.34,103.34,0.56,44.08,49946.15059999999
131,2024-05-16,1,Avocado,3,9.0,10.0,-0.0922619047619046,3.0784983825836347,15.777438059762629,1.594241208312495,1.597134030575227,367,336,66.13,0.0,103.34,103.34,0.56,44.08,49946.15059999999
132,2024-05-17,1,Avocado,7,10.0,10.0,0.1189024390243902,0.6513346786852479,-6.268258087567435,0.3087435471871826,0.24814467318849698,578,656,69.88,0.0,103.34,103.34,0.56,44.08,49946.15059999999
133,2024-05-18,1,Avocado,3,10.0,10.0,-0.072,2.0636611165487024,-2.306777528648248,0.5317081351883728,0.5909360078515186,670,625,66.76,0.0,103.34,103.34,0.56,44.08,49946.15059999999
134,2024-05-19,1,Avocado,2,10.0,10.0,-0.1785714285714286,0.7283078432422381,1.151201908187245,0.577133474514382,0.6260592184867505,594,504,73.55,9.44,103.34,103.34,0.56,44.08,49946.15059999999
135,2024-05-20,1,Avocado,5,10.0,10.0,0.036075036075036,3.3528665898929995,5.94351589317074,1.0242794030070188,1.1349437341970843,668,693,73.27,0.0,103.34,103.34,0.56,44.08,49946.15059999999
136,2024-05-21,1,Avocado,7,10.0,8.0,0.0920897284533648,3.153181633229882,4.5782854870942105,1.0222143270170063,1.0463267290865388,769,847,69.57,0.0,103.34,103.34,0.56,44.08,49946.15059999999
137,2024-05-22,1,Avocado,7,10.0,10.0,0.1167964404894327,1.58340248884401,2.131128076100924,0.7989039409905389,0.7628610138226246,794,899,72.82,0.0,103.34,103.34,0.56,44.08,49946.15059999999
138,2024-05-23,1,Avocado,6,10.0,9.0,0.0541237113402062,2.7920134253232907,4.383735979043526,1.0516493769334123,0.9994838612036145,734,776,65.6,0.0,103.34,103.34,0.56,44.08,49946.15059999999
139,2024-05-24,1,Avocado,3,10.0,10.0,-0.0577663671373556,-0.1861230174610115,3.926947237088253,0.6955927431736981,0.6704460778542303,824,779,63.83,0.0,103.34,103.34,0.56,44.08,49946.15059999999
140,2024-05-25,1,Avocado,4,10.0,10.0,-0.014686248331108,-0.9825151854112112,-2.1960438855179287,0.2618984382138596,0.2832029222905767,760,749,73.71,0.0,103.34,103.34,0.56,44.08,49946.15059999999
141,2024-05-26,1,Avocado,2,10.0,10.0,-0.1798780487804878,2.878783402529074,-3.129929885540774,0.6667054266609874,0.6337100067389592,387,328,72.57,27.45,103.34,103.34,0.56,44.08,49946.15059999999
142,2024-05-27,1,Avocado,7,10.0,10.0,0.0962643678160919,2.333346990745058,7.745163577239396,1.1308088074672813,1.1199467328951735,629,696,75.13,0.0,103.34,103.34,0.56,44.08,49946.15059999999
143,2024-05-28,1,Avocado,5,10.0,10.0,0.0219298245614034,3.270062873784213,-3.90915082995528,0.5355134659341607,0.635088697831736,669,684,84.09,0.0,103.34,103.34,0.56,44.08,49946.15059999999
144,2024-05-29,1,Avocado,5,10.0,8.0,0.0289435600578871,6.766289549727884,-6.573552591908536,0.7865465837465847,0.8617548049928511,671,691,77.12,0.0,103.34,103.34,0.56,44.08,49946.15059999999
145,2024-05-30,1,Avocado,8,9.0,9.0,0.2097156398104265,3.888958973980828,1.8770774887430668,1.0583430370950508,0.9872850170569747,667,844,68.06,0.0,103.34,103.34,0.56,44.08,49946.15059999999
146,2024-05-31,1,Avocado,9,10.0,10.0,1.0,0.1743555491116828,3.423329838361841,0.704712300978024,0.6824013366534043,0,89,78.43,225.67,103.98,103.98,0.56,44.08,49946.15059999999
147,2024-06-01,1,Avocado,7,9.0,9.0,0.1089324618736383,4.234032576191706,27.56723497298209,2.2330252868428464,2.3039061024356915,409,459,66.49,0.0,103.98,103.98,0.56,44.08,49946.15059999999
148,2024-06-02,1,Avocado,10,10.0,10.0,1.0103092783505154,-0.6318148210230423,-2.0470027585623374,0.3754660353726681,0.3266998789976062,1,-97,70.99,94.33,103.98,103.98,0.56,44.08,49946.15059999999
149,2024-06-03,1,Avocado,9,10.0,10.0,0.3333333333333333,1.076830790370582,14.432607249694948,1.3823851895099375,1.3242264428355066,4,6,73.18,74.72,103.98,103.98,0.56,44.08,49946.15059999999
150,2024-06-04,1,Avocado,1,10.0,10.0,-0.3428571428571427,1.8635167893507376,12.471883342046318,1.2881941445644052,1.3073469441245065,329,245,82.31,0.0,103.98,103.98,0.56,44.08,49946.15059999999
151,2024-06-05,1,Avocado,9,10.0,9.0,0.8774193548387097,5.426685443298734,-6.889449552037361,0.7310801715473447,0.7082424964785752,19,155,70.24,77.33,103.98,103.98,0.56,44.08,49946.15059999999
152,2024-06-06,1,Avocado,1,9.0,10.0,-0.5924528301886793,0.5104903559031202,12.732529774025997,1.000670492394023,1.1812058236947816,422,265,70.06,0.0,103.98,103.98,0.56,44.08,49946.15059999999
153,2024-06-07,1,Avocado,7,9.0,9.0,0.1292134831460674,0.3471229226819712,-6.8388064019331765,0.2414508119309461,0.18840837475087807,620,712,73.92,0.0,103.98,103.98,0.56,44.08,49946.15059999999
154,2024-06-08,1,Avocado,8,10.0,10.0,0.2564102564102564,1.8030949511491356,-21.591722379967408,-0.3405188542874631,-0.39757495810522137,87,117,71.32,60.63,103.98,103.98,0.56,44.08,49946.15059999999
155,2024-06-09,1,Avocado,8,10.0,10.0,0.2755632582322357,0.6730434272757853,11.063195243593809,1.064228969169082,1.1146744840372804,418,577,80.49,0.0,103.98,103.98,0.56,44.08,49946.15059999999
156,2024-06-10,1,Avocado,1,10.0,10.0,-2.702702702702702,4.253271844213014,-12.558905834377192,0.3114861626782069,0.3048453344127383,137,37,69.68,45.09,103.98,103.98,0.56,44.08,49946.15059999999
157,2024-06-11,1,Avocado,7,10.0,10.0,0.1048252911813644,-0.1598630167268466,9.50934461805915,0.9425749020779008,0.9515335471026487,538,601,69.57,0.0,103.98,103.98,0.56,44.08,49946.15059999999
158,2024-06-12,1,Avocado,9,10.0,10.0,1.0,-0.2949373048222048,-1.8401089773721664,0.3733743466106298,0.37166039320963573,0,-110,73.34,165.96,103.98,103.98,0.56,44.08,49946.15059999999
159,2024-06-13,1,Avocado,9,10.0,10.0,1.0,1.124359910511132,21.59550796189872,1.670967366919296,1.6863188106143059,0,44,73.26,106.85,103.98,103.98,0.56,44.08,49946.15059999999
160,2024-06-14,1,Avocado,8,9.0,10.0,0.1793372319688109,1.0039350986153903,15.685093993160091,1.318033436176803,1.3791900836414237,421,513,85.63,0.0,103.98,103.98,0.56,44.08,49946.15059999999
161,2024-06-15,1,Avocado,2,9.0,8.0,-0.134469696969697,5.859064107633971,0.4661419614861231,1.203733693991786,1.1195203241756146,599,528,80.95,0.0,103.98,103.98,0.56,44.08,49946.15059999999
162,2024-06-16,1,Avocado,5,10.0,9.0,0.0220994475138122,3.8988416138515216,-1.8783761102868235,0.7804498133918503,0.8010216427834684,708,724,76.86,0.0,103.98,103.98,0.56,44.08,49946.15059999999
163,2024-06-17,1,Avocado,5,10.0,10.0,0.0237099023709902,2.1751024827703818,-7.1407740309412056,0.3657092989430893,0.3613309283665986,700,717,70.52,0.0,103.98,103.98,0.56,44.08,49946.15059999999
164,2024-06-18,1,Avocado,7,10.0,10.0,0.1270648030495552,-0.450871037660336,0.5907736770740861,0.4339815510750991,0.47684986577871535,687,787,81.09,0.0,103.98,103.98,0.56,44.08,49946.15059999999
165,2024-06-19,1,Avocado,6,10.0,9.0,0.0404551201011378,3.688725952803094,2.196445048154909,0.9268514896318376,0.9826203943473932,759,791,72.09,0.0,103.98,103.98,0.56,44.08,49946.15059999999
166,2024-06-20,1,Avocado,2,10.0,10.0,-0.1987315010570824,-0.0004306947791294,1.353064556083146,0.5882400790800194,0.561185618215336,567,473,69.59,15.67,103.98,103.98,0.56,44.08,49946.15059999999
167,2024-06-21,1,Avocado,7,10.0,10.0,0.0956521739130434,-1.0895421935552232,6.56703855272364,0.7457173122882154,0.7092004380225263,104,115,83.48,57.85,103.98,103.98,0.56,44.08,49946.15059999999
168,2024-06-22,1,Avocado,10,10.0,9.0,4.297297297297297,4.376059584704604,10.785214977288785,1.520762915801137,1.481613685765406,122,-37,79.35,34.97,103.98,103.98,0.56,44.08,49946.15059999999
169,2024-06-23,1,Avocado,1,10.0,10.0,-0.5032679738562091,2.633885223849699,8.49654456993174,1.2434044510062414,1.1883231566259722,460,306,82.59,0.0,103.98,103.98,0.56,44.08,49946.15059999999
170,2024-06-24,1,Avocado,7,9.0,9.0,0.1032448377581121,3.841717647561638,-2.6414392390644306,0.7415894257779041,0.757094287101484,608,678,79.81,0.0,103.98,103.98,0.56,44.08,49946.15059999999
171,2024-06-25,1,Avocado,9,10.0,10.0,1.0,2.6374553058860424,-9.377914738015784,0.2726396404881676,0.2973138957687602,0,-82,82.72,136.45,103.98,103.98,0.56,44.08,49946.15059999999
172,2024-06-26,1,Avocado,1,10.0,10.0,-0.3086816720257235,3.7136612238053823,18.645318481024717,1.8409727380742205,1.8054688772923688,407,311,75.4,0.0,103.98,103.98,0.56,44.08,49946.15059999999
173,2024-06-27,1,Avocado,2,10.0,10.0,-0.1999999999999999,0.6979488133997063,-1.8944918454993769,0.44319832889348,0.4710523842083892,582,485,73.71,0.0,103.98,103.98,0.56,44.08,49946.15059999999
174,2024-06-28,1,Avocado,5,10.0,10.0,0.0134328358208954,-0.0684856835689293,-1.5229359993501914,0.4605925564704889,0.4107646815341126,661,670,82.51,0.0,103.98,103.98,0.56,44.08,49946.15059999999
175,2024-06-29,1,Avocado,6,10.0,9.0,0.0552560646900269,3.363189036563254,-0.2118931230111087,0.8444492618678845,0.8290428848899731,701,742,75.31,0.0,103.98,103.98,0.56,44.08,49946.15059999999
176,2024-06-30,1,Avocado,5,10.0,10.0,0.0305980528511822,0.3931806716523178,-13.430695501566486,-0.0744653861839177,-0.13558431763412082,697,719,76.11,0.0,105.16,105.16,0.56,44.08,49946.15059999999
177,2024-07-01,1,Avocado,5,10.0,10.0,0.0066934404283801,0.6209004444995989,0.2202599595951335,0.6066226268721081,0.5685890363968918,742,747,77.5,0.0,105.16,105.16,0.56,44.08,49946.15059999999
178,2024-07-02,1,Avocado,1,10.0,10.0,-0.3977272727272727,1.0889349929653136,0.2034418599205238,0.5663433010979995,0.6158809318383835,123,88,80.09,62.04,105.16,105.16,0.56,44.08,49946.15059999999
1432,2024-01-06,9,Yogurt,6,2.0,2.0,0.0402010050251255,16.617960373649264,41.56582135917408,34.187123033175546,34.16130593134565,764,796,42.22,0.0,100.7,100.7,0.56,44.08,49946.15059999999
1433,2024-01-07,9,Yogurt,8,2.0,3.0,0.1406392694063927,13.588989289960356,36.52789822041471,29.17269760236881,29.170911554402593,941,1095,45.34,0.0,100.7,100.7,0.56,44.08,49946.15059999999
1434,2024-01-08,9,Yogurt,4,2.0,2.0,-0.0319792566983578,18.895739328222504,32.864763972455194,32.275877034331465,32.29295669218135,1194,1157,51.87,0.0,100.7,100.7,0.56,44.08,49946.15059999999
1435,2024-01-09,9,Yogurt,1,2.0,2.0,-1.0191082802547773,16.488498479119464,32.97111675483997,30.144311570105938,30.17674688585967,317,157,50.23,62.52,100.7,100.7,0.56,44.08,49946.15059999999
1436,2024-01-10,9,Yogurt,3,2.0,1.0,-0.0856353591160221,20.651415918648745,28.66203982347203,31.975238127086595,31.97978659244382,786,724,36.23,0.0,100.7,100.7,0.56,44.08,49946.15059999999
1437,2024-01-11,9,Yogurt,3,2.0,2.0,-0.0951871657754011,17.316035444631897,53.96167193749268,40.28961221512861,40.36780245506674,1024,935,46.09,0.0,100.7,100.7,0.56,44.08,49946.15059999999
1438,2024-01-12,9,Yogurt,4,2.0,3.0,-0.028957528957529,16.91728082313756,42.58346837368779,34.96863645789822,34.888397953792015,1066,1036,40.81,5.22,100.7,100.7,0.56,44.08,49946.15059999999
1439,2024-01-13,9,Yogurt,3,2.0,2.0,-0.097966728280961,18.183043893557755,46.58651930066243,37.85688372151982,37.827933648119696,1188,1082,41.27,0.0,100.7,100.7,0.56,44.08,49946.15059999999
1440,2024-01-14,9,Yogurt,9,1.0,1.0,1.0,20.10687949726089,56.78189364481597,44.14292183599133,44.1460144882805,0,13,44.06,154.3,100.7,100.7,0.56,44.08,49946.15059999999
1441,2024-01-15,9,Yogurt,8,3.0,2.0,0.2566489361702128,16.87318467376366,32.79882843068447,30.41434876145394,30.445033408348372,559,752,42.95,0.0,100.7,100.7,0.56,44.08,49946.15059999999
1442,2024-01-16,9,Yogurt,7,2.0,2.0,0.1283643892339544,20.029475389659552,35.584543246842856,34.536055330765,34.53624648071744,421,483,49.73,26.71,100.7,100.7,0.56,44.08,49946.15059999999
1443,2024-01-17,9,Yogurt,6,2.0,1.0,0.0788863109048724,20.88060728203525,47.54715536693784,40.728656216066895,40.68535350933537,794,862,46.49,0.0,100.7,100.7,0.56,44.08,49946.15059999999
1444,2024-01-18,9,Yogurt,5,2.0,2.0,0.0365965233302836,19.98064562131189,26.75920447919633,30.57479546938,30.520374240250547,1053,1093,43.51,0.0,100.7,100.7,0.56,44.08,49946.15059999999
1445,2024-01-19,9,Yogurt,1,2.0,2.0,-0.5777777777777777,21.252862981984517,39.21291487003131,37.22820382879687,37.26905722671202,355,225,45.35,52.33,100.7,100.7,0.56,44.08,49946.15059999999
1446,2024-01-20,9,Yogurt,2,2.0,2.0,-0.1834415584415585,20.58529204202494,35.75106926899532,35.06606757086166,35.110865298649955,729,616,45.02,0.0,100.7,100.7,0.56,44.08,49946.15059999999
1447,2024-01-21,9,Yogurt,9,2.0,1.0,0.695906432748538,21.02976458778601,48.29522442169536,41.26355061691074,41.15612342040019,52,171,51.05,77.18,100.7,100.7,0.56,44.08,49946.15059999999
1448,2024-01-22,9,Yogurt,9,2.0,1.0,1.0,21.20865263883128,40.74184133636131,37.978445619196535,37.91742884941348,0,-44,42.77,82.35,100.7,100.7,0.56,44.08,49946.15059999999
1449,2024-01-23,9,Yogurt,9,1.0,2.0,1.0,18.41613905925993,65.08149279376958,46.39662290757165,46.36142079578732,0,-72,45.59,216.32,100.7,100.7,0.56,44.08,49946.15059999999
1450,2024-01-24,9,Yogurt,9,2.0,2.0,1.0,17.141552200855603,54.37891372069394,40.39097584289645,40.39873035814987,0,217,39.98,133.65,100.7,100.7,0.56,44.08,49946.15059999999
1451,2024-01-25,9,Yogurt,6,3.0,4.0,0.0543689320388349,13.475512729512388,36.46761515724689,29.084589294235386,29.041766443243265,487,515,31.7,0.0,100.7,100.7,0.56,44.08,49946.15059999999
1452,2024-01-26,9,Yogurt,8,2.0,3.0,0.2196307094266277,15.354533760956407,41.1268656254315,32.7625082575134,32.827944729178874,803,1029,47.96,0.0,100.7,100.7,0.56,44.08,49946.15059999999
1453,2024-01-27,9,Yogurt,10,2.0,2.0,1.074074074074074,17.10343440168241,41.52415487084556,34.65554907447142,34.57898758969794,4,-54,49.24,109.97,100.7,100.7,0.56,44.08,49946.15059999999
1454,2024-01-28,9,Yogurt,9,1.0,3.0,0.8113207547169812,17.23652982551887,78.06574349110562,51.14067280272765,51.14472392591583,10,53,41.43,65.53,100.7,100.7,0.56,44.08,49946.15059999999
1455,2024-01-29,9,Yogurt,10,2.0,1.0,1.0666666666666669,17.694411073195827,29.89800356021859,29.918614643082545,29.877744943738737,5,-75,56.71,64.01,100.7,100.7,0.56,44.08,49946.15059999999
1456,2024-01-30,9,Yogurt,1,2.0,3.0,-0.3792270531400965,15.9984790195025,47.03539700404613,36.09687065811777,36.06606482720944,571,414,38.31,0.0,100.7,100.7,0.56,44.08,49946.15059999999
1457,2024-01-31,9,Yogurt,4,3.0,4.0,-0.0363636363636363,14.808444777117373,24.155678646384708,24.69107714471566,24.69888335186926,855,825,46.04,0.0,100.7,100.7,0.56,44.08,49946.15059999999
1458,2024-02-01,9,Yogurt,1,2.0,3.0,-0.2439613526570048,17.73955366706655,44.93062558794077,36.675611497178366,36.68398261730208,1030,828,45.1,0.0,100.7,100.7,0.56,44.08,49946.15059999999
1459,2024-02-02,9,Yogurt,7,2.0,2.0,0.0919999999999999,17.62116414237642,64.09890561909012,45.26463441379313,45.20452162365436,681,750,53.92,27.99,100.7,100.7,0.56,44.08,49946.15059999999
1460,2024-02-03,9,Yogurt,4,2.0,2.0,-0.0439814814814814,16.38489191690027,40.91544568325892,33.70967815290589,33.65906944110432,902,864,53.83,0.0,100.7,100.7,0.56,44.08,49946.15059999999
1461,2024-02-04,9,Yogurt,9,2.0,2.0,0.564516129032258,16.51569567669923,56.045544214720486,40.49600944965451,40.586186040876484,54,124,47.48,91.02,100.7,100.7,0.56,44.08,49946.15059999999
1462,2024-02-05,9,Yogurt,4,2.0,2.0,-0.0337837837837837,16.119686816255186,44.33884774046796,34.87557933098743,34.961406819979246,153,148,48.82,31.72,100.7,100.7,0.56,44.08,49946.15059999999
1463,2024-02-06,9,Yogurt,10,2.0,2.0,1.1311475409836065,17.206952521967363,40.77501283174565,34.28770201303836,34.33488639839606,8,-61,42.71,78.63,100.7,100.7,0.56,44.08,49946.15059999999
1464,2024-02-07,9,Yogurt,2,2.0,2.0,-0.1674999999999999,16.2873943460095,42.48343641053605,34.23152402623479,34.27711805178593,467,400,37.47,0.0,100.7,100.7,0.56,44.08,49946.15059999999
