data/data_demo.csv
,Date,ProductID,Product,Low_Stock_Priority,Demand_Priority,Profitability_Priority,Low_Stock_Risk,cp,price_market,a,pred_s3,OrderQuantity,Inventory,Temperature,Rainfall,CPI,MCPI,Female,Age,Income
1465,2024-02-08,9,Yogurt,6,2.0,1.0,0.0632497273718647,20.51975066303403,39.13097354819999,36.52078739979127,36.573120715870175,859,917,45.86,0.0,100.7,100.7,0.56,44.08,49946.15059999999
1466,2024-02-09,9,Yogurt,3,1.0,1.0,-0.0453201970443348,18.48199346409024,38.739417281101765,34.58013742634012,34.56498010936076,1061,1015,48.6,0.0,100.7,100.7,0.56,44.08,49946.15059999999
1467,2024-02-10,9,Yogurt,4,3.0,4.0,-0.0213128729752771,16.055364163946965,31.69805587675505,29.19076766973534,29.214405283786014,1198,1173,54.2,0.0,100.7,100.7,0.56,44.08,49946.15059999999
1468,2024-02-11,9,Yogurt,4,2.0,3.0,-0.0279411764705881,17.43910443706509,60.06800728949443,43.28610350471918,43.22668678104796,699,680,54.28,37.92,100.7,100.7,0.56,44.08,49946.15059999999
1469,2024-02-12,9,Yogurt,9,2.0,3.0,1.0,15.639428787297618,41.06923604206556,33.12928601577321,33.058124275123205,0,165,46.55,225.93,100.7,100.7,0.56,44.08,49946.15059999999
1470,2024-02-13,9,Yogurt,8,2.0,2.0,0.2240853658536585,20.024336590349577,47.93774310765753,40.09245316788562,40.09136809667686,509,656,47.2,0.0,100.7,100.7,0.56,44.08,49946.15059999999
1471,2024-02-14,9,Yogurt,4,2.0,2.0,-0.0197674418604651,20.76837344916164,36.23468148560214,35.581315670200084,35.493109763572306,877,860,43.7,0.0,100.7,100.7,0.56,44.08,49946.15059999999
1472,2024-02-15,9,Yogurt,7,2.0,2.0,0.1212121212121212,20.50400396550606,56.1699055941535,44.23127180183156,44.227589441245925,1102,1254,42.06,0.0,100.7,100.7,0.56,44.08,49946.15059999999
1473,2024-02-16,9,Yogurt,3,2.0,2.0,-0.0454545454545454,15.710614737514804,42.2644422209217,33.6368127308406,33.66003975383203,1265,1210,40.85,0.0,100.7,100.7,0.56,44.08,49946.15059999999
1474,2024-02-17,9,Yogurt,8,1.0,3.0,0.1459459459459459,17.817465960547647,44.08967332142195,36.379311646097456,36.3755415917354,474,555,59.36,48.15,100.7,100.7,0.56,44.08,49946.15059999999
1475,2024-02-18,9,Yogurt,3,2.0,2.0,-0.0992268041237114,17.196858648974167,26.710233647040543,28.04402092534465,27.995749094933483,853,776,47.28,0.0,100.7,100.7,0.56,44.08,49946.15059999999
1476,2024-02-19,9,Yogurt,5,2.0,1.0,0.0223964165733482,19.12402621182836,48.95976211139612,39.66279349213879,39.741976659832986,873,893,47.87,6.33,100.7,100.7,0.56,44.08,49946.15059999999
1477,2024-02-20,9,Yogurt,1,2.0,2.0,-0.3996478873239437,15.984180393432204,63.11505704820246,43.27710805966887,43.29010071688059,795,568,44.02,15.65,100.7,100.7,0.56,44.08,49946.15059999999
1478,2024-02-21,9,Yogurt,8,2.0,3.0,0.1463730569948186,16.648216611997967,36.30922414000088,31.837416096814405,31.822696102738742,659,772,54.39,23.22,100.7,100.7,0.56,44.08,49946.15059999999
1479,2024-02-22,9,Yogurt,4,2.0,2.0,-0.0031779661016948,17.173565943296385,40.41770846297517,34.1623323905675,34.14406219135836,947,944,42.66,0.0,100.7,100.7,0.56,44.08,49946.15059999999
1480,2024-02-23,9,Yogurt,3,2.0,1.0,-0.0956022944550669,18.306576938264847,33.61676041784984,32.08503961530465,32.101755225543144,1146,1046,49.89,0.0,100.7,100.7,0.56,44.08,49946.15059999999
1481,2024-02-24,9,Yogurt,2,2.0,2.0,-0.1066176470588236,19.38825741627577,46.29162174240376,38.80510074586206,38.77868051768323,1204,1088,46.7,0.0,100.7,100.7,0.56,44.08,49946.15059999999
1482,2024-02-25,9,Yogurt,5,1.0,3.0,0.0224632068164213,17.342544614526783,45.64024197906828,36.661005124552375,36.646450508053924,1262,1291,53.33,0.0,100.7,100.7,0.56,44.08,49946.15059999999
1483,2024-02-26,9,Yogurt,2,2.0,2.0,-0.1875498802873103,19.32793015105244,52.05081101494469,41.28840668699869,41.316455947234076,1488,1253,49.07,0.0,100.7,100.7,0.56,44.08,49946.15059999999
1484,2024-02-27,9,Yogurt,4,2.0,2.0,-0.0252659574468085,19.64415271359428,50.5147354680092,41.02044833428593,40.9094019103877,771,752,45.94,41.61,100.7,100.7,0.56,44.08,49946.15059999999
1485,2024-02-28,9,Yogurt,7,2.0,2.0,0.1049382716049383,17.573569526256357,36.87483953814399,32.93186787609709,32.909138899934845,1015,1134,51.93,0.0,100.7,100.7,0.56,44.08,49946.15059999999
1486,2024-02-29,9,Yogurt,10,2.0,2.0,44.333333333333336,15.508683734268809,47.24948049064373,35.703522414122915,35.72209725417677,130,-3,54.43,78.12,101.0,101.0,0.56,44.08,49946.15059999999
1487,2024-03-01,9,Yogurt,9,2.0,3.0,1.0,15.65761932913172,41.71698893277527,33.3359164642935,33.36600813716452,0,1,52.85,149.45,101.0,101.0,0.56,44.08,49946.15059999999
1488,2024-03-02,9,Yogurt,4,2.0,2.0,-0.0229885057471264,19.183453950303136,34.08967022623287,33.15693060298916,33.102895343177984,534,522,54.25,0.0,101.0,101.0,0.56,44.08,49946.15059999999
1489,2024-03-03,9,Yogurt,2,2.0,2.0,-0.1826923076923077,17.04755112737066,43.73144127037386,35.52704757585504,35.52217138951072,246,208,49.79,42.63,101.0,101.0,0.56,44.08,49946.15059999999
1490,2024-03-04,9,Yogurt,10,1.0,2.0,1.295774647887324,14.57474135463509,83.01660214967114,51.10214382141435,50.980021330647816,21,-71,51.37,67.69,101.0,101.0,0.56,44.08,49946.15059999999
1491,2024-03-05,9,Yogurt,5,1.0,1.0,0.0218579234972677,19.225904736366,68.15170634005945,48.44978590960854,48.471183949409046,537,549,50.05,0.0,101.0,101.0,0.56,44.08,49946.15059999999
1492,2024-03-06,9,Yogurt,7,2.0,1.0,0.1286141575274177,18.25910904109244,46.39826597767652,37.75028748001501,37.81158893147331,874,1003,51.83,0.0,101.0,101.0,0.56,44.08,49946.15059999999
1493,2024-03-07,9,Yogurt,4,1.0,2.0,-0.0033613445378151,15.188065837714744,62.388572080107565,42.24273176704999,42.24743963258915,1194,1190,49.79,0.0,101.0,101.0,0.56,44.08,49946.15059999999
1494,2024-03-08,9,Yogurt,6,2.0,1.0,0.0614359733530718,20.35883996240529,44.54616635853728,38.877484200448414,38.865652336376854,1268,1351,45.45,0.0,101.0,101.0,0.56,44.08,49946.15059999999
1495,2024-03-09,9,Yogurt,3,2.0,2.0,-0.0474658085277555,19.673271974315497,44.46861660558519,38.11089971766527,38.2144339970544,1302,1243,55.19,0.0,101.0,101.0,0.56,44.08,49946.15059999999
1496,2024-03-10,9,Yogurt,4,2.0,2.0,-0.0274599542334095,18.27749050258036,25.504282123702367,28.41120998226932,28.424465420064205,1347,1311,52.52,0.0,101.0,101.0,0.56,44.08,49946.15059999999
1497,2024-03-11,9,Yogurt,10,2.0,3.0,1.1916167664670658,15.451361264531164,35.39894434055714,30.317329319259382,30.337055120272055,32,-167,46.6,115.23,101.0,101.0,0.56,44.08,49946.15059999999
1498,2024-03-12,9,Yogurt,9,2.0,3.0,1.0,15.195338934229431,37.16500736013524,30.88162017605707,30.901737596608278,0,143,57.29,107.96,101.0,101.0,0.56,44.08,49946.15059999999
1499,2024-03-13,9,Yogurt,4,2.0,3.0,-0.0038095238095237,17.38586302631713,46.0751903166543,36.84960107879832,36.88114811546507,527,525,50.66,0.0,101.0,101.0,0.56,44.08,49946.15059999999
1500,2024-03-14,9,Yogurt,5,2.0,3.0,0.0231749710312861,14.572169220899422,45.139845348592765,33.8607230785218,33.930711287714765,843,863,55.68,0.0,101.0,101.0,0.56,44.08,49946.15059999999
1501,2024-03-15,9,Yogurt,9,3.0,3.0,0.3248081841432225,18.81016054636897,39.21057648608133,35.11180581303976,35.07204987999349,264,391,59.29,52.11,101.0,101.0,0.56,44.08,49946.15059999999
1502,2024-03-16,9,Yogurt,7,3.0,4.0,0.1237980769230768,15.178353373239329,39.11186800466157,31.731666595813618,31.76268140595031,729,832,56.51,0.0,101.0,101.0,0.56,44.08,49946.15059999999
1503,2024-03-17,9,Yogurt,7,2.0,2.0,0.1001221001221001,18.3298254585094,43.33846864392048,36.44796872980263,36.49805469224491,737,819,61.79,14.2,101.0,101.0,0.56,44.08,49946.15059999999
1504,2024-03-18,9,Yogurt,4,3.0,2.0,-0.0096051227321238,17.423737094546546,31.18588349317717,30.17701424363072,30.214042385503824,946,937,50.14,0.0,101.0,101.0,0.56,44.08,49946.15059999999
1505,2024-03-19,9,Yogurt,10,2.0,2.0,2.549295774647887,19.423570536194088,38.87361439631441,35.45072379892882,35.47184198024399,110,-71,58.55,69.15,101.0,101.0,0.56,44.08,49946.15059999999
1506,2024-03-20,9,Yogurt,9,2.0,2.0,0.8,16.124104809477025,41.18710130191705,33.55132227062765,33.546888173455244,1,5,53.34,69.47,101.0,101.0,0.56,44.08,49946.15059999999
1507,2024-03-21,9,Yogurt,8,2.0,1.0,0.2473262032085561,18.54745889904945,32.510510669271255,31.855859759634598,31.820420547139506,563,748,52.63,0.0,101.0,101.0,0.56,44.08,49946.15059999999
1508,2024-03-22,9,Yogurt,1,2.0,3.0,-0.2368421052631579,15.210319614330713,41.69762106735456,32.90555815830644,32.95517522753687,846,684,54.31,0.0,101.0,101.0,0.56,44.08,49946.15059999999
1509,2024-03-23,9,Yogurt,2,2.0,1.0,-0.1398747390396659,19.591099103538813,36.65192836465492,34.601392087401926,34.622544950340405,1092,958,55.87,0.0,101.0,101.0,0.56,44.08,49946.15059999999
1510,2024-03-24,9,Yogurt,2,2.0,2.0,-0.2019704433497537,17.770076467445012,57.35382392009477,42.23501419834216,42.30266735982232,244,203,57.93,61.04,101.0,101.0,0.56,44.08,49946.15059999999
1511,2024-03-25,9,Yogurt,1,2.0,2.0,-0.2849829351535835,18.99170133793086,42.56196202860878,36.57579911734061,36.743593390416265,753,586,52.05,0.0,101.0,101.0,0.56,44.08,49946.15059999999
1512,2024-03-26,9,Yogurt,3,2.0,3.0,-0.0945945945945945,15.358949306343936,43.10454331743424,33.72788856509153,33.72199750085329,972,888,62.6,0.0,101.0,101.0,0.56,44.08,49946.15059999999
1513,2024-03-27,9,Yogurt,7,2.0,1.0,0.1075604053000779,18.99816855134353,49.28028107021368,39.85047835368037,39.77308672852928,1145,1283,60.65,0.0,101.0,101.0,0.56,44.08,49946.15059999999
1514,2024-03-28,9,Yogurt,5,2.0,2.0,0.0366412213740457,18.612406792607416,50.56968316840629,40.03362770179715,40.006606957738526,1262,1310,50.87,0.0,101.0,101.0,0.56,44.08,49946.15059999999
1515,2024-03-29,9,Yogurt,3,2.0,2.0,-0.0600823045267489,18.72739578542673,27.63758195699849,29.766215089726227,29.789047220685916,1288,1215,66.21,0.0,101.0,101.0,0.56,44.08,49946.15059999999
1516,2024-03-30,9,Yogurt,3,2.0,1.0,-0.0599769319492502,18.625267926027973,41.23215890892465,35.82203659957153,35.81567726673183,919,867,68.47,18.88,101.0,101.0,0.56,44.08,49946.15059999999
1517,2024-03-31,9,Yogurt,1,2.0,2.0,-0.8192771084337349,17.613072234419306,35.90967673747909,32.45237853779321,32.51026540246334,302,166,65.11,52.39,102.93,102.93,0.56,44.08,49946.15059999999
1518,2024-04-01,9,Yogurt,5,2.0,1.0,0.0103270223752151,20.482598440631985,43.548297558067816,38.52495787979767,38.52780376222408,575,581,58.54,8.84,102.93,102.93,0.56,44.08,49946.15059999999
1519,2024-04-02,9,Yogurt,5,3.0,2.0,0.0305010893246187,17.688204028468594,39.63667478801086,34.23450181757374,34.255198725576776,890,918,54.31,0.0,102.93,102.93,0.56,44.08,49946.15059999999
1520,2024-04-03,9,Yogurt,8,2.0,2.0,0.2226027397260274,16.521661599218344,46.57069462857808,36.283672310553285,36.327252347172035,908,1168,65.16,9.74,102.93,102.93,0.56,44.08,49946.15059999999
1521,2024-04-04,9,Yogurt,8,3.0,2.0,0.1732142857142857,17.882547613262123,35.19540754437844,32.45250885839644,32.431052481094994,463,560,58.1,39.9,102.93,102.93,0.56,44.08,49946.15059999999
1522,2024-04-05,9,Yogurt,6,2.0,2.0,0.044776119402985,16.098964109110938,39.32232758479813,32.81410846957796,32.68501789383541,768,804,66.45,0.0,102.93,102.93,0.56,44.08,49946.15059999999
1523,2024-04-06,9,Yogurt,9,2.0,2.0,1.0,17.072007153338312,39.08840331077647,33.53786040317563,33.45448872215941,0,37,61.6,195.59,102.93,102.93,0.56,44.08,49946.15059999999
1524,2024-04-07,9,Yogurt,10,1.0,2.0,2.0,17.645506767621203,55.82591370470894,41.499013606912,41.503022245790646,39,-39,65.67,39.01,102.93,102.93,0.56,44.08,49946.15059999999
1525,2024-04-08,9,Yogurt,7,2.0,3.0,0.0848585690515807,17.24089175870828,48.68003659280543,37.967024782335685,37.92317080530903,550,601,62.79,0.0,102.93,102.93,0.56,44.08,49946.15059999999
1526,2024-04-09,9,Yogurt,8,2.0,3.0,0.2085181898846495,18.39879414561097,48.688887075856655,39.012049286888846,38.96809195685806,892,1127,64.76,0.0,102.93,102.93,0.56,44.08,49946.15059999999
1527,2024-04-10,9,Yogurt,8,2.0,2.0,0.2046783625730994,21.89152278261265,42.13681719189975,39.13156133942199,39.15914907614193,272,342,61.51,49.37,102.93,102.93,0.56,44.08,49946.15059999999
1528,2024-04-11,9,Yogurt,4,2.0,1.0,-0.0163934426229508,19.14189967969224,41.15282147906446,36.278674580977054,36.24441491199662,806,793,70.61,0.0,102.93,102.93,0.56,44.08,49946.15059999999
1529,2024-04-12,9,Yogurt,7,2.0,2.0,0.1206597222222222,20.144601294576184,50.61002888497637,41.33260455843263,41.402186322285026,1013,1152,62.53,0.0,102.93,102.93,0.56,44.08,49946.15059999999
1530,2024-04-13,9,Yogurt,9,2.0,2.0,1.0,16.992581125263527,52.774339337937846,39.50151079521663,39.54264490387881,0,-113,64.13,206.45,102.93,102.93,0.56,44.08,49946.15059999999
1531,2024-04-14,9,Yogurt,4,2.0,2.0,-0.0057471264367816,16.825967422989702,45.151467856288406,35.97346885954082,35.96207485970394,525,522,71.76,0.0,102.93,102.93,0.56,44.08,49946.15059999999
1532,2024-04-15,9,Yogurt,9,2.0,3.0,0.9166666666666666,17.24364390621402,56.41647945476102,41.38595588711722,41.40754611942798,2,24,55.83,102.02,102.93,102.93,0.56,44.08,49946.15059999999
1533,2024-04-16,9,Yogurt,8,2.0,2.0,0.1854304635761589,19.705778194537757,57.74155027515184,44.306721931053815,44.21733783247798,492,604,56.44,0.0,102.93,102.93,0.56,44.08,49946.15059999999
1534,2024-04-17,9,Yogurt,9,3.0,3.0,1.0,13.703763043538205,28.353019606110852,25.62464758366204,25.594865831111367,0,41,67.86,153.64,102.93,102.93,0.56,44.08,49946.15059999999
1535,2024-04-18,9,Yogurt,5,2.0,3.0,0.0268456375838925,15.933670449417264,49.303788847830496,37.00790647994097,37.02872632642169,145,149,57.37,28.63,102.93,102.93,0.56,44.08,49946.15059999999
1536,2024-04-19,9,Yogurt,10,2.0,3.0,5.8,18.20467169366844,44.57398071508963,36.91896686043626,36.9416038118717,24,-5,73.18,60.88,102.93,102.93,0.56,44.08,49946.15059999999
1537,2024-04-20,9,Yogurt,6,2.0,2.0,0.0494880546075084,17.551815265874144,48.88288813968243,38.30328193255448,38.29398299392342,557,586,61.62,0.0,102.93,102.93,0.56,44.08,49946.15059999999
1538,2024-04-21,9,Yogurt,9,2.0,1.0,1.0,21.935459364286093,56.15976528026742,45.46103123954572,45.509883788738804,0,-85,60.17,121.11,102.93,102.93,0.56,44.08,49946.15059999999
1539,2024-04-22,9,Yogurt,9,2.0,2.0,1.0,18.895366431485314,35.7946183690856,33.64318865209003,33.611246009583276,0,68,73.75,68.98,102.93,102.93,0.56,44.08,49946.15059999999
1540,2024-04-23,9,Yogurt,9,3.0,3.0,1.0,16.675617112939037,28.79725897577438,28.398056843246334,28.466457119345826,0,35,71.76,130.18,102.93,102.93,0.56,44.08,49946.15059999999
1541,2024-04-24,9,Yogurt,8,2.0,3.0,0.2028753993610224,14.844785862921306,56.06191472851045,39.11931941425692,39.091429557014976,499,626,73.92,0.0,102.93,102.93,0.56,44.08,49946.15059999999
1542,2024-04-25,9,Yogurt,8,3.0,2.0,0.1476137624861265,17.318879930124275,35.01515355069587,31.83558129832597,31.843197219839944,768,901,69.33,0.0,102.93,102.93,0.56,44.08,49946.15059999999
1543,2024-04-26,9,Yogurt,9,3.0,2.0,1.0,15.39355983464317,38.13780486078964,31.53694671443876,31.517757364375544,0,-27,60.72,230.39,102.93,102.93,0.56,44.08,49946.15059999999
1544,2024-04-27,9,Yogurt,8,2.0,2.0,0.1974789915966386,18.93350130083687,47.0462089341965,38.66031589487471,38.70947439376415,573,714,74.8,0.0,102.93,102.93,0.56,44.08,49946.15059999999
1545,2024-04-28,9,Yogurt,7,2.0,2.0,0.1256384065372829,18.32221264448336,38.138981788386445,34.16478244516333,34.15110448999465,856,979,64.13,0.0,102.93,102.93,0.56,44.08,49946.15059999999
1546,2024-04-29,9,Yogurt,9,2.0,2.0,0.993975903614458,18.640063864185464,29.077893716844024,30.481727037422363,30.358770788311304,1,166,69.71,113.69,102.93,102.93,0.56,44.08,49946.15059999999
1547,2024-04-30,9,Yogurt,6,1.0,1.0,0.0634920634920634,22.158353329590074,45.34189767415725,40.8235111123788,40.84152010138587,354,378,70.66,9.77,103.34,103.34,0.56,44.08,49946.15059999999
1548,2024-05-01,9,Yogurt,1,2.0,2.0,-6.777777777777778,16.185068037159404,37.18515341038141,31.815750261131548,31.800557083746263,70,9,65.37,58.3,103.34,103.34,0.56,44.08,49946.15059999999
1549,2024-05-02,9,Yogurt,8,1.0,2.0,0.1692844677137871,17.615191584408187,50.97859877870269,39.36932022387144,39.294163149569556,476,573,69.44,0.0,103.34,103.34,0.56,44.08,49946.15059999999
1550,2024-05-03,9,Yogurt,1,2.0,3.0,-4.25531914893617,15.57496851102218,39.93923443921345,32.52821236480902,32.4916013713152,247,47,71.2,37.01,103.34,103.34,0.56,44.08,49946.15059999999
1551,2024-05-04,9,Yogurt,8,2.0,2.0,0.1583434835566383,17.83880296769975,38.11553861279202,33.728509320893416,33.70597508159206,691,821,68.7,0.0,103.34,103.34,0.56,44.08,49946.15059999999
1552,2024-05-05,9,Yogurt,9,2.0,1.0,1.0,21.18654723190005,42.89999460889791,38.822205619088045,38.86886537945223,0,-118,61.54,165.81,103.34,103.34,0.56,44.08,49946.15059999999
1553,2024-05-06,9,Yogurt,2,2.0,2.0,-0.1462450592885376,19.137444798240946,55.5215347683867,42.64451154557604,42.70726315522603,580,506,68.75,0.0,103.34,103.34,0.56,44.08,49946.15059999999
1554,2024-05-07,9,Yogurt,3,2.0,2.0,-0.0574837310195228,17.7710259088216,54.079040816376846,40.83216330734314,40.829656053217875,975,922,74.12,0.0,103.34,103.34,0.56,44.08,49946.15059999999
1555,2024-05-08,9,Yogurt,2,2.0,2.0,-0.1728395061728396,18.503260497639783,34.0677381754028,32.4602548340414,32.48154020917735,190,162,64.24,66.64,103.34,103.34,0.56,44.08,49946.15059999999
1556,2024-05-09,9,Yogurt,3,2.0,2.0,-0.0996503496503495,15.57828872411282,72.99707649086918,47.368191361903904,47.37275967335186,629,572,67.18,0.0,103.34,103.34,0.56,44.08,49946.15059999999
1557,2024-05-10,9,Yogurt,2,1.0,2.0,-0.1877496671105192,17.21253257661122,41.74223675414972,34.78556869201845,34.77521630014525,892,751,65.98,0.0,103.34,103.34,0.56,44.08,49946.15059999999
1558,2024-05-11,9,Yogurt,2,2.0,1.0,-0.1258470474346562,18.170505149140773,33.47584271040499,31.8837624619668,31.91600650263706,1163,1033,77.63,0.0,103.34,103.34,0.56,44.08,49946.15059999999
1559,2024-05-12,9,Yogurt,6,2.0,2.0,0.0510204081632652,18.198843973417084,53.882319900487786,41.15070868259558,41.12572126513114,186,196,71.96,69.38,103.34,103.34,0.56,44.08,49946.15059999999
