data/data_demo.csv
,Date,ProductID,Product,Low_Stock_Priority,Demand_Priority,Profitability_Priority,Low_Stock_Risk,cp,price_market,a,pred_s3,OrderQuantity,Inventory,Temperature,Rainfall,CPI,MCPI,Female,Age,Income
1560,2024-05-13,9,Yogurt,5,2.0,2.0,0.0230215827338129,14.938767511202766,41.38327542645648,32.66029251141746,32.56957779875503,679,695,70.86,0.0,103.34,103.34,0.56,44.08,49946.15059999999
1561,2024-05-14,9,Yogurt,6,1.0,1.0,0.0462633451957295,18.65524635846956,66.5371950783965,47.180992458532,47.23153533764187,1072,1124,65.2,0.0,103.34,103.34,0.56,44.08,49946.15059999999
1562,2024-05-15,9,Yogurt,10,1.0,1.0,1.2,18.55839298502842,53.47408355481534,41.24241396826644,41.26521789950932,1,-5,71.97,107.77,103.34,103.34,0.56,44.08,49946.15059999999
1563,2024-05-16,9,Yogurt,8,2.0,2.0,0.1936026936026935,17.245897587454444,43.01280153691232,35.37458798738554,35.377047550051984,479,594,66.13,0.0,103.34,103.34,0.56,44.08,49946.15059999999
1564,2024-05-17,9,Yogurt,2,2.0,2.0,-0.1318681318681318,18.008349998165002,60.75306877732204,44.10341893184046,44.04675259628898,824,728,69.88,0.0,103.34,103.34,0.56,44.08,49946.15059999999
1565,2024-05-18,9,Yogurt,6,2.0,3.0,0.0723514211886304,15.033016893263998,53.49115211470445,38.04141455552052,38.103636640844904,1077,1161,66.76,0.0,103.34,103.34,0.56,44.08,49946.15059999999
1566,2024-05-19,9,Yogurt,2,3.0,3.0,-0.2116279069767441,15.040408769351304,32.711048030651106,28.70308210098997,28.757886931839344,1042,860,73.55,9.44,103.34,103.34,0.56,44.08,49946.15059999999
1567,2024-05-20,9,Yogurt,5,2.0,2.0,0.0376740376740376,18.26937452467648,53.88394109572404,41.08202751464383,41.189856875643265,1175,1221,73.27,0.0,103.34,103.34,0.56,44.08,49946.15059999999
1568,2024-05-21,9,Yogurt,4,3.0,3.0,-0.0377510040160642,16.664553618167673,39.835125580515495,33.40188665692218,33.424267223365725,1292,1245,69.57,0.0,103.34,103.34,0.56,44.08,49946.15059999999
1569,2024-05-22,9,Yogurt,4,2.0,2.0,-0.0391104294478528,17.9768889595514,44.16673714753325,36.58823906828732,36.553544332894646,1355,1304,72.82,0.0,103.34,103.34,0.56,44.08,49946.15059999999
1570,2024-05-23,9,Yogurt,6,2.0,1.0,0.0522033898305084,19.678981344635208,46.31054449217461,39.10408946709917,39.04855368012993,1398,1475,65.6,0.0,103.34,103.34,0.56,44.08,49946.15059999999
1571,2024-05-24,9,Yogurt,8,2.0,2.0,0.1483715319662243,17.652140139389687,36.20903987733739,32.69885175331793,32.68011972962691,1412,1658,63.83,0.0,103.34,103.34,0.56,44.08,49946.15059999999
1572,2024-05-25,9,Yogurt,1,3.0,5.0,-0.2436681222707424,12.378663890341606,31.666577211092985,25.860709397330165,25.89493632618636,1424,1145,73.71,0.0,103.34,103.34,0.56,44.08,49946.15059999999
1573,2024-05-26,9,Yogurt,2,2.0,2.0,-0.1297619047619047,17.698692723958214,48.67784010920297,38.369175081388846,38.333738834484336,949,840,72.57,27.45,103.34,103.34,0.56,44.08,49946.15059999999
1574,2024-05-27,9,Yogurt,5,3.0,3.0,0.0340814630091438,17.03791195601193,31.117665013301373,29.84728594592716,29.836488304415404,1162,1203,75.13,0.0,103.34,103.34,0.56,44.08,49946.15059999999
1575,2024-05-28,9,Yogurt,7,3.0,2.0,0.1271067415730337,17.53061129135416,19.247973732307344,24.84310306181056,24.937286938207976,1243,1424,84.09,0.0,103.34,103.34,0.56,44.08,49946.15059999999
1576,2024-05-29,9,Yogurt,2,2.0,1.0,-0.1126760563380282,19.799461625143103,36.6389439562857,34.74563550132659,34.80401608256469,1343,1207,77.12,0.0,103.34,103.34,0.56,44.08,49946.15059999999
1577,2024-05-30,9,Yogurt,5,2.0,3.0,-0.0014419610670513,14.842939628117772,48.31092421488398,35.6741548272636,35.60132125859694,1389,1387,68.06,0.0,103.34,103.34,0.56,44.08,49946.15059999999
1578,2024-05-31,9,Yogurt,9,2.0,2.0,1.0,18.487913247815968,42.30118866430036,36.1907670761183,36.17333009561847,0,57,78.43,225.67,103.98,103.98,0.56,44.08,49946.15059999999
1579,2024-06-01,9,Yogurt,8,1.0,1.0,0.3036117381489842,21.140607823822464,57.67130940620071,45.40989655480511,45.475616416775345,617,886,66.49,0.0,103.98,103.98,0.56,44.08,49946.15059999999
1580,2024-06-02,9,Yogurt,10,2.0,4.0,1.1777777777777778,16.748113770063085,46.83753495431689,36.69119077790246,36.65092510142954,16,-90,70.99,94.33,103.98,103.98,0.56,44.08,49946.15059999999
1581,2024-06-03,9,Yogurt,9,2.0,2.0,1.0,18.94465577237148,37.33690348052919,34.404868509360604,34.34968478200922,0,106,73.18,74.72,103.98,103.98,0.56,44.08,49946.15059999999
1582,2024-06-04,9,Yogurt,5,2.0,2.0,0.0077220077220077,19.932611557941605,40.60416449520506,36.68947272351674,36.708322465312705,514,518,82.31,0.0,103.98,103.98,0.56,44.08,49946.15059999999
1583,2024-06-05,9,Yogurt,10,3.0,3.0,1.2519083969465647,18.420462878204187,30.634586407308216,30.8968645784918,30.86196530724569,33,-131,70.24,77.33,103.98,103.98,0.56,44.08,49946.15059999999
1584,2024-06-06,9,Yogurt,8,1.0,2.0,0.2380952380952381,16.629806039337147,55.85797224705931,40.41590791468253,40.604350088316814,560,735,70.06,0.0,103.98,103.98,0.56,44.08,49946.15059999999
1585,2024-06-07,9,Yogurt,3,3.0,3.0,-0.0483870967741935,16.580957978584,31.188999139170424,29.5065906331117,29.457798129477332,910,868,73.92,0.0,103.98,103.98,0.56,44.08,49946.15059999999
1586,2024-06-08,9,Yogurt,1,2.0,1.0,-0.504,19.487600307531963,35.79592367880731,34.20576370183805,34.14424335733354,188,125,71.32,60.63,103.98,103.98,0.56,44.08,49946.15059999999
1587,2024-06-09,9,Yogurt,7,2.0,2.0,0.1174863387978142,19.184298181563467,43.39713779571372,37.238345235740105,37.29261850272282,646,732,80.49,0.0,103.98,103.98,0.56,44.08,49946.15059999999
1588,2024-06-10,9,Yogurt,1,2.0,3.0,-0.6821192052980132,16.427063169857547,45.02353264490822,35.55905081305626,35.54588643651106,254,151,69.68,45.09,103.98,103.98,0.56,44.08,49946.15059999999
1589,2024-06-11,9,Yogurt,7,2.0,2.0,0.11787072243346,15.647053691277836,29.973496364902108,28.053515659203622,28.071176289665228,696,789,69.57,0.0,103.98,103.98,0.56,44.08,49946.15059999999
1590,2024-06-12,9,Yogurt,9,2.0,2.0,1.0,15.438386571702008,35.94464204780505,30.564510362005542,30.570990424217616,0,-137,73.34,165.96,103.98,103.98,0.56,44.08,49946.15059999999
1591,2024-06-13,9,Yogurt,9,2.0,1.0,1.0,21.32330372236954,47.650406022393184,41.11241203798277,41.1298008375853,0,-39,73.26,106.85,103.98,103.98,0.56,44.08,49946.15059999999
1592,2024-06-14,9,Yogurt,8,2.0,1.0,0.1525679758308157,17.864109759219,56.29723358996994,41.84483912544084,41.91166776592416,561,662,85.63,0.0,103.98,103.98,0.56,44.08,49946.15059999999
1593,2024-06-15,9,Yogurt,2,2.0,1.0,-0.1737967914438503,22.72045717130683,48.49003562090175,42.863447668736015,42.76370980510275,878,748,80.95,0.0,103.98,103.98,0.56,44.08,49946.15059999999
1594,2024-06-16,9,Yogurt,3,1.0,1.0,-0.0505836575875486,19.111091206141086,44.74190238409146,37.81832261588918,37.83203777118185,1080,1028,76.86,0.0,103.98,103.98,0.56,44.08,49946.15059999999
1595,2024-06-17,9,Yogurt,5,2.0,2.0,0.0171990171990171,18.8790446456676,29.37591266129869,30.715538630898365,30.707738987301802,1200,1221,70.52,0.0,103.98,103.98,0.56,44.08,49946.15059999999
1596,2024-06-18,9,Yogurt,7,2.0,2.0,0.1032967032967032,18.61254497661037,38.826576534479095,34.67277989045235,34.721571389928,1224,1365,81.09,0.0,103.98,103.98,0.56,44.08,49946.15059999999
1597,2024-06-19,9,Yogurt,5,2.0,2.0,0.0015197568389058,19.99829970039473,50.21494241311054,41.04335045819879,41.09284871677273,1314,1316,72.09,0.0,103.98,103.98,0.56,44.08,49946.15059999999
1598,2024-06-20,9,Yogurt,8,2.0,3.0,0.168600154679041,16.067873629911862,55.80946669854888,40.09597620202145,40.07735016078874,1075,1293,69.59,15.67,103.98,103.98,0.56,44.08,49946.15059999999
1599,2024-06-21,9,Yogurt,8,1.0,1.0,0.2922705314009661,22.32002621674147,53.89375908155255,44.86653478577352,44.8357541554319,293,414,83.48,57.85,103.98,103.98,0.56,44.08,49946.15059999999
1600,2024-06-22,9,Yogurt,5,2.0,2.0,0.0186046511627907,17.799396594776336,46.38071644445607,37.43467554377017,37.390415519320044,211,215,79.35,34.97,103.98,103.98,0.56,44.08,49946.15059999999
1601,2024-06-23,9,Yogurt,1,1.0,3.0,-0.3700440528634361,16.593199815614376,57.04600466649178,41.159770634098926,41.10613327092886,622,454,82.59,0.0,103.98,103.98,0.56,44.08,49946.15059999999
1602,2024-06-24,9,Yogurt,5,1.0,2.0,0.025562372188139,18.60512200457684,73.81460713163963,50.45067263633196,50.461781782747394,953,978,79.81,0.0,103.98,103.98,0.56,44.08,49946.15059999999
1603,2024-06-25,9,Yogurt,9,2.0,2.0,1.0,20.1846777520616,39.06138084617312,36.221621204433696,36.24057368003339,0,47,82.72,136.45,103.98,103.98,0.56,44.08,49946.15059999999
1604,2024-06-26,9,Yogurt,7,2.0,2.0,0.0827464788732393,15.984890248434048,37.36884204654964,31.739720836180428,31.703271887123524,521,568,75.4,0.0,103.98,103.98,0.56,44.08,49946.15059999999
1605,2024-06-27,9,Yogurt,8,2.0,2.0,0.1797445255474452,19.13373874488214,60.18482925779721,44.77166607623115,44.80271650682731,899,1096,73.71,0.0,103.98,103.98,0.56,44.08,49946.15059999999
1606,2024-06-28,9,Yogurt,7,2.0,3.0,0.0999999999999999,16.567111684827044,47.3546452538542,36.763578805373626,36.72093996939013,1152,1280,82.51,0.0,103.98,103.98,0.56,44.08,49946.15059999999
1607,2024-06-29,9,Yogurt,3,2.0,2.0,-0.0688468158347677,16.987452933651024,46.1230768842727,36.562817252570746,36.54453514213562,1242,1162,75.31,0.0,103.98,103.98,0.56,44.08,49946.15059999999
1608,2024-06-30,9,Yogurt,3,2.0,3.0,-0.063157894736842,17.021035162489937,48.92374327659125,37.89236744243619,37.83520665419617,1414,1330,76.11,0.0,105.16,105.16,0.56,44.08,49946.15059999999
1609,2024-07-01,9,Yogurt,5,2.0,2.0,0.0013745704467353,19.52708293297184,38.4551349481504,35.412704950784736,35.37655526051374,1453,1455,77.5,0.0,105.16,105.16,0.56,44.08,49946.15059999999
1610,2024-07-02,9,Yogurt,2,2.0,3.0,-0.1097852028639618,15.781854536411243,34.65204715249411,30.244368010197917,30.2980117068608,465,419,80.09,62.04,105.16,105.16,0.56,44.08,49946.15059999999
895,2024-01-06,6,Milk,6,5.0,4.0,0.0467675378266849,13.635955214509613,22.108978197433498,15.340605673198684,15.312921972695317,693,727,42.22,0.0,100.7,100.7,0.56,44.08,49946.15059999999
896,2024-01-07,6,Milk,1,5.0,5.0,-0.2376237623762376,11.44217144979352,30.012484557884868,16.374101279459445,16.367606725873525,750,606,45.34,0.0,100.7,100.7,0.56,44.08,49946.15059999999
897,2024-01-08,6,Milk,5,4.0,4.0,0.0189573459715639,14.863135514898582,28.40060212242957,17.918629796994384,17.943488731157622,828,844,51.87,0.0,100.7,100.7,0.56,44.08,49946.15059999999
898,2024-01-09,6,Milk,1,6.0,5.0,-1.4482758620689653,14.92442834156084,21.68042506782875,15.926444924505558,15.9601387416055,71,29,50.23,62.52,100.7,100.7,0.56,44.08,49946.15059999999
899,2024-01-10,6,Milk,6,5.0,5.0,0.0758377425044092,11.142595868828344,24.01849547483514,14.382152043487858,14.385216289158496,524,567,36.23,0.0,100.7,100.7,0.56,44.08,49946.15059999999
900,2024-01-11,6,Milk,3,5.0,6.0,-0.0614173228346457,10.724318887052831,14.799607148079364,11.29690141974369,11.36183975132376,674,635,46.09,0.0,100.7,100.7,0.56,44.08,49946.15059999999
901,2024-01-12,6,Milk,2,5.0,5.0,-0.1053459119496855,8.671654029667653,34.17853703217326,16.03707647636748,15.951343329860357,703,636,40.81,5.22,100.7,100.7,0.56,44.08,49946.15059999999
902,2024-01-13,6,Milk,8,5.0,6.0,0.1938775510204081,11.74686133672122,29.59981274648367,16.456271157997577,16.427062104382472,790,980,41.27,0.0,100.7,100.7,0.56,44.08,49946.15059999999
903,2024-01-14,6,Milk,9,5.0,6.0,1.0,11.273124439767898,17.4021265659473,12.479390781934264,12.47477474071217,0,71,44.06,154.3,100.7,100.7,0.56,44.08,49946.15059999999
904,2024-01-15,6,Milk,8,5.0,5.0,0.2941176470588235,13.558102440265984,30.286205041877828,17.689732737981572,17.72432640088106,468,663,42.95,0.0,100.7,100.7,0.56,44.08,49946.15059999999
905,2024-01-16,6,Milk,8,5.0,6.0,0.2019950124688279,8.980676787863402,43.42622010510353,18.91275512324121,18.917572183693785,320,401,49.73,26.71,100.7,100.7,0.56,44.08,49946.15059999999
906,2024-01-17,6,Milk,4,5.0,5.0,-0.0214168039538715,11.44521721651378,22.600641470347405,14.187212518125632,14.14124084518001,620,607,46.49,0.0,100.7,100.7,0.56,44.08,49946.15059999999
907,2024-01-18,6,Milk,6,5.0,5.0,0.076662908680947,13.937488786222293,43.15137665720973,21.85847866345724,21.820450292686377,819,887,43.51,0.0,100.7,100.7,0.56,44.08,49946.15059999999
908,2024-01-19,6,Milk,9,5.0,6.0,0.4481132075471697,10.53928580888408,26.76542527516576,14.808014521376888,14.847642080549395,117,212,45.35,52.33,100.7,100.7,0.56,44.08,49946.15059999999
909,2024-01-20,6,Milk,2,5.0,7.0,-0.1551312649164677,10.47527692654478,31.97828167849868,16.32997422146779,16.376214854357823,484,419,45.02,0.0,100.7,100.7,0.56,44.08,49946.15059999999
910,2024-01-21,6,Milk,9,5.0,5.0,0.9659090909090908,9.106119330488385,30.97750802422185,15.3608355037,15.250707313314471,3,88,51.05,77.18,100.7,100.7,0.56,44.08,49946.15059999999
911,2024-01-22,6,Milk,9,4.0,3.0,0.9452054794520548,17.241147692036478,44.01523416005246,24.10608850612341,24.069953369557968,4,73,42.77,82.35,100.7,100.7,0.56,44.08,49946.15059999999
912,2024-01-23,6,Milk,9,5.0,5.0,1.0,10.50505364386924,31.58433846785532,16.31375972371954,16.275719488569035,0,-159,45.59,216.32,100.7,100.7,0.56,44.08,49946.15059999999
913,2024-01-24,6,Milk,9,5.0,5.0,1.0,9.399306335563322,18.58098580796153,11.706947231540584,11.700565144834515,0,-16,39.98,133.65,100.7,100.7,0.56,44.08,49946.15059999999
914,2024-01-25,6,Milk,1,5.0,5.0,-0.4232804232804232,10.39229919193696,16.890296295587877,11.848669420751678,11.790380907089652,538,378,31.7,0.0,100.7,100.7,0.56,44.08,49946.15059999999
915,2024-01-26,6,Milk,3,5.0,6.0,-0.0621118012422359,10.451409839026391,14.67078946569872,11.108421084333894,11.158739695247391,684,644,47.96,0.0,100.7,100.7,0.56,44.08,49946.15059999999
916,2024-01-27,6,Milk,9,6.0,6.0,0.5384615384615384,11.46122044309752,12.880298359057786,11.317410194652595,11.228681783284387,6,13,49.24,109.97,100.7,100.7,0.56,44.08,49946.15059999999
917,2024-01-28,6,Milk,9,5.0,4.0,1.0,13.65074446417503,30.46135058955685,17.827063244135214,17.83277846902702,0,79,41.43,65.53,100.7,100.7,0.56,44.08,49946.15059999999
918,2024-01-29,6,Milk,10,5.0,5.0,1.031055900621118,11.403353662008332,20.416255197734387,13.506431831633252,13.459340742443215,5,-161,56.71,64.01,100.7,100.7,0.56,44.08,49946.15059999999
919,2024-01-30,6,Milk,7,5.0,6.0,0.1232394366197182,10.154353370006344,29.19188387056259,15.382488071917342,15.34525509514089,498,568,38.31,0.0,100.7,100.7,0.56,44.08,49946.15059999999
920,2024-01-31,6,Milk,5,6.0,5.0,0.0276967930029155,9.09732300361795,22.96140964009553,12.840238148636333,12.83555342870065,667,686,46.04,0.0,100.7,100.7,0.56,44.08,49946.15059999999
921,2024-02-01,6,Milk,3,5.0,5.0,-0.0509383378016086,12.043714716439744,22.29215699293435,14.405107609989276,14.40897900284335,784,746,45.1,0.0,100.7,100.7,0.56,44.08,49946.15059999999
922,2024-02-02,6,Milk,7,5.0,5.0,0.132034632034632,12.085078148059582,25.191546591272708,15.36959002328136,15.305527204444765,401,462,53.92,27.99,100.7,100.7,0.56,44.08,49946.15059999999
923,2024-02-03,6,Milk,8,4.0,3.0,0.1398773006134969,15.06186470205765,37.035855546433886,20.699200355393884,20.65917451489404,701,815,53.83,0.0,100.7,100.7,0.56,44.08,49946.15059999999
924,2024-02-04,6,Milk,10,5.0,5.0,1.0227272727272727,12.184895470939615,39.29145147768691,19.509761169870824,19.604459986188104,1,-44,47.48,91.02,100.7,100.7,0.56,44.08,49946.15059999999
925,2024-02-05,6,Milk,6,5.0,5.0,0.0757575757575758,11.801983377431846,33.71172552649039,17.610087397553404,17.696414399431045,122,132,48.82,31.72,100.7,100.7,0.56,44.08,49946.15059999999
926,2024-02-06,6,Milk,9,5.0,6.0,1.0,9.89869232682502,20.101774504528805,12.422436716435849,12.45853708543364,0,-30,42.71,78.63,100.7,100.7,0.56,44.08,49946.15059999999
927,2024-02-07,6,Milk,7,4.0,5.0,0.1030405405405405,11.388094849803217,36.43631275453338,18.21907346632696,18.266212595212806,531,592,37.47,0.0,100.7,100.7,0.56,44.08,49946.15059999999
928,2024-02-08,6,Milk,4,4.0,5.0,-0.0401785714285714,11.123051083930788,36.88896666607932,18.184594356552907,18.2426559001973,699,672,45.86,0.0,100.7,100.7,0.56,44.08,49946.15059999999
929,2024-02-09,6,Milk,3,5.0,6.0,-0.0699588477366255,11.259671670972596,32.746472036124445,17.093350145584004,17.07959706307961,780,729,48.6,0.0,100.7,100.7,0.56,44.08,49946.15059999999
930,2024-02-10,6,Milk,5,5.0,6.0,0.0194285714285714,10.081489214718824,23.96379563980909,13.714846998417324,13.729664160696842,858,875,54.2,0.0,100.7,100.7,0.56,44.08,49946.15059999999
931,2024-02-11,6,Milk,8,5.0,4.0,0.1445086705202312,13.076659206552351,37.0885957536714,19.532880481120937,19.479334124411217,296,346,54.28,37.92,100.7,100.7,0.56,44.08,49946.15059999999
932,2024-02-12,6,Milk,9,5.0,5.0,1.0,11.71510916498126,34.22818574676661,17.870165111294593,17.799351688502778,0,-164,46.55,225.93,100.7,100.7,0.56,44.08,49946.15059999999
933,2024-02-13,6,Milk,2,7.0,5.0,-0.1807228915662651,11.599293039990023,-1.168565915991259,7.1075718873217575,7.08837503671394,490,415,47.2,0.0,100.7,100.7,0.56,44.08,49946.15059999999
934,2024-02-14,6,Milk,6,5.0,6.0,0.047936085219707,8.571907767902008,36.44452033411042,16.660673658407976,16.57248166664373,715,751,43.7,0.0,100.7,100.7,0.56,44.08,49946.15059999999
935,2024-02-15,6,Milk,6,6.0,4.0,0.0789473684210526,12.987288175049729,10.86257329138493,11.55235560795235,11.54125449511276,805,874,42.06,0.0,100.7,100.7,0.56,44.08,49946.15059999999
936,2024-02-16,6,Milk,5,5.0,5.0,0.0112485939257592,12.974030651960758,36.63561576591381,19.2533635886131,19.281342595529857,879,889,40.85,0.0,100.7,100.7,0.56,44.08,49946.15059999999
937,2024-02-17,6,Milk,8,5.0,5.0,0.1379310344827586,10.321741194315573,28.459276015751648,15.234066808279533,15.225831587196009,200,232,59.36,48.15,100.7,100.7,0.56,44.08,49946.15059999999
938,2024-02-18,6,Milk,4,5.0,3.0,-0.0176056338028169,13.980242767758387,41.93611680749199,21.51622370300228,21.480861194175482,578,568,47.28,0.0,100.7,100.7,0.56,44.08,49946.15059999999
939,2024-02-19,6,Milk,8,5.0,7.0,0.2439903846153845,9.270483539835135,29.01838788794069,14.687083441648292,14.760739931204444,629,832,47.87,6.33,100.7,100.7,0.56,44.08,49946.15059999999
