data/data_demo.csv
,Date,ProductID,Product,Low_Stock_Priority,Demand_Priority,Profitability_Priority,Low_Stock_Risk,cp,price_market,a,pred_s3,OrderQuantity,Inventory,Temperature,Rainfall,CPI,MCPI,Female,Age,Income
940,2024-02-20,6,Milk,8,5.0,5.0,0.2976629766297662,11.95626018242184,21.133857399438877,14.003483363173542,14.008088697844162,571,813,44.02,15.65,100.7,100.7,0.56,44.08,49946.15059999999
941,2024-02-21,6,Milk,8,5.0,6.0,0.198807157057654,11.457585320219671,28.526463354171565,15.947360481399118,15.930152411326144,403,503,54.39,23.22,100.7,100.7,0.56,44.08,49946.15059999999
942,2024-02-22,6,Milk,1,5.0,6.0,-0.7652173913043478,9.365650422388413,40.59806294933775,18.316963371496296,18.29922253722221,609,345,42.66,0.0,100.7,100.7,0.56,44.08,49946.15059999999
943,2024-02-23,6,Milk,4,5.0,6.0,-0.0073800738007379,12.379405224159992,30.262466178615878,16.987961170914613,17.007256811494845,819,813,49.89,0.0,100.7,100.7,0.56,44.08,49946.15059999999
944,2024-02-24,6,Milk,3,5.0,4.0,-0.0716981132075471,15.405140304483584,28.85664840127623,18.424517990205192,18.407039760136804,852,795,46.7,0.0,100.7,100.7,0.56,44.08,49946.15059999999
945,2024-02-25,6,Milk,5,5.0,5.0,0.019650655021834,12.13526846013384,37.43553515508337,19.026427703502858,19.016630873960192,898,916,53.33,0.0,100.7,100.7,0.56,44.08,49946.15059999999
946,2024-02-26,6,Milk,2,5.0,5.0,-0.1038186157517899,11.073956491781898,32.10359366629813,16.74585658928496,16.774473612401223,925,838,49.07,0.0,100.7,100.7,0.56,44.08,49946.15059999999
947,2024-02-27,6,Milk,2,5.0,4.0,-0.2126865671641791,12.894048313771355,29.940725941667683,17.327726702210057,17.220504154145814,325,268,45.94,41.61,100.7,100.7,0.56,44.08,49946.15059999999
948,2024-02-28,6,Milk,3,5.0,5.0,-0.0745233968804159,12.21143999093431,43.66060068403331,20.947021710072143,20.933932172717512,620,577,51.93,0.0,100.7,100.7,0.56,44.08,49946.15059999999
949,2024-02-29,6,Milk,9,4.0,4.0,0.87248322147651,12.055524263251003,45.55114032059068,21.382097486619116,21.408370950166045,19,149,54.43,78.12,101.0,101.0,0.56,44.08,49946.15059999999
950,2024-03-01,6,Milk,9,5.0,5.0,1.0,11.148915574457105,36.13326226328701,18.00074207198644,18.031048996032013,0,20,52.85,149.45,101.0,101.0,0.56,44.08,49946.15059999999
951,2024-03-02,6,Milk,3,5.0,5.0,-0.0726141078838173,14.843951118584927,27.14040848514827,17.599963662606985,17.55308564160827,517,482,54.25,0.0,101.0,101.0,0.56,44.08,49946.15059999999
952,2024-03-03,6,Milk,1,5.0,5.0,-0.4259259259259258,12.912726726961573,44.96910993520827,21.74347200629263,21.74969262909753,154,108,49.79,42.63,101.0,101.0,0.56,44.08,49946.15059999999
953,2024-03-04,6,Milk,9,5.0,5.0,0.8444444444444444,10.942658682129023,41.83119557331708,19.742359516163297,19.61977257398502,7,45,51.37,67.69,101.0,101.0,0.56,44.08,49946.15059999999
954,2024-03-05,6,Milk,2,5.0,5.0,-0.1143984220907297,11.783992326438083,37.18897165528291,18.70529068630012,18.7309325002838,565,507,50.05,0.0,101.0,101.0,0.56,44.08,49946.15059999999
955,2024-03-06,6,Milk,6,5.0,5.0,0.0517676767676767,10.518266591591855,17.83923419254139,12.100599865794916,12.151527847855327,751,792,51.83,0.0,101.0,101.0,0.56,44.08,49946.15059999999
956,2024-03-07,6,Milk,2,5.0,5.0,-0.1713881019830028,10.78341769983701,31.40671903307961,16.39068140688441,16.38998183346727,827,706,49.79,0.0,101.0,101.0,0.56,44.08,49946.15059999999
957,2024-03-08,6,Milk,6,5.0,6.0,0.0427083333333333,10.718548551619602,22.563278252991267,13.708865979811012,13.692333626749349,919,960,45.45,0.0,101.0,101.0,0.56,44.08,49946.15059999999
958,2024-03-09,6,Milk,4,6.0,5.0,-0.0318681318681319,9.731376812555546,28.409877484456405,14.755866801138234,14.855402727123838,939,910,55.19,0.0,101.0,101.0,0.56,44.08,49946.15059999999
959,2024-03-10,6,Milk,6,5.0,4.0,0.049234135667396,13.554553927535911,32.400569292967184,18.337444718692627,18.357824160310606,869,914,52.52,0.0,101.0,101.0,0.56,44.08,49946.15059999999
960,2024-03-11,6,Milk,9,5.0,5.0,1.0,11.417917073453948,31.001594080906237,16.63280769627486,16.650351294378357,0,-63,46.6,115.23,101.0,101.0,0.56,44.08,49946.15059999999
961,2024-03-12,6,Milk,9,5.0,4.0,1.0,13.10825515665354,25.24824894170752,15.9209895996941,15.93883619821036,0,40,57.29,107.96,101.0,101.0,0.56,44.08,49946.15059999999
962,2024-03-13,6,Milk,1,5.0,5.0,-1.46875,10.659748204545409,42.7295374891991,19.683198882105444,19.719440562164536,474,192,50.66,0.0,101.0,101.0,0.56,44.08,49946.15059999999
963,2024-03-14,6,Milk,7,6.0,6.0,0.1301775147928994,11.879275011215324,13.038687331684567,11.47201157908014,11.528093372323351,735,845,55.68,0.0,101.0,101.0,0.56,44.08,49946.15059999999
964,2024-03-15,6,Milk,9,5.0,5.0,0.6369047619047619,10.577918806417776,37.30183531129615,18.0752037798106,18.038440486146648,122,336,59.29,52.11,101.0,101.0,0.56,44.08,49946.15059999999
965,2024-03-16,6,Milk,4,5.0,5.0,-0.018181818181818,13.439336341074664,11.42516728405462,11.9619599476617,11.9826554889012,504,495,56.51,0.0,101.0,101.0,0.56,44.08,49946.15059999999
966,2024-03-17,6,Milk,1,5.0,6.0,-0.2213740458015267,11.503161386589923,33.82598136723463,17.4985061695043,17.550781367002855,480,393,61.79,14.2,101.0,101.0,0.56,44.08,49946.15059999999
967,2024-03-18,6,Milk,1,6.0,4.0,-0.432170542635659,10.538252828097228,21.13095673716124,13.124242004615814,13.153146384937772,739,516,50.14,0.0,101.0,101.0,0.56,44.08,49946.15059999999
968,2024-03-19,6,Milk,9,5.0,6.0,0.8,8.716593542380432,38.7830375773253,17.3412512366385,17.36264785183709,14,70,58.55,69.15,101.0,101.0,0.56,44.08,49946.15059999999
969,2024-03-20,6,Milk,9,5.0,4.0,1.0,12.55133309868155,30.86452524007593,17.295589787467364,17.291804737810736,0,83,53.34,69.47,101.0,101.0,0.56,44.08,49946.15059999999
970,2024-03-21,6,Milk,1,5.0,6.0,-0.3070422535211268,10.583229895323786,32.477063784668246,16.62647402191277,16.591182649383793,464,355,52.63,0.0,101.0,101.0,0.56,44.08,49946.15059999999
971,2024-03-22,6,Milk,1,5.0,5.0,-0.349705304518664,11.96844156575801,19.81720674433149,13.578567987853498,13.619604810712659,687,509,54.31,0.0,101.0,101.0,0.56,44.08,49946.15059999999
972,2024-03-23,6,Milk,5,5.0,5.0,0.0188916876574307,11.016539783972943,23.45429865002416,14.122248595513293,14.139679497886325,779,794,55.87,0.0,101.0,101.0,0.56,44.08,49946.15059999999
973,2024-03-24,6,Milk,10,5.0,4.0,6.285714285714286,13.90837916179753,32.072173934109536,18.399404290910372,18.472209692682267,74,-14,57.93,61.04,101.0,101.0,0.56,44.08,49946.15059999999
974,2024-03-25,6,Milk,6,5.0,5.0,0.073345259391771,13.088289504716016,35.83569926909304,18.9340684838864,19.109684543720537,518,559,52.05,0.0,101.0,101.0,0.56,44.08,49946.15059999999
975,2024-03-26,6,Milk,8,3.0,4.0,0.2054309327036599,12.894424174909664,59.29096241763861,26.03173292677396,26.04420488420626,673,847,62.6,0.0,101.0,101.0,0.56,44.08,49946.15059999999
976,2024-03-27,6,Milk,6,5.0,6.0,0.0424164524421594,10.767757753353042,32.22858323103487,16.705229797197322,16.62762438920655,745,778,60.65,0.0,101.0,101.0,0.56,44.08,49946.15059999999
977,2024-03-28,6,Milk,7,5.0,5.0,0.0948745910577971,12.932580087100378,39.76037525368926,20.213764791034645,20.195763946179937,830,917,50.87,0.0,101.0,101.0,0.56,44.08,49946.15059999999
978,2024-03-29,6,Milk,4,5.0,4.0,-0.0198237885462555,15.429663217352086,14.430660674907394,14.061643135076322,14.084968179096998,926,908,66.21,0.0,101.0,101.0,0.56,44.08,49946.15059999999
979,2024-03-30,6,Milk,3,5.0,4.0,-0.0747330960854093,10.335627931699875,16.70108138665937,11.716525132147998,11.699364512939784,604,562,68.47,18.88,101.0,101.0,0.56,44.08,49946.15059999999
980,2024-03-31,6,Milk,10,6.0,5.0,12.5,12.344678278458378,26.44505225391548,15.781581638199915,15.83872286187125,92,-8,65.11,52.39,102.93,102.93,0.56,44.08,49946.15059999999
981,2024-04-01,6,Milk,1,6.0,7.0,-0.3992395437262357,8.701566051165736,18.02572304361433,11.122541925882112,11.113386979737886,368,263,58.54,8.84,102.93,102.93,0.56,44.08,49946.15059999999
982,2024-04-02,6,Milk,2,5.0,5.0,-0.1564748201438848,14.797124184251071,44.86399253466384,22.81608680829692,22.85307002074307,643,556,54.31,0.0,102.93,102.93,0.56,44.08,49946.15059999999
983,2024-04-03,6,Milk,8,5.0,5.0,0.2333722287047841,11.204175802818318,25.897813072196712,14.949213691746634,14.987279740335008,657,857,65.16,9.74,102.93,102.93,0.56,44.08,49946.15059999999
984,2024-04-04,6,Milk,9,5.0,4.0,0.50974930362117,13.565157761683954,43.821818883931385,21.80592293368002,21.797747197694356,176,359,58.1,39.9,102.93,102.93,0.56,44.08,49946.15059999999
985,2024-04-05,6,Milk,8,5.0,5.0,0.1474164133738601,8.553543498567354,44.86782474085631,19.222466879616256,19.093693774776316,561,658,66.45,0.0,102.93,102.93,0.56,44.08,49946.15059999999
986,2024-04-06,6,Milk,9,5.0,5.0,1.0,15.59507877425181,30.42779719883567,19.06865889952352,18.993770091421382,0,234,61.6,195.59,102.93,102.93,0.56,44.08,49946.15059999999
987,2024-04-07,6,Milk,10,4.0,5.0,1.8444444444444448,11.286256943948803,35.017997538076386,17.773549776726092,17.778491416226803,38,-45,65.67,39.01,102.93,102.93,0.56,44.08,49946.15059999999
988,2024-04-08,6,Milk,6,5.0,5.0,0.0494296577946767,13.091314646940056,29.43900526659097,17.23069610087712,17.18848749271492,500,526,62.79,0.0,102.93,102.93,0.56,44.08,49946.15059999999
989,2024-04-09,6,Milk,5,4.0,4.0,0.0350140056022408,12.301636412665188,35.384370003545385,18.539428220366208,18.500199133349557,689,714,64.76,0.0,102.93,102.93,0.56,44.08,49946.15059999999
990,2024-04-10,6,Milk,3,4.0,5.0,-0.063157894736842,11.48905842762446,34.83341851780572,17.8110837106321,17.845149946354418,101,95,61.51,49.37,102.93,102.93,0.56,44.08,49946.15059999999
991,2024-04-11,6,Milk,3,5.0,4.0,-0.0575396825396825,15.371584605318606,28.76350374107969,18.384197089190103,18.35882725452747,533,504,70.61,0.0,102.93,102.93,0.56,44.08,49946.15059999999
992,2024-04-12,6,Milk,6,5.0,7.0,0.0512223515715948,8.70390758726764,35.049699814628404,16.165204891823794,16.2326648269271,815,859,62.53,0.0,102.93,102.93,0.56,44.08,49946.15059999999
993,2024-04-13,6,Milk,9,4.0,6.0,1.0,12.597427319984018,47.23696275667262,22.189280299399616,22.241564655747972,0,42,64.13,206.45,102.93,102.93,0.56,44.08,49946.15059999999
994,2024-04-14,6,Milk,6,5.0,5.0,0.0427698574338085,13.82129134445994,37.13016229710938,19.943761139329084,19.94032443263813,470,491,71.76,0.0,102.93,102.93,0.56,44.08,49946.15059999999
995,2024-04-15,6,Milk,9,5.0,5.0,1.0,11.940287756727267,33.257996136406256,17.62083211184038,17.64331224483802,0,-89,55.83,102.02,102.93,102.93,0.56,44.08,49946.15059999999
996,2024-04-16,6,Milk,2,5.0,5.0,-0.1999999999999999,11.763658431266816,31.247695210432124,17.020327554041238,16.932577054107842,468,390,56.44,0.0,102.93,102.93,0.56,44.08,49946.15059999999
997,2024-04-17,6,Milk,9,6.0,5.0,1.0,11.71462457585307,19.87326876231409,13.523157395933836,13.483583796134287,0,107,67.86,153.64,102.93,102.93,0.56,44.08,49946.15059999999
998,2024-04-18,6,Milk,9,5.0,5.0,0.3620689655172413,9.544727159179184,19.727031229245377,12.125843758222825,12.132684793253215,74,116,57.37,28.63,102.93,102.93,0.56,44.08,49946.15059999999
999,2024-04-19,6,Milk,9,5.0,4.0,0.6785714285714286,12.07625476818987,33.23356531480259,17.692293469699024,17.717861038783177,9,28,73.18,60.88,102.93,102.93,0.56,44.08,49946.15059999999
1000,2024-04-20,6,Milk,6,6.0,5.0,0.0778443113772454,13.025435046944798,16.30608875952843,13.216436186436072,13.200698350445364,462,501,61.62,0.0,102.93,102.93,0.56,44.08,49946.15059999999
1001,2024-04-21,6,Milk,9,5.0,5.0,1.0,12.137198454961322,22.33672401036417,14.430559711653933,14.478682602949355,0,94,60.17,121.11,102.93,102.93,0.56,44.08,49946.15059999999
1002,2024-04-22,6,Milk,10,4.0,5.0,1.025974025974026,11.45544779770984,42.81511340364133,20.247583297383034,20.224419365912574,2,-77,73.75,68.98,102.93,102.93,0.56,44.08,49946.15059999999
1003,2024-04-23,6,Milk,9,5.0,5.0,1.0,11.020549955253946,49.14229697062814,21.78625396684353,21.86460141380659,0,-8,71.76,130.18,102.93,102.93,0.56,44.08,49946.15059999999
1004,2024-04-24,6,Milk,3,6.0,6.0,-0.0648769574944072,11.441406661443256,13.340439232022815,11.398126276270837,11.35507866305506,476,447,73.92,0.0,102.93,102.93,0.56,44.08,49946.15059999999
1005,2024-04-25,6,Milk,8,5.0,4.0,0.2002262443438913,14.515488434992076,46.26649562301582,23.08101201130097,23.105070256459484,707,884,69.33,0.0,102.93,102.93,0.56,44.08,49946.15059999999
1006,2024-04-26,6,Milk,9,6.0,8.0,1.0,7.826730041158915,27.885617091544432,13.58245382806324,13.550621134606711,0,47,60.72,230.39,102.93,102.93,0.56,44.08,49946.15059999999
1007,2024-04-27,6,Milk,3,6.0,5.0,-0.0607476635514019,12.080142913095552,29.84994912968635,16.652441190496337,16.702996404828284,454,428,74.8,0.0,102.93,102.93,0.56,44.08,49946.15059999999
1008,2024-04-28,6,Milk,4,6.0,5.0,-0.0392464678178963,11.344490165407166,28.86588369357266,15.9787084676705,15.964073771098658,662,637,64.13,0.0,102.93,102.93,0.56,44.08,49946.15059999999
1009,2024-04-29,6,Milk,9,4.0,5.0,1.0,14.911615903673686,40.80544127025488,21.809219310356305,21.70191854142601,0,140,69.71,113.69,102.93,102.93,0.56,44.08,49946.15059999999
1010,2024-04-30,6,Milk,7,6.0,6.0,0.0879999999999999,12.110984450887605,13.923234209568228,11.920700095779996,11.933571396159302,342,375,70.66,9.77,103.34,103.34,0.56,44.08,49946.15059999999
1011,2024-05-01,6,Milk,2,5.0,4.0,-0.1875,14.969851197399908,34.56163611355133,19.8662715455218,19.85993725779862,38,32,65.37,58.3,103.34,103.34,0.56,44.08,49946.15059999999
1012,2024-05-02,6,Milk,4,5.0,6.0,-0.0343347639484978,7.752219963908882,20.55129802611989,11.39199973366916,11.30084894115938,482,466,69.44,0.0,103.34,103.34,0.56,44.08,49946.15059999999
1013,2024-05-03,6,Milk,9,5.0,5.0,0.3674911660777384,12.919169809668112,35.707885293815735,19.001952681188595,18.96939888330364,179,283,71.2,37.01,103.34,103.34,0.56,44.08,49946.15059999999
1014,2024-05-04,6,Milk,1,5.0,5.0,-0.293398533007335,12.56011572007536,45.427963382930514,21.686052721131603,21.675257657164764,529,409,68.7,0.0,103.34,103.34,0.56,44.08,49946.15059999999
1015,2024-05-05,6,Milk,9,4.0,4.0,1.0,14.781067934147876,29.9958267358738,18.316704317624808,18.373626802513645,0,9,61.54,165.81,103.34,103.34,0.56,44.08,49946.15059999999
1016,2024-05-06,6,Milk,8,5.0,5.0,0.1402550091074681,8.717302782353942,33.74155085970803,15.78896750870994,15.847467863291296,472,549,68.75,0.0,103.34,103.34,0.56,44.08,49946.15059999999
1017,2024-05-07,6,Milk,1,5.0,4.0,-0.2864963503649635,11.689928383763348,34.09551778237692,17.745283987005205,17.744301648893284,705,548,74.12,0.0,103.34,103.34,0.56,44.08,49946.15059999999
1018,2024-05-08,6,Milk,9,5.0,4.0,0.4661016949152542,12.132120523572985,22.0040650032951,14.35733002236666,14.375617860420725,63,118,64.24,66.64,103.34,103.34,0.56,44.08,49946.15059999999
1019,2024-05-09,6,Milk,1,5.0,5.0,-0.3351206434316354,11.00840901090958,45.11639349884318,20.639010545509937,20.646993491132108,498,373,67.18,0.0,103.34,103.34,0.56,44.08,49946.15059999999
1020,2024-05-10,6,Milk,6,4.0,4.0,0.0442260442260442,14.43315542748588,47.06468247260989,23.28958083197547,23.295437366706253,778,814,65.98,0.0,103.34,103.34,0.56,44.08,49946.15059999999
1021,2024-05-11,6,Milk,6,5.0,5.0,0.0555555555555555,11.322635629109206,37.01783372117029,18.365110101874468,18.40160722004888,935,990,77.63,0.0,103.34,103.34,0.56,44.08,49946.15059999999
1022,2024-05-12,6,Milk,10,5.0,3.0,1.5454545454545454,16.069525088042308,30.732854320076456,19.38627650014902,19.371239016025363,42,-77,71.96,69.38,103.34,103.34,0.56,44.08,49946.15059999999
1023,2024-05-13,6,Milk,2,6.0,4.0,-0.1031894934333959,14.108355817877843,25.381061846457158,16.672259854093404,16.581127124981617,588,533,70.86,0.0,103.34,103.34,0.56,44.08,49946.15059999999
1024,2024-05-14,6,Milk,2,5.0,3.0,-0.2078124999999999,13.9016673940076,23.735097768509124,15.911062717588276,15.961816748234963,773,640,65.2,0.0,103.34,103.34,0.56,44.08,49946.15059999999
1025,2024-05-15,6,Milk,9,4.0,5.0,1.0,13.118597962781768,47.10836582546656,22.480191207382983,22.51680766212481,0,63,71.97,107.77,103.34,103.34,0.56,44.08,49946.15059999999
1026,2024-05-16,6,Milk,3,5.0,6.0,-0.047945205479452,9.872608817948905,44.14415042729024,19.66432988602241,19.67061491319335,459,438,66.13,0.0,103.34,103.34,0.56,44.08,49946.15059999999
1027,2024-05-17,6,Milk,2,4.0,5.0,-0.1314935064935065,11.137807324978484,29.363385112104503,16.048722912315473,15.989150417996935,697,616,69.88,0.0,103.34,103.34,0.56,44.08,49946.15059999999
1028,2024-05-18,6,Milk,4,5.0,5.0,-0.0411840411840411,13.145502733714432,14.200694703288764,12.588190951181202,12.64007713952273,809,777,66.76,0.0,103.34,103.34,0.56,44.08,49946.15059999999
1029,2024-05-19,6,Milk,4,6.0,5.0,-0.0257186081694402,13.355114067175434,1.6798813009101288,8.963775425359094,9.0022317909886,678,661,73.55,9.44,103.34,103.34,0.56,44.08,49946.15059999999
1030,2024-05-20,6,Milk,3,5.0,3.0,-0.0734536082474226,14.614367690162515,19.1657333973572,14.910157582663851,15.017403952821464,833,776,73.27,0.0,103.34,103.34,0.56,44.08,49946.15059999999
1031,2024-05-21,6,Milk,6,5.0,5.0,0.0739336492890995,11.065117980748187,28.69379604004881,15.72519148980286,15.744072824669216,977,1055,69.57,0.0,103.34,103.34,0.56,44.08,49946.15059999999
1032,2024-05-22,6,Milk,7,4.0,6.0,0.1140096618357487,10.279693230150674,44.00689034443001,19.903890329720497,19.874539046044916,917,1035,72.82,0.0,103.34,103.34,0.56,44.08,49946.15059999999
1033,2024-05-23,6,Milk,2,5.0,4.0,-0.1088992974238876,13.718208385571062,23.483437909422197,15.8292176396182,15.775663054287623,947,854,65.6,0.0,103.34,103.34,0.56,44.08,49946.15059999999
1034,2024-05-24,6,Milk,3,5.0,5.0,-0.0554951033732318,10.380746847919774,35.04815456340502,17.260752160838756,17.24216585042791,970,919,63.83,0.0,103.34,103.34,0.56,44.08,49946.15059999999
1035,2024-05-25,6,Milk,1,5.0,3.0,-0.2235142118863049,13.746623672140824,43.03180961648432,21.62746923926067,21.669546549320025,947,774,73.71,0.0,103.34,103.34,0.56,44.08,49946.15059999999
