data/data_demo.csv
,Date,ProductID,Product,Low_Stock_Priority,Demand_Priority,Profitability_Priority,Low_Stock_Risk,cp,price_market,a,pred_s3,OrderQuantity,Inventory,Temperature,Rainfall,CPI,MCPI,Female,Age,Income
1036,2024-05-26,6,Milk,7,5.0,4.0,0.1117117117117116,14.399472352830076,31.285363168560483,18.56061594295131,18.531460086666875,493,555,72.57,27.45,103.34,103.34,0.56,44.08,49946.15059999999
1037,2024-05-27,6,Milk,7,5.0,5.0,0.1157635467980295,12.912306071654111,28.575521312111587,16.83025596615675,16.821083449529816,718,812,75.13,0.0,103.34,103.34,0.56,44.08,49946.15059999999
1038,2024-05-28,6,Milk,7,5.0,5.0,0.0808080808080807,11.284841936062804,16.91236485761392,12.248579338975365,12.334596619082483,819,891,84.09,0.0,103.34,103.34,0.56,44.08,49946.15059999999
1039,2024-05-29,6,Milk,3,5.0,5.0,-0.0942211055276383,12.08216445228776,17.975246917955673,13.08046800512858,13.134357556084433,871,796,77.12,0.0,103.34,103.34,0.56,44.08,49946.15059999999
1040,2024-05-30,6,Milk,3,5.0,5.0,-0.072234762979684,13.186931839206478,34.160996344158235,18.73605127203117,18.665636170210202,950,886,68.06,0.0,103.34,103.34,0.56,44.08,49946.15059999999
1041,2024-05-31,6,Milk,9,5.0,5.0,1.0,12.020371037424146,27.990924667990733,16.125610277000472,16.108122617924977,0,-31,78.43,225.67,103.98,103.98,0.56,44.08,49946.15059999999
1042,2024-06-01,6,Milk,5,5.0,3.0,0.0113895216400911,16.396592677340983,31.22531317653301,19.636809839939065,19.716279297311775,434,439,66.49,0.0,103.98,103.98,0.56,44.08,49946.15059999999
1043,2024-06-02,6,Milk,9,5.0,6.0,1.0,10.0186581387457,29.527222843037528,15.41035939156177,15.364337388484195,0,132,70.99,94.33,103.98,103.98,0.56,44.08,49946.15059999999
1044,2024-06-03,6,Milk,9,5.0,6.0,1.0,9.994662825260418,36.6414404935865,17.542301591220333,17.488611040756584,0,55,73.18,74.72,103.98,103.98,0.56,44.08,49946.15059999999
1045,2024-06-04,6,Milk,6,5.0,6.0,0.0505263157894736,10.04620922652935,22.15312588570555,13.15191160015629,13.164078646767699,451,475,82.31,0.0,103.98,103.98,0.56,44.08,49946.15059999999
1046,2024-06-05,6,Milk,9,5.0,5.0,0.9739130434782608,10.820840154909568,26.64419356416833,15.01864626701558,14.980777620983035,6,230,70.24,77.33,103.98,103.98,0.56,44.08,49946.15059999999
1047,2024-06-06,6,Milk,1,5.0,6.0,-0.2794117647058822,7.642136959610181,48.96182228633144,19.586823829767955,19.775517058570568,522,408,70.06,0.0,103.98,103.98,0.56,44.08,49946.15059999999
1048,2024-06-07,6,Milk,7,6.0,7.0,0.1129607609988109,10.740699146119638,22.002138616142293,13.59373991227388,13.536981258549366,746,841,73.92,0.0,103.98,103.98,0.56,44.08,49946.15059999999
1049,2024-06-08,6,Milk,9,5.0,6.0,0.640495867768595,10.69343059614422,27.184245691998974,15.13008983488222,15.066392708346806,87,242,71.32,60.63,103.98,103.98,0.56,44.08,49946.15059999999
1050,2024-06-09,6,Milk,5,5.0,5.0,0.0164473684210526,12.157028050348352,24.106132980214305,14.969821588535115,15.022558189711877,598,608,80.49,0.0,103.98,103.98,0.56,44.08,49946.15059999999
1051,2024-06-10,6,Milk,9,5.0,5.0,0.3584905660377359,12.835601166412165,34.4478136240725,18.54980905704481,18.540253625785525,136,212,69.68,45.09,103.98,103.98,0.56,44.08,49946.15059999999
1052,2024-06-11,6,Milk,6,5.0,6.0,0.0798668885191348,9.51956732718446,40.223923224420695,18.262011336484512,18.279450660366408,553,601,69.57,0.0,103.98,103.98,0.56,44.08,49946.15059999999
1053,2024-06-12,6,Milk,9,5.0,5.0,1.0,13.800108485528146,25.017883814138905,16.280303761520017,16.286287653600038,0,104,73.34,165.96,103.98,103.98,0.56,44.08,49946.15059999999
1054,2024-06-13,6,Milk,9,5.0,3.0,1.0,15.604484459581094,25.685856588953147,17.547203630207846,17.573879655264832,0,54,73.26,106.85,103.98,103.98,0.56,44.08,49946.15059999999
1055,2024-06-14,6,Milk,2,5.0,6.0,-0.15625,11.583429793810009,27.210183946969696,15.54649828703417,15.61023976858325,407,352,85.63,0.0,103.98,103.98,0.56,44.08,49946.15059999999
1056,2024-06-15,6,Milk,3,5.0,4.0,-0.0675039246467819,15.148742474951144,35.298337834749574,20.27326702054964,20.189156486259634,680,637,80.95,0.0,103.98,103.98,0.56,44.08,49946.15059999999
1057,2024-06-16,6,Milk,4,5.0,4.0,-0.0295566502463053,12.397978988810376,22.60604697489805,14.70508594327668,14.716717302058228,836,812,76.86,0.0,103.98,103.98,0.56,44.08,49946.15059999999
1058,2024-06-17,6,Milk,8,5.0,3.0,0.176043557168784,15.977463837190784,26.240400340287408,17.963836156613805,17.965237148645762,908,1102,70.52,0.0,103.98,103.98,0.56,44.08,49946.15059999999
1059,2024-06-18,6,Milk,2,5.0,5.0,-0.1049661399548533,14.23456693137638,6.278061284869846,10.873688515274212,10.914266201286834,979,886,81.09,0.0,103.98,103.98,0.56,44.08,49946.15059999999
1060,2024-06-19,6,Milk,6,6.0,7.0,0.0542857142857142,8.872190730320467,16.18254990505015,10.626236051651109,10.662047099579443,993,1050,72.09,0.0,103.98,103.98,0.56,44.08,49946.15059999999
1061,2024-06-20,6,Milk,7,5.0,6.0,0.1334214002642008,12.03725474132271,28.87556243980712,16.405651497489533,16.38423774969808,656,757,69.59,15.67,103.98,103.98,0.56,44.08,49946.15059999999
1062,2024-06-21,6,Milk,3,4.0,4.0,-0.0874999999999999,14.108649949808155,38.978641732031214,20.68510209350181,20.669104303541076,87,80,83.48,57.85,103.98,103.98,0.56,44.08,49946.15059999999
1063,2024-06-22,6,Milk,9,4.0,5.0,0.3646408839779005,12.061093162081232,32.95075783301863,17.665779455620566,17.623709583074643,115,181,79.35,34.97,103.98,103.98,0.56,44.08,49946.15059999999
1064,2024-06-23,6,Milk,8,5.0,5.0,0.2975326560232221,11.926232938309866,19.012315433327004,13.414623093108704,13.35221033919273,484,689,82.59,0.0,103.98,103.98,0.56,44.08,49946.15059999999
1065,2024-06-24,6,Milk,2,5.0,4.0,-0.1592465753424656,14.539529500628609,15.99743791872058,14.012438698968298,14.01985342363498,677,584,79.81,0.0,103.98,103.98,0.56,44.08,49946.15059999999
1066,2024-06-25,6,Milk,9,5.0,6.0,1.0,10.580291635707791,31.74680092898169,16.350005106919532,16.369876174776465,0,22,82.72,136.45,103.98,103.98,0.56,44.08,49946.15059999999
1067,2024-06-26,6,Milk,8,5.0,4.0,0.2421052631578947,12.035031226556436,13.471963577471564,11.799948500817775,11.752160381217202,576,760,75.4,0.0,103.98,103.98,0.56,44.08,49946.15059999999
1068,2024-06-27,6,Milk,1,5.0,4.0,-0.2639344262295082,12.647251529218238,40.65926818716889,20.254259413510088,20.294141167762525,771,610,73.71,0.0,103.98,103.98,0.56,44.08,49946.15059999999
1069,2024-06-28,6,Milk,5,5.0,5.0,0.0213004484304932,11.332418079292871,30.63896191650178,16.534727347321148,16.48983795126696,873,892,82.51,0.0,103.98,103.98,0.56,44.08,49946.15059999999
1070,2024-06-29,6,Milk,7,5.0,5.0,0.1195952161913523,11.959741792244923,13.92679840765942,11.872609612006896,11.84354896080779,957,1087,75.31,0.0,103.98,103.98,0.56,44.08,49946.15059999999
1071,2024-06-30,6,Milk,7,5.0,4.0,0.0870841487279843,13.55004652644834,20.340461411581305,14.789917661072568,14.729514954926731,933,1022,76.11,0.0,105.16,105.16,0.56,44.08,49946.15059999999
1072,2024-07-01,6,Milk,5,5.0,5.0,0.0342741935483871,12.865675242999988,22.75688680768877,15.079990772549015,15.043758759492409,958,992,77.5,0.0,105.16,105.16,0.56,44.08,49946.15059999999
1073,2024-07-02,6,Milk,1,5.0,7.0,-2.347826086956522,10.382564936040932,22.26807489776561,13.357239139759686,13.40122352974392,77,23,80.09,62.04,105.16,105.16,0.56,44.08,49946.15059999999
716,2024-01-06,5,Egg,6,6.0,6.0,0.0652173913043477,10.294868803301943,17.76071295941398,10.113951726767334,10.08690874709708,645,690,42.22,0.0,100.7,100.7,0.56,44.08,49946.15059999999
717,2024-01-07,5,Egg,8,6.0,6.0,0.2216796875,8.045070245508262,13.803717663195457,7.978517580770869,7.9806411122447205,797,1024,45.34,0.0,100.7,100.7,0.56,44.08,49946.15059999999
718,2024-01-08,5,Egg,4,6.0,6.0,-0.0368715083798882,11.75877988382674,17.032246936936993,10.618019527473988,10.631882367412663,928,895,51.87,0.0,100.7,100.7,0.56,44.08,49946.15059999999
719,2024-01-09,5,Egg,2,5.0,6.0,-0.2024793388429753,11.270849053107993,40.48066801378739,16.223251929221274,16.24980126204879,291,242,50.23,62.52,100.7,100.7,0.56,44.08,49946.15059999999
720,2024-01-10,5,Egg,4,6.0,6.0,-0.0015898251192367,11.085221566997593,24.38256698542099,12.129298409594352,12.134364806069172,630,629,36.23,0.0,100.7,100.7,0.56,44.08,49946.15059999999
721,2024-01-11,5,Egg,5,6.0,5.0,0.0223602484472049,11.431877786873985,20.531637463373787,11.271276202368622,11.344100482524762,787,805,46.09,0.0,100.7,100.7,0.56,44.08,49946.15059999999
722,2024-01-12,5,Egg,6,6.0,8.0,0.0473988439306358,4.010774279544762,23.16244269750008,8.376520763062313,8.31599894368734,824,865,40.81,5.22,100.7,100.7,0.56,44.08,49946.15059999999
723,2024-01-13,5,Egg,8,6.0,5.0,0.1401693320790216,11.761875122161944,33.24618219638468,14.720693642196885,14.685615931029417,914,1063,41.27,0.0,100.7,100.7,0.56,44.08,49946.15059999999
724,2024-01-14,5,Egg,9,6.0,4.0,0.782608695652174,13.616263621157952,11.871503254502082,10.270885772493832,10.264601225900453,10,46,44.06,154.3,100.7,100.7,0.56,44.08,49946.15059999999
725,2024-01-15,5,Egg,1,6.0,6.0,-0.381578947368421,10.873276949258583,39.14874135922423,15.692833575693982,15.719476376479847,420,304,42.95,0.0,100.7,100.7,0.56,44.08,49946.15059999999
726,2024-01-16,5,Egg,3,6.0,5.0,-0.0626566416040099,10.385457992999454,26.56476256946299,12.330402657857586,12.332212003344498,424,399,49.73,26.71,100.7,100.7,0.56,44.08,49946.15059999999
727,2024-01-17,5,Egg,2,6.0,6.0,-0.1216457960644006,11.392877346782878,22.836560217042734,11.945468474765264,11.900779091260723,627,559,46.49,0.0,100.7,100.7,0.56,44.08,49946.15059999999
728,2024-01-18,5,Egg,3,6.0,6.0,-0.0810457516339868,10.676450947370231,29.42846113746739,13.24591315261291,13.192427097589114,827,765,43.51,0.0,100.7,100.7,0.56,44.08,49946.15059999999
729,2024-01-19,5,Egg,9,6.0,5.0,0.4142114384748699,11.303562523401231,27.18397073129937,12.90258939802217,12.94292947716167,338,577,45.35,52.33,100.7,100.7,0.56,44.08,49946.15059999999
730,2024-01-20,5,Egg,4,6.0,8.0,-0.0135363790186124,10.002942000490822,21.55803543532619,10.842303421068276,10.890956214586435,599,591,45.02,0.0,100.7,100.7,0.56,44.08,49946.15059999999
731,2024-01-21,5,Egg,10,6.0,6.0,8.642857142857142,8.466590290926199,22.47289327958393,10.455429963499496,10.356589058846644,107,-14,51.05,77.18,100.7,100.7,0.56,44.08,49946.15059999999
732,2024-01-22,5,Egg,10,6.0,7.0,1.0408163265306123,7.991354575570773,16.311374531340476,8.63035056350629,8.580679025231067,4,-98,42.77,82.35,100.7,100.7,0.56,44.08,49946.15059999999
733,2024-01-23,5,Egg,9,6.0,6.0,1.0,8.003616543536271,31.563907508593022,12.428211145957793,12.398690894373175,0,63,45.59,216.32,100.7,100.7,0.56,44.08,49946.15059999999
734,2024-01-24,5,Egg,9,6.0,7.0,1.0,7.253914898098209,19.68006190588838,9.04004061333533,9.056343613453626,0,53,39.98,133.65,100.7,100.7,0.56,44.08,49946.15059999999
735,2024-01-25,5,Egg,8,7.0,7.0,0.1382978723404255,7.864515977961787,15.437415775677172,8.337812949813326,8.29926600287268,405,470,31.7,0.0,100.7,100.7,0.56,44.08,49946.15059999999
736,2024-01-26,5,Egg,2,4.0,4.0,-0.1637323943661972,13.522532254839726,26.65863522653537,13.862263275262151,13.913659596198446,661,568,47.96,0.0,100.7,100.7,0.56,44.08,49946.15059999999
737,2024-01-27,5,Egg,10,5.0,5.0,1.3421052631578947,11.508191327312485,38.29141282745553,15.903537291596876,15.820534237156465,39,-114,49.24,109.97,100.7,100.7,0.56,44.08,49946.15059999999
738,2024-01-28,5,Egg,10,6.0,8.0,1.2127659574468086,8.749945218630657,24.5165537622018,11.00232243862892,11.008066420533837,20,-94,41.43,65.53,100.7,100.7,0.56,44.08,49946.15059999999
739,2024-01-29,5,Egg,1,6.0,6.0,-1.8125,9.219214612028985,18.9189874304831,9.878897238743203,9.842175813745612,45,16,56.71,64.01,100.7,100.7,0.56,44.08,49946.15059999999
740,2024-01-30,5,Egg,7,6.0,5.0,0.1282051282051282,10.22511506181291,29.03896020835974,12.904608471741147,12.870932731788177,476,546,38.31,0.0,100.7,100.7,0.56,44.08,49946.15059999999
741,2024-01-31,5,Egg,1,5.0,6.0,-0.3786982248520709,8.688909941031284,44.36712462402552,15.929657580958926,15.938820537619726,699,507,46.04,0.0,100.7,100.7,0.56,44.08,49946.15059999999
742,2024-02-01,5,Egg,3,7.0,6.0,-0.0966767371601209,10.13503371434865,10.480944705682528,8.178984715840084,8.18816472523447,726,662,45.1,0.0,100.7,100.7,0.56,44.08,49946.15059999999
743,2024-02-02,5,Egg,6,6.0,6.0,0.0528233151183971,11.555208275805825,28.822027877852936,13.544190264429943,13.477290264611101,520,549,53.92,27.99,100.7,100.7,0.56,44.08,49946.15059999999
744,2024-02-03,5,Egg,4,6.0,7.0,-0.0154639175257731,9.928514532903652,27.05086625231854,12.27829869976059,12.226764334992597,788,776,53.83,0.0,100.7,100.7,0.56,44.08,49946.15059999999
745,2024-02-04,5,Egg,9,6.0,6.0,0.4620689655172414,10.672031485323984,36.61533803559117,14.901238695560764,14.986380783120019,78,145,47.48,91.02,100.7,100.7,0.56,44.08,49946.15059999999
746,2024-02-05,5,Egg,1,6.0,6.0,-0.2624113475177305,11.772983078719232,34.90909173684845,15.029144186718906,15.106727894770035,178,141,48.82,31.72,100.7,100.7,0.56,44.08,49946.15059999999
747,2024-02-06,5,Egg,10,6.0,7.0,1.3103448275862069,9.455736487963584,23.132908881902207,10.963784433439535,11.012787066617513,27,-87,42.71,78.63,100.7,100.7,0.56,44.08,49946.15059999999
748,2024-02-07,5,Egg,1,7.0,6.0,-1.1578947368421053,10.569581198268729,8.15482744575117,7.778820190657171,7.822632436329859,492,228,37.47,0.0,100.7,100.7,0.56,44.08,49946.15059999999
749,2024-02-08,5,Egg,3,6.0,7.0,-0.0716666666666667,9.381244814233275,33.065637678962595,13.401105533227923,13.458185246626421,643,600,45.86,0.0,100.7,100.7,0.56,44.08,49946.15059999999
750,2024-02-09,5,Egg,3,7.0,7.0,-0.0843214756258234,9.942942260331169,16.64807309808517,9.64709493684999,9.634057417982433,823,759,48.6,0.0,100.7,100.7,0.56,44.08,49946.15059999999
751,2024-02-10,5,Egg,5,6.0,7.0,0.0,9.35053946983408,15.532595890428103,9.035233485167367,9.061067595960035,807,807,54.2,0.0,100.7,100.7,0.56,44.08,49946.15059999999
752,2024-02-11,5,Egg,5,6.0,6.0,0.0124999999999999,8.94226029288777,36.48350580691126,14.15231282925981,14.094364965929351,395,400,54.28,37.92,100.7,100.7,0.56,44.08,49946.15059999999
753,2024-02-12,5,Egg,9,6.0,6.0,1.0,10.347423705974046,15.891496223613474,9.719229797166244,9.645853692247341,0,4,46.55,225.93,100.7,100.7,0.56,44.08,49946.15059999999
754,2024-02-13,5,Egg,3,5.0,6.0,-0.0767123287671232,11.133090631636424,39.02844740100243,15.82222300419394,15.818445504423075,393,365,47.2,0.0,100.7,100.7,0.56,44.08,49946.15059999999
755,2024-02-14,5,Egg,1,6.0,5.0,-0.3549695740365111,10.292608892002088,28.35844721405313,12.82008914694797,12.73437844665074,668,493,43.7,0.0,100.7,100.7,0.56,44.08,49946.15059999999
756,2024-02-15,5,Egg,8,5.0,6.0,0.1755802219979818,10.997453916623863,28.191184000862823,13.047733674034673,13.04262798317176,817,991,42.06,0.0,100.7,100.7,0.56,44.08,49946.15059999999
757,2024-02-16,5,Egg,4,6.0,7.0,-0.0143369175627239,8.524136439517541,28.07264780505591,11.758490638685252,11.784662585696962,849,837,40.85,0.0,100.7,100.7,0.56,44.08,49946.15059999999
758,2024-02-17,5,Egg,1,7.0,6.0,-0.3428571428571427,7.592529615600441,8.615763742582079,6.453445030410435,6.45931619723683,376,280,59.36,48.15,100.7,100.7,0.56,44.08,49946.15059999999
759,2024-02-18,5,Egg,7,7.0,6.0,0.1136950904392765,10.834087005935206,7.236113836534241,7.773314962200817,7.724390332334997,686,774,47.28,0.0,100.7,100.7,0.56,44.08,49946.15059999999
760,2024-02-19,5,Egg,6,6.0,5.0,0.0453938584779706,11.37576278234951,27.155530537886847,12.896040977011472,12.971679000933186,715,749,47.87,6.33,100.7,100.7,0.56,44.08,49946.15059999999
761,2024-02-20,5,Egg,3,6.0,6.0,-0.0859649122807018,10.099714533199643,30.6800735922642,13.20944569855465,13.218802234201803,619,570,44.02,15.65,100.7,100.7,0.56,44.08,49946.15059999999
762,2024-02-21,5,Egg,8,6.0,5.0,0.2723004694835681,12.696071560849438,25.82611032156201,13.319433643831063,13.295143587089651,465,639,54.39,23.22,100.7,100.7,0.56,44.08,49946.15059999999
763,2024-02-22,5,Egg,7,6.0,5.0,0.1070110701107011,11.815397595975798,16.784654829804722,10.622016738701005,10.598122446456696,726,813,42.66,0.0,100.7,100.7,0.56,44.08,49946.15059999999
764,2024-02-23,5,Egg,8,6.0,3.0,0.2319587628865979,15.361141681538,25.189221038821948,14.45945428330834,14.45954404046659,894,1164,49.89,0.0,100.7,100.7,0.56,44.08,49946.15059999999
765,2024-02-24,5,Egg,4,6.0,6.0,-0.035031847133758,9.598382972008668,24.17965846854516,11.368545390272798,11.345234856283081,975,942,46.7,0.0,100.7,100.7,0.56,44.08,49946.15059999999
766,2024-02-25,5,Egg,3,6.0,6.0,-0.0679205851619644,8.002302407809264,15.428419017245895,8.372862039113649,8.36544735505225,1022,957,53.33,0.0,100.7,100.7,0.56,44.08,49946.15059999999
767,2024-02-26,5,Egg,5,6.0,6.0,0.0246791707798618,8.519726418520973,35.13972154112162,13.515198188867272,13.548679682407954,988,1013,49.07,0.0,100.7,100.7,0.56,44.08,49946.15059999999
768,2024-02-27,5,Egg,1,7.0,7.0,-0.3239074550128535,8.869004387250687,7.697239384499142,6.967891971197068,6.863702535017452,515,389,45.94,41.61,100.7,100.7,0.56,44.08,49946.15059999999
769,2024-02-28,5,Egg,3,6.0,6.0,-0.0543318649045521,10.95206276687623,30.887424068075063,13.719864910758448,13.693930985576772,718,681,51.93,0.0,100.7,100.7,0.56,44.08,49946.15059999999
770,2024-02-29,5,Egg,1,6.0,8.0,-0.7857142857142858,5.683862872077486,28.843234052112454,10.536180781558164,10.566663258011642,150,84,54.43,78.12,101.0,101.0,0.56,44.08,49946.15059999999
771,2024-03-01,5,Egg,10,6.0,4.0,1.0142857142857142,12.637102036181671,35.097118548117145,15.5642447034462,15.58287304034159,1,-70,52.85,149.45,101.0,101.0,0.56,44.08,49946.15059999999
772,2024-03-02,5,Egg,7,6.0,6.0,0.1271551724137931,9.521406817715311,14.946881276511412,9.048894173897056,8.999544483379308,405,464,54.25,0.0,101.0,101.0,0.56,44.08,49946.15059999999
773,2024-03-03,5,Egg,1,6.0,6.0,-0.3050847457627119,9.506412884422495,26.01407146668211,11.761827298434978,11.758016704466353,231,177,49.79,42.63,101.0,101.0,0.56,44.08,49946.15059999999
