data/data_demo.csv
,Date,ProductID,Product,Low_Stock_Priority,Demand_Priority,Profitability_Priority,Low_Stock_Risk,cp,price_market,a,pred_s3,OrderQuantity,Inventory,Temperature,Rainfall,CPI,MCPI,Female,Age,Income
774,2024-03-04,5,Egg,9,6.0,7.0,0.3243243243243243,7.8413136679500095,46.71164949318166,16.22597484216118,16.103817990922778,75,111,51.37,67.69,101.0,101.0,0.56,44.08,49946.15059999999
775,2024-03-05,5,Egg,1,6.0,6.0,-0.3948863636363635,9.77154889709964,31.620742889997064,13.269163964901482,13.290915696161289,491,352,50.05,0.0,101.0,101.0,0.56,44.08,49946.15059999999
776,2024-03-06,5,Egg,4,6.0,6.0,-0.0188087774294671,10.026479535335069,26.00581208728963,11.952562442567327,12.014236812385253,650,638,51.83,0.0,101.0,101.0,0.56,44.08,49946.15059999999
777,2024-03-07,5,Egg,3,6.0,6.0,-0.0461538461538462,9.756110144799443,30.39161274114197,12.974573334743534,12.976063303212772,816,780,49.79,0.0,101.0,101.0,0.56,44.08,49946.15059999999
778,2024-03-08,5,Egg,3,6.0,7.0,-0.0479825517993457,10.67811851188486,25.8617684238012,12.313254734834604,12.301865305036443,961,917,45.45,0.0,101.0,101.0,0.56,44.08,49946.15059999999
779,2024-03-09,5,Egg,2,5.0,6.0,-0.1387283236994219,8.82073591609794,46.9089801323984,16.531690459416552,16.63955222525259,985,865,55.19,0.0,101.0,101.0,0.56,44.08,49946.15059999999
780,2024-03-10,5,Egg,5,6.0,7.0,0.021759697256386,8.208368479178345,34.8363619578918,13.297816303343048,13.31823202838889,1034,1057,52.52,0.0,101.0,101.0,0.56,44.08,49946.15059999999
781,2024-03-11,5,Egg,1,6.0,6.0,-1.2647058823529411,11.09665626099596,24.14385045769503,12.065869972852358,12.080383520473005,77,34,46.6,115.23,101.0,101.0,0.56,44.08,49946.15059999999
782,2024-03-12,5,Egg,9,6.0,6.0,1.0,10.197334907631593,27.52331431384521,12.46105785546682,12.478344957336773,0,22,57.29,107.96,101.0,101.0,0.56,44.08,49946.15059999999
783,2024-03-13,5,Egg,2,6.0,6.0,-0.205128205128205,10.394362110394734,21.092020039189865,10.938674777613304,10.968883045037547,376,312,50.66,0.0,101.0,101.0,0.56,44.08,49946.15059999999
784,2024-03-14,5,Egg,3,5.0,5.0,-0.0905923344947734,12.118054508883931,37.09850126410305,15.766492943313306,15.825281637839815,626,574,55.68,0.0,101.0,101.0,0.56,44.08,49946.15059999999
785,2024-03-15,5,Egg,7,7.0,6.0,0.0919540229885057,7.954871217478629,10.938952286089892,7.250075582832876,7.219881076497826,237,261,59.29,52.11,101.0,101.0,0.56,44.08,49946.15059999999
786,2024-03-16,5,Egg,8,7.0,6.0,0.1979166666666666,8.289519085498272,8.952614701390129,6.853721175897184,6.889652889317744,539,672,56.51,0.0,101.0,101.0,0.56,44.08,49946.15059999999
787,2024-03-17,5,Egg,1,6.0,4.0,-0.4045801526717556,12.514439301657989,39.58714749675994,16.602821452398935,16.644104906580516,552,393,61.79,14.2,101.0,101.0,0.56,44.08,49946.15059999999
788,2024-03-18,5,Egg,8,5.0,7.0,0.2392344497607655,7.034233284851915,46.53119792570583,15.61191941046152,15.657893516380069,795,1045,50.14,0.0,101.0,101.0,0.56,44.08,49946.15059999999
789,2024-03-19,5,Egg,1,6.0,8.0,-0.78125,7.381175707337972,29.68304907689592,11.587733960905616,11.619498538782235,171,96,58.55,69.15,101.0,101.0,0.56,44.08,49946.15059999999
790,2024-03-20,5,Egg,5,6.0,5.0,0.0,11.635723662369992,26.12737941235737,12.85513904050999,12.843829028857645,44,44,53.34,69.47,101.0,101.0,0.56,44.08,49946.15059999999
791,2024-03-21,5,Egg,7,6.0,7.0,0.1256544502617801,10.476400384044076,31.57267690304777,13.664786367102003,13.628958283863813,501,573,52.63,0.0,101.0,101.0,0.56,44.08,49946.15059999999
792,2024-03-22,5,Egg,3,6.0,6.0,-0.0478142076502732,10.210464274118552,18.529464736172407,10.189939346201625,10.237117243909756,767,732,54.31,0.0,101.0,101.0,0.56,44.08,49946.15059999999
793,2024-03-23,5,Egg,6,6.0,6.0,0.0522306855277475,9.816681183799234,26.71243545152213,12.062484584902426,12.086642938295121,871,919,55.87,0.0,101.0,101.0,0.56,44.08,49946.15059999999
794,2024-03-24,5,Egg,1,6.0,7.0,-0.5,10.06253509405514,25.38908705856215,11.811263925267108,11.8780110474403,252,168,57.93,61.04,101.0,101.0,0.56,44.08,49946.15059999999
795,2024-03-25,5,Egg,8,6.0,6.0,0.1380813953488372,9.815775770616089,31.26564250745361,13.054683512500327,13.224133495134197,593,688,52.05,0.0,101.0,101.0,0.56,44.08,49946.15059999999
796,2024-03-26,5,Egg,6,6.0,5.0,0.0554245283018868,12.710885405188836,9.420014718166035,9.218236078672508,9.202279507463087,801,848,62.6,0.0,101.0,101.0,0.56,44.08,49946.15059999999
797,2024-03-27,5,Egg,3,6.0,7.0,-0.0742009132420091,9.20370374249985,19.929652302346625,10.160265122711618,10.087058509896057,941,876,60.65,0.0,101.0,101.0,0.56,44.08,49946.15059999999
798,2024-03-28,5,Egg,5,6.0,7.0,0.006198347107438,9.677252927444442,33.44995603000837,13.727219633891956,13.701242873811088,962,968,50.87,0.0,101.0,101.0,0.56,44.08,49946.15059999999
799,2024-03-29,5,Egg,6,6.0,5.0,0.0398058252427184,13.588897610450148,18.244061723699367,11.830111238342766,11.84364386169003,989,1030,66.21,0.0,101.0,101.0,0.56,44.08,49946.15059999999
800,2024-03-30,5,Egg,2,7.0,5.0,-0.1513353115727003,10.05501940405967,15.066386245768646,9.29893022060226,9.294422944964293,776,674,68.47,18.88,101.0,101.0,0.56,44.08,49946.15059999999
801,2024-03-31,5,Egg,6,5.0,3.0,0.0725552050473186,14.464032779050356,45.42072149826954,19.02845575904281,19.070275283895032,294,317,65.11,52.39,102.93,102.93,0.56,44.08,49946.15059999999
802,2024-04-01,5,Egg,7,5.0,6.0,0.1078582434514637,9.790040597962092,25.381180001794004,11.734200681527918,11.740704085299381,579,649,58.54,8.84,102.93,102.93,0.56,44.08,49946.15059999999
803,2024-04-02,5,Egg,2,6.0,6.0,-0.1037344398340249,12.734829964920316,19.21081860056792,11.64873416994926,11.661094795575515,798,723,54.31,0.0,102.93,102.93,0.56,44.08,49946.15059999999
804,2024-04-03,5,Egg,1,7.0,7.0,-0.2381756756756756,6.689311923380645,8.076295625258915,5.821094156401682,5.875920756206475,733,592,65.16,9.74,102.93,102.93,0.56,44.08,49946.15059999999
805,2024-04-04,5,Egg,1,6.0,6.0,-0.3054545454545454,10.307288921631333,32.29346346280426,13.747292938006964,13.725110695113763,359,275,58.1,39.9,102.93,102.93,0.56,44.08,49946.15059999999
806,2024-04-05,5,Egg,1,6.0,7.0,-0.236328125,6.831052873698129,31.99136153718694,12.043360179364752,11.923182056462288,633,512,66.45,0.0,102.93,102.93,0.56,44.08,49946.15059999999
807,2024-04-06,5,Egg,9,7.0,6.0,1.0,11.688908613209172,22.01240399430064,11.93082778050148,11.841825532166357,0,5,61.6,195.59,102.93,102.93,0.56,44.08,49946.15059999999
808,2024-04-07,5,Egg,1,7.0,8.0,-0.375,7.57426436758195,13.977698090929094,7.777953055457144,7.790302825709797,110,80,65.67,39.01,102.93,102.93,0.56,44.08,49946.15059999999
809,2024-04-08,5,Egg,4,7.0,6.0,-0.0122199592668024,10.567539108766692,24.75450576357621,12.016601728013192,11.970219748125256,497,491,62.79,0.0,102.93,102.93,0.56,44.08,49946.15059999999
810,2024-04-09,5,Egg,6,7.0,6.0,0.0722070844686648,9.435608246619127,16.641439325183786,9.421299326308992,9.380438702229643,681,734,64.76,0.0,102.93,102.93,0.56,44.08,49946.15059999999
811,2024-04-10,5,Egg,2,6.0,9.0,-0.1912350597609562,7.683593629631942,15.579064111268842,8.204185941348891,8.24481412237253,299,251,61.51,49.37,102.93,102.93,0.56,44.08,49946.15059999999
812,2024-04-11,5,Egg,8,6.0,7.0,0.2664907651715039,6.761280034204916,23.967872485382923,9.90480334212322,9.883295127626205,556,758,70.61,0.0,102.93,102.93,0.56,44.08,49946.15059999999
813,2024-04-12,5,Egg,2,6.0,6.0,-0.1413210445468509,8.97791907283978,14.486096013399354,8.53843393484442,8.614468679287175,743,651,62.53,0.0,102.93,102.93,0.56,44.08,49946.15059999999
814,2024-04-13,5,Egg,9,6.0,4.0,1.0,13.48125889179066,27.46648955252446,14.066986914433867,14.095061154672216,0,29,64.13,206.45,102.93,102.93,0.56,44.08,49946.15059999999
815,2024-04-14,5,Egg,6,6.0,7.0,0.0545023696682464,9.413029890221246,31.079925094063974,12.988433862146923,12.977700417164415,399,422,71.76,0.0,102.93,102.93,0.56,44.08,49946.15059999999
816,2024-04-15,5,Egg,10,6.0,6.0,1.5,11.834443084231712,16.603675528268084,10.54740104106502,10.562350684185446,26,-52,55.83,102.02,102.93,102.93,0.56,44.08,49946.15059999999
817,2024-04-16,5,Egg,8,7.0,6.0,0.2721518987341772,9.885914264675623,11.317549046616094,8.360168326143347,8.273527465373123,460,632,56.44,0.0,102.93,102.93,0.56,44.08,49946.15059999999
818,2024-04-17,5,Egg,9,5.0,4.0,1.0,11.753453547380904,40.61279598955807,16.562327792807736,16.522501971467694,0,76,67.86,153.64,102.93,102.93,0.56,44.08,49946.15059999999
819,2024-04-18,5,Egg,9,7.0,7.0,0.5373134328358209,6.346177243390965,15.597297640427952,7.553311125744172,7.585160709138393,124,268,57.37,28.63,102.93,102.93,0.56,44.08,49946.15059999999
820,2024-04-19,5,Egg,9,6.0,6.0,0.8435013262599469,9.193623386300931,18.400572948976624,9.673425944738948,9.699903810469404,59,377,73.18,60.88,102.93,102.93,0.56,44.08,49946.15059999999
821,2024-04-20,5,Egg,5,5.0,6.0,0.0194931773879142,11.898811047586438,27.13017167429887,13.2412969727786,13.22510637531952,503,513,61.62,0.0,102.93,102.93,0.56,44.08,49946.15059999999
822,2024-04-21,5,Egg,9,6.0,6.0,0.5625,9.673490102333645,30.99369372522297,13.032391918040457,13.085503578259553,7,16,60.17,121.11,102.93,102.93,0.56,44.08,49946.15059999999
823,2024-04-22,5,Egg,10,6.0,8.0,1.3,9.827089434577903,22.43683106310357,11.052533080729573,11.023250465352701,9,-30,73.75,68.98,102.93,102.93,0.56,44.08,49946.15059999999
824,2024-04-23,5,Egg,9,6.0,7.0,1.0,9.139076176228414,29.60794327701256,12.402758809870072,12.47376631773141,0,215,71.76,130.18,102.93,102.93,0.56,44.08,49946.15059999999
825,2024-04-24,5,Egg,2,5.0,5.0,-0.1432291666666667,12.298758766734249,20.99013842103599,11.928064498424158,11.889214410088236,439,384,73.92,0.0,102.93,102.93,0.56,44.08,49946.15059999999
826,2024-04-25,5,Egg,8,6.0,6.0,0.2560728744939271,10.595028707909892,15.288293351756092,9.611357955294949,9.618070655578428,735,988,69.33,0.0,102.93,102.93,0.56,44.08,49946.15059999999
827,2024-04-26,5,Egg,9,5.0,6.0,1.0,10.088044552350697,39.26316860787027,15.380545104047478,15.358098707689823,0,93,60.72,230.39,102.93,102.93,0.56,44.08,49946.15059999999
828,2024-04-27,5,Egg,4,5.0,6.0,-0.0279898218829517,11.286109090678586,49.88441614331128,18.563529284900216,18.607570291653218,404,393,74.8,0.0,102.93,102.93,0.56,44.08,49946.15059999999
829,2024-04-28,5,Egg,7,5.0,6.0,0.1043360433604335,11.176449858235872,41.95969533014169,16.590398022007765,16.572558524692425,661,738,64.13,0.0,102.93,102.93,0.56,44.08,49946.15059999999
830,2024-04-29,5,Egg,9,6.0,7.0,0.7058823529411764,10.425174092875071,26.418066391534545,12.437721031396803,12.31527408851721,10,34,69.71,113.69,102.93,102.93,0.56,44.08,49946.15059999999
831,2024-04-30,5,Egg,8,5.0,5.0,0.1909090909090909,13.094062993981687,43.33435361815678,17.857759063907007,17.868471413796467,356,440,70.66,9.77,103.34,103.34,0.56,44.08,49946.15059999999
832,2024-05-01,5,Egg,9,6.0,6.0,0.6535714285714286,9.87942493272176,28.557035157239845,12.594841248687294,12.578807256923414,97,280,65.37,58.3,103.34,103.34,0.56,44.08,49946.15059999999
833,2024-05-02,5,Egg,1,6.0,5.0,-0.5949367088607596,10.556162095935887,20.227137295967708,10.910143719447737,10.833086880504155,504,316,69.44,0.0,103.34,103.34,0.56,44.08,49946.15059999999
834,2024-05-03,5,Egg,8,6.0,6.0,0.3203661327231121,8.714094893294218,29.66379574381979,12.311081589845063,12.276663606340147,297,437,71.2,37.01,103.34,103.34,0.56,44.08,49946.15059999999
835,2024-05-04,5,Egg,2,6.0,6.0,-0.2149712092130518,10.300230454012258,24.05607493588815,11.685728235185396,11.66291215425285,633,521,68.7,0.0,103.34,103.34,0.56,44.08,49946.15059999999
836,2024-05-05,5,Egg,9,6.0,5.0,1.0,13.175523047490737,15.168818162542925,10.82928160075504,10.86978009229822,0,-44,61.54,165.81,103.34,103.34,0.56,44.08,49946.15059999999
837,2024-05-06,5,Egg,4,6.0,6.0,-0.032119914346895,8.713484796422522,16.01678028567984,8.79705805101639,8.86569038082798,482,467,68.75,0.0,103.34,103.34,0.56,44.08,49946.15059999999
838,2024-05-07,5,Egg,1,6.0,8.0,-0.2657992565055762,7.732814348723082,33.020517387405164,12.624208143246957,12.628237336048594,681,538,74.12,0.0,103.34,103.34,0.56,44.08,49946.15059999999
839,2024-05-08,5,Egg,8,7.0,6.0,0.2471910112359551,11.993519285639632,6.53468018335327,8.107267895892473,8.124904486257153,134,178,64.24,66.64,103.34,103.34,0.56,44.08,49946.15059999999
840,2024-05-09,5,Egg,3,6.0,6.0,-0.0706638115631692,9.702467695532642,31.041367404426843,13.110622788184267,13.111809555032675,500,467,67.18,0.0,103.34,103.34,0.56,44.08,49946.15059999999
841,2024-05-10,5,Egg,6,7.0,6.0,0.0660621761658031,10.19200840993954,8.704163972515616,7.78232803179965,7.772406363519037,721,772,65.98,0.0,103.34,103.34,0.56,44.08,49946.15059999999
842,2024-05-11,5,Egg,6,7.0,6.0,0.0505882352941176,9.90977339261333,3.788235550975642,6.368124192108431,6.403646277190905,807,850,77.63,0.0,103.34,103.34,0.56,44.08,49946.15059999999
843,2024-05-12,5,Egg,1,6.0,6.0,-0.536231884057971,10.15824344785907,6.611533962415017,7.256710365833985,7.232646098827605,212,138,71.96,69.38,103.34,103.34,0.56,44.08,49946.15059999999
844,2024-05-13,5,Egg,8,5.0,6.0,0.2378138847858197,11.701061367046876,44.6676397193474,17.61036842278984,17.509871039921833,516,677,70.86,0.0,103.34,103.34,0.56,44.08,49946.15059999999
845,2024-05-14,5,Egg,2,6.0,7.0,-0.1450617283950617,8.321751618801454,23.03766035056458,10.36982384767285,10.42580375024516,742,648,65.2,0.0,103.34,103.34,0.56,44.08,49946.15059999999
846,2024-05-15,5,Egg,10,6.0,7.0,1.6382978723404256,7.9764518317890225,25.865831801654192,10.931206548382011,10.961133422366762,30,-47,71.97,107.77,103.34,103.34,0.56,44.08,49946.15059999999
847,2024-05-16,5,Egg,1,6.0,5.0,-0.2287390029325513,10.169936274075416,39.19255045910951,15.380625218881086,15.381120229919457,419,341,66.13,0.0,103.34,103.34,0.56,44.08,49946.15059999999
848,2024-05-17,5,Egg,3,6.0,7.0,-0.0977198697068404,6.787120621100335,34.34179748499725,12.53603266549651,12.488786029630049,674,614,69.88,0.0,103.34,103.34,0.56,44.08,49946.15059999999
849,2024-05-18,5,Egg,6,7.0,7.0,0.061356297093649,7.253892927916143,11.084947305957805,6.838864190413437,6.908236543808062,872,929,66.76,0.0,103.34,103.34,0.56,44.08,49946.15059999999
850,2024-05-19,5,Egg,8,5.0,4.0,0.1555555555555555,13.733366296663254,33.690063428187614,15.735941600159329,15.775666286986082,874,1035,73.55,9.44,103.34,103.34,0.56,44.08,49946.15059999999
851,2024-05-20,5,Egg,2,6.0,6.0,-0.152521525215252,11.514936660122808,26.841812647035464,12.859738441179452,12.962393324121098,937,813,73.27,0.0,103.34,103.34,0.56,44.08,49946.15059999999
852,2024-05-21,5,Egg,3,6.0,6.0,-0.0592417061611374,9.97988705626197,21.583219024041195,10.863730173480592,10.885800175702865,894,844,69.57,0.0,103.34,103.34,0.56,44.08,49946.15059999999
853,2024-05-22,5,Egg,6,6.0,5.0,0.0380859375,12.47601387191688,25.242909141377805,13.082741509603984,13.040100829211603,985,1024,72.82,0.0,103.34,103.34,0.56,44.08,49946.15059999999
854,2024-05-23,5,Egg,4,6.0,6.0,-0.0020060180541625,7.91880153982971,37.79812020628022,13.962192056933816,13.914626781940262,999,997,65.6,0.0,103.34,103.34,0.56,44.08,49946.15059999999
855,2024-05-24,5,Egg,3,6.0,6.0,-0.044131455399061,9.368793753228283,16.140335179590473,9.237338354577147,9.222019911946765,1112,1065,63.83,0.0,103.34,103.34,0.56,44.08,49946.15059999999
856,2024-05-25,5,Egg,4,6.0,6.0,-0.0402621722846441,11.246907218848763,29.00885679104121,13.345619958215565,13.370868972117055,1111,1068,73.71,0.0,103.34,103.34,0.56,44.08,49946.15059999999
857,2024-05-26,5,Egg,5,6.0,6.0,0.0047095761381475,11.78134336286279,24.90342763467092,12.651852170784244,12.610258390592241,634,637,72.57,27.45,103.34,103.34,0.56,44.08,49946.15059999999
858,2024-05-27,5,Egg,3,6.0,7.0,-0.0596446700507613,11.025833693655551,7.028353846043814,7.780221237869536,7.767695315197519,835,788,75.13,0.0,103.34,103.34,0.56,44.08,49946.15059999999
859,2024-05-28,5,Egg,6,7.0,8.0,0.0579557428872496,4.917522384623551,16.97746828269189,7.107092983038251,7.220571036628863,894,949,84.09,0.0,103.34,103.34,0.56,44.08,49946.15059999999
860,2024-05-29,5,Egg,5,6.0,6.0,0.00104821802935,8.063835764670845,26.932135532336964,11.203547023788886,11.271022772446745,953,954,77.12,0.0,103.34,103.34,0.56,44.08,49946.15059999999
861,2024-05-30,5,Egg,5,6.0,6.0,0.0126315789473684,10.95413618471373,37.97342089092891,15.546016580348908,15.465897266463907,938,950,68.06,0.0,103.34,103.34,0.56,44.08,49946.15059999999
862,2024-05-31,5,Egg,9,6.0,6.0,1.0,9.288097013906388,35.013310173467296,13.913486304468782,13.898688079955974,0,-1,78.43,225.67,103.98,103.98,0.56,44.08,49946.15059999999
863,2024-06-01,5,Egg,7,6.0,4.0,0.1334622823984526,15.080463241518345,30.97212504403425,15.714523162342308,15.765415578187994,448,517,66.49,0.0,103.98,103.98,0.56,44.08,49946.15059999999
864,2024-06-02,5,Egg,10,7.0,5.0,1.0862944162436547,11.853116601934191,16.847243388635412,10.67936680352904,10.632497267089363,17,-197,70.99,94.33,103.98,103.98,0.56,44.08,49946.15059999999
865,2024-06-03,5,Egg,10,6.0,5.0,1.1282051282051282,11.116163761237331,43.01213990808535,16.864188605628133,16.80564579903826,10,-78,73.18,74.72,103.98,103.98,0.56,44.08,49946.15059999999
866,2024-06-04,5,Egg,8,6.0,8.0,0.1656565656565656,7.766100892506553,27.15240467639612,11.14939991387932,11.178206439778002,413,495,82.31,0.0,103.98,103.98,0.56,44.08,49946.15059999999
867,2024-06-05,5,Egg,6,6.0,6.0,0.0483870967741935,9.929406520794169,14.936344783214498,9.231673561020049,9.199538910426252,59,62,70.24,77.33,103.98,103.98,0.56,44.08,49946.15059999999
868,2024-06-06,5,Egg,3,6.0,5.0,-0.0556701030927835,10.482407928437905,23.17095019143049,11.346936480178984,11.53217730992678,512,485,70.06,0.0,103.98,103.98,0.56,44.08,49946.15059999999
869,2024-06-07,5,Egg,3,5.0,5.0,-0.0581222056631893,12.255567260255605,33.96248425356159,15.167083533277609,15.1098203079153,710,671,73.92,0.0,103.98,103.98,0.56,44.08,49946.15059999999
870,2024-06-08,5,Egg,7,6.0,5.0,0.0969162995594713,11.762262194199264,25.07617498318158,12.70893261249102,12.643955098054292,205,227,71.32,60.63,103.98,103.98,0.56,44.08,49946.15059999999
