data/data_demo.csv
,Date,ProductID,Product,Low_Stock_Priority,Demand_Priority,Profitability_Priority,Low_Stock_Risk,cp,price_market,a,pred_s3,OrderQuantity,Inventory,Temperature,Rainfall,CPI,MCPI,Female,Age,Income
871,2024-06-09,5,Egg,4,6.0,6.0,-0.0235507246376811,12.065978389039891,33.868646865827614,14.943915775238665,14.992211580043772,565,552,80.49,0.0,103.98,103.98,0.56,44.08,49946.15059999999
872,2024-06-10,5,Egg,9,6.0,7.0,0.3831967213114754,8.152175968379996,36.0369395746215,13.59942714782114,13.59037382600862,301,488,69.68,45.09,103.98,103.98,0.56,44.08,49946.15059999999
873,2024-06-11,5,Egg,2,6.0,4.0,-0.1938775510204082,12.824303396597262,29.00530684598706,14.146572382643024,14.153374938672034,585,490,69.57,0.0,103.98,103.98,0.56,44.08,49946.15059999999
874,2024-06-12,5,Egg,9,6.0,6.0,1.0,7.239138495385461,16.422973769531062,8.220186216036955,8.234991700055208,0,89,73.34,165.96,103.98,103.98,0.56,44.08,49946.15059999999
875,2024-06-13,5,Egg,9,6.0,6.0,1.0,8.928170876667677,26.354546631899805,11.531478074082036,11.555932133813661,0,-153,73.26,106.85,103.98,103.98,0.56,44.08,49946.15059999999
876,2024-06-14,5,Egg,2,6.0,7.0,-0.1964285714285714,10.861542269891284,25.45165855938831,12.227071001449978,12.29046541279271,402,336,85.63,0.0,103.98,103.98,0.56,44.08,49946.15059999999
877,2024-06-15,5,Egg,4,6.0,6.0,-0.0078988941548183,9.700216816533722,43.59346333851629,16.342994428050012,16.247718974937452,638,633,80.95,0.0,103.98,103.98,0.56,44.08,49946.15059999999
878,2024-06-16,5,Egg,4,7.0,7.0,-0.0431372549019608,7.987926284159217,8.7367806217317,6.6626427550335725,6.685929389274371,798,765,76.86,0.0,103.98,103.98,0.56,44.08,49946.15059999999
879,2024-06-17,5,Egg,6,6.0,7.0,0.0436170212765957,8.356900348793735,23.651775489056455,10.596631798874093,10.596739928126178,899,940,70.52,0.0,103.98,103.98,0.56,44.08,49946.15059999999
880,2024-06-18,5,Egg,3,6.0,7.0,-0.0909090909090908,6.903491354301915,19.15906453205081,8.691041781151087,8.752102371956124,984,902,81.09,0.0,103.98,103.98,0.56,44.08,49946.15059999999
881,2024-06-19,5,Egg,5,5.0,5.0,0.0208530805687203,11.063949278014382,28.351056201959988,13.06789533144097,13.115607389980827,1033,1055,72.09,0.0,103.98,103.98,0.56,44.08,49946.15059999999
882,2024-06-20,5,Egg,6,7.0,5.0,0.0464285714285713,12.5211376900843,0.6243564080064381,6.937287867797534,6.909827625758473,801,840,69.59,15.67,103.98,103.98,0.56,44.08,49946.15059999999
883,2024-06-21,5,Egg,8,5.0,6.0,0.2551546391752577,9.799212993197267,36.1492455949028,14.46323749933189,14.436420799825736,289,388,83.48,57.85,103.98,103.98,0.56,44.08,49946.15059999999
884,2024-06-22,5,Egg,6,6.0,6.0,0.0454545454545454,9.199302369973154,25.137484873355337,11.427918611791648,11.386417242772389,252,264,79.35,34.97,103.98,103.98,0.56,44.08,49946.15059999999
885,2024-06-23,5,Egg,2,6.0,6.0,-0.2045929018789143,7.055354143067021,6.552988363719539,5.72111286258808,5.677004977034053,577,479,82.59,0.0,103.98,103.98,0.56,44.08,49946.15059999999
886,2024-06-24,5,Egg,2,6.0,6.0,-0.1148459383753501,11.826403848504356,21.38886865260134,11.749908710377474,11.754276417748407,796,714,79.81,0.0,103.98,103.98,0.56,44.08,49946.15059999999
887,2024-06-25,5,Egg,10,6.0,5.0,1.1428571428571428,14.422608666478986,31.089623416545244,15.461500034176156,15.468065974953644,8,-56,82.72,136.45,103.98,103.98,0.56,44.08,49946.15059999999
888,2024-06-26,5,Egg,5,6.0,9.0,0.0369458128078817,6.405088391266204,9.085521245419685,6.01126519863047,5.986991126034045,391,406,75.4,0.0,103.98,103.98,0.56,44.08,49946.15059999999
889,2024-06-27,5,Egg,7,6.0,7.0,0.0814419225634178,7.873134123690786,25.032222164431555,10.66275064278176,10.701485817710404,688,749,73.71,0.0,103.98,103.98,0.56,44.08,49946.15059999999
890,2024-06-28,5,Egg,7,6.0,6.0,0.0943600867678958,8.640813914911712,14.4252635219847,8.470310762746923,8.431846521258173,835,922,82.51,0.0,103.98,103.98,0.56,44.08,49946.15059999999
891,2024-06-29,5,Egg,5,6.0,7.0,0.0197433366238893,8.871364180635021,19.44014968121033,9.814444524982209,9.79966962873746,993,1013,75.31,0.0,103.98,103.98,0.56,44.08,49946.15059999999
892,2024-06-30,5,Egg,5,6.0,6.0,0.0009910802775024,10.454691900286962,25.267383826746368,12.101943228559248,12.042354449597067,1008,1009,76.11,0.0,105.16,105.16,0.56,44.08,49946.15059999999
893,2024-07-01,5,Egg,3,6.0,4.0,-0.0570570570570569,13.228499094560457,26.83450253581576,13.856394765676558,13.811584737314034,1056,999,77.5,0.0,105.16,105.16,0.56,44.08,49946.15059999999
894,2024-07-02,5,Egg,1,6.0,5.0,-0.4227642276422765,12.017194573720207,20.292575018172727,11.529018750208728,11.57504377700624,350,246,80.09,62.04,105.16,105.16,0.56,44.08,49946.15059999999
358,2024-01-06,3,Beef,7,9.0,10.0,0.0921052631578946,5.226258306298707,0.3826731173859183,2.151617544760368,2.125082750884193,759,836,42.22,0.0,100.7,100.7,0.56,44.08,49946.15059999999
359,2024-01-07,3,Beef,7,8.0,8.0,0.0843023255813953,4.979414520732743,8.165602332113181,3.223717748254673,3.220515753929254,945,1032,45.34,0.0,100.7,100.7,0.56,44.08,49946.15059999999
360,2024-01-08,3,Beef,3,8.0,8.0,-0.0899689762150981,6.36785098868062,18.67544896022269,5.1922404919639575,5.209190025494001,1054,967,51.87,0.0,100.7,100.7,0.56,44.08,49946.15059999999
361,2024-01-09,3,Beef,1,8.0,9.0,-0.6575875486381324,5.229020479248783,16.903115575939395,4.571833879385974,4.60615103076427,426,257,50.23,62.52,100.7,100.7,0.56,44.08,49946.15059999999
362,2024-01-10,3,Beef,3,8.0,10.0,-0.0669344042838018,2.796327902054926,6.482708027464101,2.302350454476403,2.3219322941524316,797,747,36.23,0.0,100.7,100.7,0.56,44.08,49946.15059999999
363,2024-01-11,3,Beef,3,8.0,9.0,-0.0938967136150235,4.22563811630992,33.22723600127959,6.674204778173099,6.760049256731058,932,852,46.09,0.0,100.7,100.7,0.56,44.08,49946.15059999999
364,2024-01-12,3,Beef,7,9.0,7.0,0.1007067137809187,4.134421916987123,9.784203220066267,3.2884800070209894,3.21350541371005,1018,1132,40.81,5.22,100.7,100.7,0.56,44.08,49946.15059999999
365,2024-01-13,3,Beef,6,8.0,7.0,0.0417777777777778,8.48663876891031,3.1531340958844805,3.547172277075506,3.5056923155106525,1078,1125,41.27,0.0,100.7,100.7,0.56,44.08,49946.15059999999
366,2024-01-14,3,Beef,9,7.0,8.0,0.5833333333333333,7.625348084218085,24.6069339846066,6.473522671245751,6.471762571195728,15,36,44.06,154.3,100.7,100.7,0.56,44.08,49946.15059999999
367,2024-01-15,3,Beef,1,8.0,8.0,-0.2837837837837837,7.174518758799652,28.29062846539682,6.864959658708051,6.891413501959541,570,444,42.95,0.0,100.7,100.7,0.56,44.08,49946.15059999999
368,2024-01-16,3,Beef,2,7.0,8.0,-0.1683168316831682,4.98928336547118,6.825069023837735,3.017028382209127,3.0221784586391607,590,505,49.73,26.71,100.7,100.7,0.56,44.08,49946.15059999999
369,2024-01-17,3,Beef,5,9.0,9.0,0.0329670329670329,4.368416916012057,0.9865270696068952,1.9983938823577931,1.9619245111311165,880,910,46.49,0.0,100.7,100.7,0.56,44.08,49946.15059999999
370,2024-01-18,3,Beef,3,8.0,8.0,-0.0731707317073171,4.984964796685286,25.304382674156045,5.84171923468994,5.795241422330111,968,902,43.51,0.0,100.7,100.7,0.56,44.08,49946.15059999999
371,2024-01-19,3,Beef,5,9.0,8.0,0.0350515463917525,3.896239794896652,-5.473236130579618,0.8027019723787658,0.8523990919148694,468,485,45.35,52.33,100.7,100.7,0.56,44.08,49946.15059999999
372,2024-01-20,3,Beef,2,8.0,6.0,-0.1142410015649453,10.994400783174015,2.733783406033845,4.159711307848598,4.184725254975655,712,639,45.02,0.0,100.7,100.7,0.56,44.08,49946.15059999999
373,2024-01-21,3,Beef,9,8.0,10.0,0.3429602888086642,1.509356703257196,24.67446150050235,4.757887734192924,4.672314822673844,182,277,51.05,77.18,100.7,100.7,0.56,44.08,49946.15059999999
374,2024-01-22,3,Beef,9,8.0,8.0,0.7889908256880733,7.128017070147618,14.446474519776103,4.862205941896486,4.799200858781641,23,109,42.77,82.35,100.7,100.7,0.56,44.08,49946.15059999999
375,2024-01-23,3,Beef,9,8.0,8.0,1.0,3.430895404014945,12.360626514073122,3.418788595356852,3.392151765296701,0,-63,45.59,216.32,100.7,100.7,0.56,44.08,49946.15059999999
376,2024-01-24,3,Beef,9,8.0,8.0,1.0,5.791313017010615,18.528166064943782,5.009686502658883,5.01649335334888,0,-2,39.98,133.65,100.7,100.7,0.56,44.08,49946.15059999999
377,2024-01-25,3,Beef,8,8.0,9.0,0.1751592356687897,4.023996115012531,13.472255764545912,3.7742382160987855,3.734528460992807,518,628,31.7,0.0,100.7,100.7,0.56,44.08,49946.15059999999
378,2024-01-26,3,Beef,7,9.0,8.0,0.0873893805309734,3.6447420750347375,2.0131327783690978,1.8317308804742305,1.901931836640729,825,904,47.96,0.0,100.7,100.7,0.56,44.08,49946.15059999999
379,2024-01-27,3,Beef,1,8.0,9.0,-45.0,3.719607398130077,27.76075346006188,5.856583659525056,5.789630760394562,46,1,49.24,109.97,100.7,100.7,0.56,44.08,49946.15059999999
380,2024-01-28,3,Beef,1,8.0,7.0,-2.9444444444444446,9.509972307484118,28.25014052886815,7.5887241603386,7.576343712686476,71,18,41.43,65.53,100.7,100.7,0.56,44.08,49946.15059999999
381,2024-01-29,3,Beef,1,8.0,8.0,-0.2553191489361701,5.734023155380816,17.053325637779597,4.817748867389122,4.7781214622585235,59,47,56.71,64.01,100.7,100.7,0.56,44.08,49946.15059999999
382,2024-01-30,3,Beef,5,8.0,9.0,0.0262697022767075,4.468595611043828,15.451340154320103,4.190590595205922,4.163199932668494,556,571,38.31,0.0,100.7,100.7,0.56,44.08,49946.15059999999
383,2024-01-31,3,Beef,3,7.0,8.0,-0.0769230769230768,7.111573928165746,38.39624806020058,8.386330841916715,8.38996882221748,812,754,46.04,0.0,100.7,100.7,0.56,44.08,49946.15059999999
384,2024-02-01,3,Beef,8,8.0,8.0,0.1669505962521295,6.020698629132599,12.235671549841628,4.132792003461151,4.139657163548175,978,1174,45.1,0.0,100.7,100.7,0.56,44.08,49946.15059999999
385,2024-02-02,3,Beef,2,8.0,8.0,-0.103030303030303,7.440067518683305,12.404230181659608,4.653733939917731,4.584922930346486,728,660,53.92,27.99,100.7,100.7,0.56,44.08,49946.15059999999
386,2024-02-03,3,Beef,8,8.0,10.0,0.2044247787610619,2.35148668812434,18.644812492405052,4.05349275052719,4.016237647356671,899,1130,53.83,0.0,100.7,100.7,0.56,44.08,49946.15059999999
387,2024-02-04,3,Beef,3,8.0,8.0,-0.0763358778625953,6.607207808924003,29.713219561423383,6.850533720891687,6.9371355974636515,141,131,47.48,91.02,100.7,100.7,0.56,44.08,49946.15059999999
388,2024-02-05,3,Beef,1,8.0,8.0,-0.4404761904761904,7.545389674204763,30.92770754417484,7.318152747034832,7.397056542505944,363,252,48.82,31.72,100.7,100.7,0.56,44.08,49946.15059999999
389,2024-02-06,3,Beef,8,8.0,10.0,0.2153846153846154,2.6768034177708726,12.414273683232288,3.1178710467982973,3.1770868901875886,102,130,42.71,78.63,100.7,100.7,0.56,44.08,49946.15059999999
390,2024-02-07,3,Beef,7,8.0,8.0,0.1019607843137254,6.896390568846625,18.08331245959345,5.236736769678019,5.276674351855288,687,765,37.47,0.0,100.7,100.7,0.56,44.08,49946.15059999999
391,2024-02-08,3,Beef,3,8.0,6.0,-0.0771001150747985,9.392363145656322,1.2191653293592282,3.4446574494714195,3.4833249507493984,936,869,45.86,0.0,100.7,100.7,0.56,44.08,49946.15059999999
392,2024-02-09,3,Beef,7,8.0,8.0,0.1164965986394558,5.970284593290595,11.88023892083787,4.086726748275973,4.071378875371451,1039,1176,48.6,0.0,100.7,100.7,0.56,44.08,49946.15059999999
393,2024-02-10,3,Beef,6,8.0,8.0,0.0798640611724723,7.642811874049622,6.597096045206936,3.759222746639229,3.7730724256116788,1083,1177,54.2,0.0,100.7,100.7,0.56,44.08,49946.15059999999
394,2024-02-11,3,Beef,7,8.0,8.0,0.1158038147138964,7.34114090062182,4.9316824770101615,3.502400872826178,3.4337824272050916,649,734,54.28,37.92,100.7,100.7,0.56,44.08,49946.15059999999
395,2024-02-12,3,Beef,9,8.0,9.0,1.0,4.584988604978847,31.815767162673275,6.720505544170498,6.654466096031403,0,-224,46.55,225.93,100.7,100.7,0.56,44.08,49946.15059999999
396,2024-02-13,3,Beef,3,8.0,9.0,-0.0603907637655416,6.079533469172991,7.077133381938551,3.3839958861678,3.3826021992644937,597,563,47.2,0.0,100.7,100.7,0.56,44.08,49946.15059999999
397,2024-02-14,3,Beef,6,9.0,9.0,0.0802919708029197,2.866010578276795,9.683940919885451,2.896567208899501,2.8231581094886535,882,959,43.7,0.0,100.7,100.7,0.56,44.08,49946.15059999999
398,2024-02-15,3,Beef,4,8.0,8.0,-0.0289710289710289,5.097393925794948,18.658487879168582,4.829202075120809,4.83074363552689,1030,1001,42.06,0.0,100.7,100.7,0.56,44.08,49946.15059999999
399,2024-02-16,3,Beef,1,8.0,8.0,-0.232922732362822,6.531375949932472,27.978252669735856,6.634411153102624,6.654224173278952,1101,893,40.85,0.0,100.7,100.7,0.56,44.08,49946.15059999999
400,2024-02-17,3,Beef,8,8.0,7.0,0.1548042704626334,7.4462009874755966,19.811151263888355,5.708772272790627,5.698755332950386,475,562,59.36,48.15,100.7,100.7,0.56,44.08,49946.15059999999
401,2024-02-18,3,Beef,4,6.0,8.0,-0.0088945362134689,6.049224250495823,42.59355114021582,8.751042946280773,8.705793692326104,794,787,47.28,0.0,100.7,100.7,0.56,44.08,49946.15059999999
402,2024-02-19,3,Beef,6,8.0,8.0,0.0501066098081023,7.439967460286331,14.253320217488504,4.789265222074181,4.862501352346716,891,938,47.87,6.33,100.7,100.7,0.56,44.08,49946.15059999999
403,2024-02-20,3,Beef,3,8.0,9.0,-0.0514705882352941,3.794187574089261,17.58716440229746,4.265900966460175,4.284313672349193,858,816,44.02,15.65,100.7,100.7,0.56,44.08,49946.15059999999
404,2024-02-21,3,Beef,4,8.0,8.0,-0.0391566265060241,5.796605450890257,17.756006739840565,4.917252929259005,4.902133258523998,690,664,54.39,23.22,100.7,100.7,0.56,44.08,49946.15059999999
405,2024-02-22,3,Beef,2,7.0,8.0,-0.104829210836278,6.038558769026155,29.350493867891544,6.732295944153504,6.714428175086585,938,849,42.66,0.0,100.7,100.7,0.56,44.08,49946.15059999999
406,2024-02-23,3,Beef,7,8.0,7.0,0.0997304582210242,9.699182493359274,20.07238951109615,6.40219135750606,6.4045827282254155,1002,1113,49.89,0.0,100.7,100.7,0.56,44.08,49946.15059999999
407,2024-02-24,3,Beef,7,8.0,7.0,0.0923593618807724,5.571666687599832,13.83770299612851,4.271594742831399,4.247315168163939,1081,1191,46.7,0.0,100.7,100.7,0.56,44.08,49946.15059999999
408,2024-02-25,3,Beef,2,8.0,8.0,-0.132132132132132,5.001966724011634,5.5251140509312044,2.843963205740714,2.830766031717925,1131,999,53.33,0.0,100.7,100.7,0.56,44.08,49946.15059999999
409,2024-02-26,3,Beef,2,8.0,8.0,-0.1837183718371837,6.042702447687097,17.444434559616326,4.899880512574958,4.928170856696932,1076,909,49.07,0.0,100.7,100.7,0.56,44.08,49946.15059999999
410,2024-02-27,3,Beef,8,8.0,8.0,0.1585051546391752,4.161773110260112,29.0134483129196,6.209629111462911,6.10852764204142,653,776,45.94,41.61,100.7,100.7,0.56,44.08,49946.15059999999
411,2024-02-28,3,Beef,4,8.0,8.0,-0.0268065268065267,6.385507698130432,10.896182063421294,4.0720571292538885,4.0464954966474265,881,858,51.93,0.0,100.7,100.7,0.56,44.08,49946.15059999999
412,2024-02-29,3,Beef,8,8.0,9.0,0.3064516129032257,5.269889566907485,20.289436184165822,5.107823130188428,5.126639179344828,215,310,54.43,78.12,101.0,101.0,0.56,44.08,49946.15059999999
413,2024-03-01,3,Beef,9,8.0,10.0,0.7407407407407407,2.4173449039176327,17.461477886848442,3.8158392025286334,3.858066954730984,7,27,52.85,149.45,101.0,101.0,0.56,44.08,49946.15059999999
414,2024-03-02,3,Beef,5,8.0,8.0,0.0077519379844961,5.882826897732278,23.635196583813148,5.861598002803202,5.81030020108177,512,516,54.25,0.0,101.0,101.0,0.56,44.08,49946.15059999999
415,2024-03-03,3,Beef,1,8.0,8.0,-0.4102564102564103,5.364913812139601,6.952462593621307,3.15744652223828,3.1524450341507624,385,273,49.79,42.63,101.0,101.0,0.56,44.08,49946.15059999999
416,2024-03-04,3,Beef,2,8.0,9.0,-0.1999999999999999,2.735153395864033,38.46647030526562,7.217922199439812,7.105625958568411,120,100,51.37,67.69,101.0,101.0,0.56,44.08,49946.15059999999
417,2024-03-05,3,Beef,2,9.0,9.0,-0.1848906560636183,5.865731690770956,2.208388929717417,2.569181640541295,2.588387503467508,596,503,50.05,0.0,101.0,101.0,0.56,44.08,49946.15059999999
418,2024-03-06,3,Beef,6,8.0,7.0,0.063740856844305,8.97871192414896,11.344489100139628,4.833156595343017,4.8810722831073186,896,957,51.83,0.0,101.0,101.0,0.56,44.08,49946.15059999999
419,2024-03-07,3,Beef,4,7.0,7.0,-0.021494370522006,7.042607496551428,24.380925409056456,6.268536137382217,6.265411420307956,998,977,49.79,0.0,101.0,101.0,0.56,44.08,49946.15059999999
420,2024-03-08,3,Beef,6,8.0,8.0,0.0407632263660017,7.223854385462316,17.967331724941133,5.371009447321737,5.3561511637296135,1106,1153,45.45,0.0,101.0,101.0,0.56,44.08,49946.15059999999
421,2024-03-09,3,Beef,7,8.0,9.0,0.086092715231788,3.317006548833915,23.299861590811037,4.884158671539815,5.00078644059461,1104,1208,55.19,0.0,101.0,101.0,0.56,44.08,49946.15059999999
422,2024-03-10,3,Beef,5,8.0,8.0,0.0284191829484902,6.953796737844445,10.038976660174376,4.076527094660416,4.085945416083449,1094,1126,52.52,0.0,101.0,101.0,0.56,44.08,49946.15059999999
423,2024-03-11,3,Beef,9,8.0,8.0,0.4035087719298246,6.296899162760156,14.251950173196589,4.508441502738155,4.524087181673362,68,114,46.6,115.23,101.0,101.0,0.56,44.08,49946.15059999999
424,2024-03-12,3,Beef,10,8.0,8.0,1.0265957446808511,7.058090476668864,15.122319836388174,4.867336941648608,4.8799773057670315,5,-188,57.29,107.96,101.0,101.0,0.56,44.08,49946.15059999999
425,2024-03-13,3,Beef,7,8.0,8.0,0.1134328358208954,6.845257243417652,30.692596145359044,7.125955307447621,7.1546051292625314,594,670,50.66,0.0,101.0,101.0,0.56,44.08,49946.15059999999
426,2024-03-14,3,Beef,2,8.0,8.0,-0.2113475177304964,3.2804385489923726,21.904290243830488,4.702615474117863,4.780446531956393,854,705,55.68,0.0,101.0,101.0,0.56,44.08,49946.15059999999
427,2024-03-15,3,Beef,1,8.0,8.0,-0.2271386430678466,5.917198376884065,22.966721083646718,5.758069578183314,5.720110233697527,416,339,59.29,52.11,101.0,101.0,0.56,44.08,49946.15059999999
428,2024-03-16,3,Beef,3,8.0,8.0,-0.1001472754050074,4.484258279149668,8.420739074632047,3.079196302740224,3.112314286674007,747,679,56.51,0.0,101.0,101.0,0.56,44.08,49946.15059999999
429,2024-03-17,3,Beef,5,7.0,7.0,0.0253333333333333,5.899831811430356,24.688826385630502,5.92208842865364,5.973515377933854,731,750,61.79,14.2,101.0,101.0,0.56,44.08,49946.15059999999
