data/data_demo.csv
,Date,ProductID,Product,Low_Stock_Priority,Demand_Priority,Profitability_Priority,Low_Stock_Risk,cp,price_market,a,pred_s3,OrderQuantity,Inventory,Temperature,Rainfall,CPI,MCPI,Female,Age,Income
430,2024-03-18,3,Beef,3,8.0,10.0,-0.0564516129032257,4.205198146196339,17.255816635688035,4.311935225821212,4.356176576063049,917,868,50.14,0.0,101.0,101.0,0.56,44.08,49946.15059999999
431,2024-03-19,3,Beef,9,8.0,7.0,0.3817787418655097,8.624940734281992,28.891453156779274,7.397584031814142,7.410764257474988,285,461,58.55,69.15,101.0,101.0,0.56,44.08,49946.15059999999
432,2024-03-20,3,Beef,9,7.0,8.0,0.3260869565217391,4.282055223111316,35.14060154918468,7.061139155546748,7.0639996772832205,93,138,53.34,69.47,101.0,101.0,0.56,44.08,49946.15059999999
433,2024-03-21,3,Beef,7,8.0,9.0,0.1294326241134752,4.202115687068928,11.932342239729955,3.583902991398196,3.5560394150445576,491,564,52.63,0.0,101.0,101.0,0.56,44.08,49946.15059999999
434,2024-03-22,3,Beef,2,8.0,8.0,-0.1264044943820224,6.149172813087107,10.936968695549377,3.937638173357784,3.982692649589798,802,712,54.31,0.0,101.0,101.0,0.56,44.08,49946.15059999999
435,2024-03-23,3,Beef,6,9.0,9.0,0.0612648221343873,3.8458018611920095,6.359550088976304,2.583708201826327,2.613958317142874,950,1012,55.87,0.0,101.0,101.0,0.56,44.08,49946.15059999999
436,2024-03-24,3,Beef,1,8.0,9.0,-0.302405498281787,5.150673395134269,13.564204882836794,4.012557364564801,4.081691733396836,379,291,57.93,61.04,101.0,101.0,0.56,44.08,49946.15059999999
437,2024-03-25,3,Beef,4,8.0,8.0,-0.0056179775280897,4.340070804924077,11.179745510496163,3.3093680683805284,3.4838682337797975,716,712,52.05,0.0,101.0,101.0,0.56,44.08,49946.15059999999
438,2024-03-26,3,Beef,7,8.0,7.0,0.0985507246376811,8.822344127779223,18.5950439957101,5.943749534226861,5.923348570328427,933,1035,62.6,0.0,101.0,101.0,0.56,44.08,49946.15059999999
439,2024-03-27,3,Beef,3,8.0,8.0,-0.0799220272904484,7.571607653662345,13.55433183066264,4.880632246573136,4.796510065868394,1108,1026,60.65,0.0,101.0,101.0,0.56,44.08,49946.15059999999
440,2024-03-28,3,Beef,5,8.0,8.0,0.0034482758620689,5.88506096306921,11.384007192183802,3.9992235304159744,3.971662718452362,1156,1160,50.87,0.0,101.0,101.0,0.56,44.08,49946.15059999999
441,2024-03-29,3,Beef,6,8.0,8.0,0.0756172839506172,5.217565895651967,25.64585136127852,5.886794475080218,5.915328372062246,1198,1296,66.21,0.0,101.0,101.0,0.56,44.08,49946.15059999999
442,2024-03-30,3,Beef,4,8.0,8.0,-0.040391676866585,7.881835229150226,5.621197688485482,3.712554179148152,3.697280314298121,850,817,68.47,18.88,101.0,101.0,0.56,44.08,49946.15059999999
443,2024-03-31,3,Beef,5,8.0,8.0,0.008130081300813,6.8104081606457765,19.33107953151344,5.384043372870996,5.438564134024234,366,369,65.11,52.39,102.93,102.93,0.56,44.08,49946.15059999999
444,2024-04-01,3,Beef,4,8.0,8.0,-0.0354391371340523,6.996104809365713,10.940582728115166,4.23380423412536,4.233823570955893,672,649,58.54,8.84,102.93,102.93,0.56,44.08,49946.15059999999
445,2024-04-02,3,Beef,5,8.0,8.0,0.0064171122994652,5.947615525311499,22.243685048699646,5.599451952245517,5.620558972568378,929,935,54.31,0.0,102.93,102.93,0.56,44.08,49946.15059999999
446,2024-04-03,3,Beef,7,8.0,8.0,0.0911736178467507,2.623539944457136,28.852615467222304,5.572318591817117,5.629252469481704,937,1031,65.16,9.74,102.93,102.93,0.56,44.08,49946.15059999999
447,2024-04-04,3,Beef,6,8.0,8.0,0.0691588785046729,5.775068034880895,11.969017465759272,4.048155641818392,4.026947159847708,498,535,58.1,39.9,102.93,102.93,0.56,44.08,49946.15059999999
448,2024-04-05,3,Beef,7,8.0,8.0,0.1085594989561586,4.935020161581864,19.410329072731518,5.022048767603239,4.8955764522402205,854,958,66.45,0.0,102.93,102.93,0.56,44.08,49946.15059999999
449,2024-04-06,3,Beef,9,8.0,7.0,1.0,7.290110546919754,16.787928657331797,5.288494937997432,5.198688464968498,0,133,61.6,195.59,102.93,102.93,0.56,44.08,49946.15059999999
450,2024-04-07,3,Beef,7,8.0,7.0,0.123015873015873,8.023684865988379,7.005776004569034,3.954368209415764,3.947120309100482,221,252,65.67,39.01,102.93,102.93,0.56,44.08,49946.15059999999
451,2024-04-08,3,Beef,6,8.0,8.0,0.0617906683480453,4.684097910477663,17.407875097419385,4.560616370491999,4.520701240987262,744,793,62.79,0.0,102.93,102.93,0.56,44.08,49946.15059999999
452,2024-04-09,3,Beef,7,8.0,8.0,0.126230975828111,6.936770468554103,17.891205052788123,5.307847270187931,5.259780350871393,976,1117,64.76,0.0,102.93,102.93,0.56,44.08,49946.15059999999
453,2024-04-10,3,Beef,6,8.0,6.0,0.0573613766730402,9.471757995371426,19.128708204461745,6.178456727996399,6.1956158906981,493,523,61.51,49.37,102.93,102.93,0.56,44.08,49946.15059999999
454,2024-04-11,3,Beef,5,8.0,8.0,0.0277442702050663,4.664574558858882,13.016011031799543,3.883969226102627,3.8555643302913523,806,829,70.61,0.0,102.93,102.93,0.56,44.08,49946.15059999999
455,2024-04-12,3,Beef,4,8.0,5.0,-0.0361570247933884,9.363843480146276,15.941923003101463,5.628391889583794,5.685247188835151,1003,968,62.53,0.0,102.93,102.93,0.56,44.08,49946.15059999999
456,2024-04-13,3,Beef,9,9.0,9.0,1.0,4.294828305658706,3.5238905515686465,2.27676715484033,2.3210913387459344,0,-78,64.13,206.45,102.93,102.93,0.56,44.08,49946.15059999999
457,2024-04-14,3,Beef,3,8.0,8.0,-0.0736086175942549,6.045919511215903,11.418859245201432,4.038542383665292,4.024489601466282,598,557,71.76,0.0,102.93,102.93,0.56,44.08,49946.15059999999
458,2024-04-15,3,Beef,8,8.0,8.0,0.2741935483870967,5.977708776316318,20.55962679709798,5.356517269341735,5.376631460352947,45,62,55.83,102.02,102.93,102.93,0.56,44.08,49946.15059999999
459,2024-04-16,3,Beef,3,8.0,8.0,-0.0747663551401869,6.022997799740125,23.924738873315302,5.983434103070844,5.89524328521461,575,535,56.44,0.0,102.93,102.93,0.56,44.08,49946.15059999999
460,2024-04-17,3,Beef,10,8.0,8.0,1.9,4.32464391618411,10.776851758747291,3.4463229603950944,3.418816419557721,9,-10,67.86,153.64,102.93,102.93,0.56,44.08,49946.15059999999
461,2024-04-18,3,Beef,8,8.0,8.0,0.1657608695652174,4.81763379247114,16.04714029433284,4.33325927583297,4.355921375528925,307,368,57.37,28.63,102.93,102.93,0.56,44.08,49946.15059999999
462,2024-04-19,3,Beef,2,7.0,7.0,-0.1346153846153845,4.664559427281201,17.280533251240673,4.467918830214787,4.495802121947201,118,104,73.18,60.88,102.93,102.93,0.56,44.08,49946.15059999999
463,2024-04-20,3,Beef,5,8.0,9.0,0.0333333333333333,6.6539251908089145,17.014799467044327,5.057746007709987,5.04451599199492,667,690,61.62,0.0,102.93,102.93,0.56,44.08,49946.15059999999
464,2024-04-21,3,Beef,2,8.0,8.0,-0.1515151515151516,6.660070229020623,20.407735853003903,5.506404882224664,5.555723308268282,38,33,60.17,121.11,102.93,102.93,0.56,44.08,49946.15059999999
465,2024-04-22,3,Beef,9,8.0,6.0,0.5084745762711864,10.451888663476517,-3.180776303835696,3.188230751132328,3.1362418948802477,58,118,73.75,68.98,102.93,102.93,0.56,44.08,49946.15059999999
466,2024-04-23,3,Beef,10,8.0,8.0,1.0062111801242235,8.741978012582242,14.506759298524274,5.229842201056041,5.285786689549235,1,-161,71.76,130.18,102.93,102.93,0.56,44.08,49946.15059999999
467,2024-04-24,3,Beef,8,8.0,8.0,0.2135135135135135,4.980313515723042,17.39033601246765,4.633794966385097,4.605711667474604,582,740,73.92,0.0,102.93,102.93,0.56,44.08,49946.15059999999
468,2024-04-25,3,Beef,6,8.0,8.0,0.0798650168728909,6.649739231592372,4.996696510462947,3.236196509448133,3.2389727552639584,818,889,69.33,0.0,102.93,102.93,0.56,44.08,49946.15059999999
469,2024-04-26,3,Beef,9,8.0,7.0,1.0,7.994235961583519,31.7398570701071,7.679980024895682,7.65179000148678,0,-100,60.72,230.39,102.93,102.93,0.56,44.08,49946.15059999999
470,2024-04-27,3,Beef,7,8.0,8.0,0.1317460317460317,6.061203648677036,16.61559267238168,4.760070699193465,4.809209062283678,547,630,74.8,0.0,102.93,102.93,0.56,44.08,49946.15059999999
471,2024-04-28,3,Beef,8,8.0,8.0,0.1652173913043478,5.860716843106129,30.63404745028929,6.865571430829639,6.854511478224524,768,920,64.13,0.0,102.93,102.93,0.56,44.08,49946.15059999999
472,2024-04-29,3,Beef,8,8.0,9.0,0.2727272727272727,6.103149885539778,7.094769781669228,3.51577781998795,3.3922375637226265,56,77,69.71,113.69,102.93,102.93,0.56,44.08,49946.15059999999
473,2024-04-30,3,Beef,8,8.0,8.0,0.1663716814159291,7.734553257616856,5.926998784746729,3.6865549573740326,3.6996134583053926,471,565,70.66,9.77,103.34,103.34,0.56,44.08,49946.15059999999
474,2024-05-01,3,Beef,8,7.0,9.0,0.2591362126245847,4.303358954389535,17.24252220965682,4.393256010781835,4.383224253775642,223,301,65.37,58.3,103.34,103.34,0.56,44.08,49946.15059999999
475,2024-05-02,3,Beef,4,8.0,8.0,-0.0428360413589365,5.348661062359652,-1.7868836282865672,1.911844121952776,1.8355785919747214,706,677,69.44,0.0,103.34,103.34,0.56,44.08,49946.15059999999
476,2024-05-03,3,Beef,4,7.0,7.0,-0.0297397769516729,6.940866289692964,17.149655906260936,5.192793480090036,5.149661779597473,554,538,71.2,37.01,103.34,103.34,0.56,44.08,49946.15059999999
477,2024-05-04,3,Beef,8,8.0,8.0,0.1610942249240121,6.622894143108312,15.97219232002918,4.904291365144101,4.878805649932811,828,987,68.7,0.0,103.34,103.34,0.56,44.08,49946.15059999999
478,2024-05-05,3,Beef,9,8.0,7.0,0.9523809523809524,6.479165519712783,25.15665281542101,6.166563114600927,6.215163164863683,1,21,61.54,165.81,103.34,103.34,0.56,44.08,49946.15059999999
479,2024-05-06,3,Beef,8,8.0,8.0,0.2389261744966443,5.260397667392393,22.010413411650973,5.315801893350531,5.382204901718371,567,745,68.75,0.0,103.34,103.34,0.56,44.08,49946.15059999999
480,2024-05-07,3,Beef,2,8.0,7.0,-0.1076487252124644,7.945071578285074,10.82522650114966,4.509977070692094,4.497283040458542,782,706,74.12,0.0,103.34,103.34,0.56,44.08,49946.15059999999
481,2024-05-08,3,Beef,8,8.0,7.0,0.1843003412969283,10.267736494409077,4.025033452297553,4.160914173401696,4.16357971629022,239,293,64.24,66.64,103.34,103.34,0.56,44.08,49946.15059999999
482,2024-05-09,3,Beef,8,8.0,7.0,0.1436388508891929,6.812830987352412,32.12305221343297,7.361354217531905,7.359768493566421,626,731,67.18,0.0,103.34,103.34,0.56,44.08,49946.15059999999
483,2024-05-10,3,Beef,4,8.0,7.0,-0.0396158463385354,5.61364659690032,7.0788497943485,3.2562042819233468,3.2450143257725603,866,833,65.98,0.0,103.34,103.34,0.56,44.08,49946.15059999999
484,2024-05-11,3,Beef,8,8.0,8.0,0.1377551020408163,7.511480577789085,4.544754429305343,3.4013359457903825,3.4260917745424413,1014,1176,77.63,0.0,103.34,103.34,0.56,44.08,49946.15059999999
485,2024-05-12,3,Beef,8,9.0,10.0,0.2493573264781491,4.92173472649402,4.151439405385549,2.623941480056734,2.6007943182397,292,389,71.96,69.38,103.34,103.34,0.56,44.08,49946.15059999999
486,2024-05-13,3,Beef,5,8.0,8.0,0.0233837689133424,4.500619310594207,26.173053155366645,5.869071575912813,5.782349810997026,710,727,70.86,0.0,103.34,103.34,0.56,44.08,49946.15059999999
487,2024-05-14,3,Beef,5,8.0,8.0,0.0321608040201004,6.065617495227424,9.810997955751478,3.740867892561927,3.788925981506758,963,995,65.2,0.0,103.34,103.34,0.56,44.08,49946.15059999999
488,2024-05-15,3,Beef,1,8.0,9.0,-0.2962962962962963,0.8344067340601109,7.462955338193992,1.8462880030210864,1.8886101849272052,105,81,71.97,107.77,103.34,103.34,0.56,44.08,49946.15059999999
489,2024-05-16,3,Beef,3,8.0,8.0,-0.0621848739495798,3.692099272695981,16.376898259033474,4.061683987729816,4.0724080490322585,632,595,66.13,0.0,103.34,103.34,0.56,44.08,49946.15059999999
490,2024-05-17,3,Beef,5,8.0,9.0,0.0111336032388663,5.304076288158308,12.93055289442709,4.087828804308585,4.031948645432998,977,988,69.88,0.0,103.34,103.34,0.56,44.08,49946.15059999999
491,2024-05-18,3,Beef,6,8.0,9.0,0.0564010743061772,3.2932222837045733,8.21904539213753,2.6615043938979164,2.7296325048655765,1054,1117,66.76,0.0,103.34,103.34,0.56,44.08,49946.15059999999
492,2024-05-19,3,Beef,6,8.0,9.0,0.0562947799385875,3.934713796215741,22.5399146697848,5.008143934113237,5.069459742112513,922,977,73.55,9.44,103.34,103.34,0.56,44.08,49946.15059999999
493,2024-05-20,3,Beef,3,7.0,8.0,-0.0733590733590734,5.126503325083985,25.653154920979947,5.777741185031369,5.889481482794745,1112,1036,73.27,0.0,103.34,103.34,0.56,44.08,49946.15059999999
494,2024-05-21,3,Beef,5,8.0,9.0,0.0352422907488987,2.7140694129387817,24.85317508939867,5.020178976630742,5.055593187097755,1095,1135,69.57,0.0,103.34,103.34,0.56,44.08,49946.15059999999
495,2024-05-22,3,Beef,6,7.0,8.0,0.071716357775987,5.187856407480336,22.66919669661199,5.490743715036991,5.459646166054327,1152,1241,72.82,0.0,103.34,103.34,0.56,44.08,49946.15059999999
496,2024-05-23,3,Beef,5,8.0,8.0,0.0139860139860139,4.929459670934311,19.026255311300357,4.886037433424253,4.836269373028744,1128,1144,65.6,0.0,103.34,103.34,0.56,44.08,49946.15059999999
497,2024-05-24,3,Beef,2,9.0,8.0,-0.1365015166835186,6.050810416770032,-2.758879999618287,1.9192688081536529,1.8974009758970045,1124,989,63.83,0.0,103.34,103.34,0.56,44.08,49946.15059999999
498,2024-05-25,3,Beef,4,7.0,8.0,-0.0287769784172662,8.308368060988037,31.692508063769687,7.716338778892741,7.737626089821948,1144,1112,73.71,0.0,103.34,103.34,0.56,44.08,49946.15059999999
499,2024-05-26,3,Beef,7,8.0,8.0,0.1257142857142856,6.345008832985732,18.01989210357553,5.141810046117167,5.1040113210926705,765,875,72.57,27.45,103.34,103.34,0.56,44.08,49946.15059999999
500,2024-05-27,3,Beef,2,8.0,9.0,-0.15906432748538,6.042124042684128,21.08156427600641,5.485087783737005,5.474050147107423,991,855,75.13,0.0,103.34,103.34,0.56,44.08,49946.15059999999
501,2024-05-28,3,Beef,6,8.0,7.0,0.0754070265638389,6.198908914061423,26.149623229474024,6.1860808786930335,6.281318340720885,1079,1167,84.09,0.0,103.34,103.34,0.56,44.08,49946.15059999999
502,2024-05-29,3,Beef,5,7.0,9.0,0.0307971014492753,6.454785550242257,29.33352502881992,6.775059677764888,6.835032851308894,1070,1104,77.12,0.0,103.34,103.34,0.56,44.08,49946.15059999999
503,2024-05-30,3,Beef,3,8.0,8.0,-0.054078014184397,3.966522702780462,19.183980113091927,4.643147093057742,4.575037321324087,1189,1128,68.06,0.0,103.34,103.34,0.56,44.08,49946.15059999999
504,2024-05-31,3,Beef,9,8.0,8.0,1.0,5.770449350458404,19.355461592956537,5.1505642982297655,5.134523988380714,0,29,78.43,225.67,103.98,103.98,0.56,44.08,49946.15059999999
505,2024-06-01,3,Beef,1,8.0,8.0,-0.2729357798165137,6.617502483673226,9.007757225402806,3.76767460948696,3.8316241442289147,555,436,66.49,0.0,103.98,103.98,0.56,44.08,49946.15059999999
506,2024-06-02,3,Beef,10,8.0,8.0,2.75,3.258480034913879,15.330897511387604,3.818176292585393,3.7870713278256005,35,-20,70.99,94.33,103.98,103.98,0.56,44.08,49946.15059999999
507,2024-06-03,3,Beef,9,9.0,8.0,0.3777777777777777,7.731305845631707,6.458387391856455,3.841221610456112,3.778431182659329,56,90,73.18,74.72,103.98,103.98,0.56,44.08,49946.15059999999
508,2024-06-04,3,Beef,1,8.0,7.0,-0.3318284424379232,8.16275206891638,7.800594678581053,4.097163120989087,4.107595108108998,590,443,82.31,0.0,103.98,103.98,0.56,44.08,49946.15059999999
509,2024-06-05,3,Beef,2,9.0,10.0,-0.131578947368421,4.737248023101222,6.064255976858087,2.8636969082784187,2.833384240952581,129,114,70.24,77.33,103.98,103.98,0.56,44.08,49946.15059999999
510,2024-06-06,3,Beef,1,8.0,8.0,-0.2316602316602316,5.517324417093791,13.439761090027126,3.984156456734617,4.171492589783899,638,518,70.06,0.0,103.98,103.98,0.56,44.08,49946.15059999999
511,2024-06-07,3,Beef,7,8.0,8.0,0.0878243512974051,4.2436193143798535,25.490931879200105,5.645404415953379,5.603900834408721,914,1002,73.92,0.0,103.98,103.98,0.56,44.08,49946.15059999999
512,2024-06-08,3,Beef,8,7.0,7.0,0.1697127937336814,7.398760967175634,46.7097477329018,9.784848219683951,9.723065398050165,318,383,71.32,60.63,103.98,103.98,0.56,44.08,49946.15059999999
513,2024-06-09,3,Beef,2,7.0,9.0,-0.1766561514195583,3.8775554251081816,16.894996375479135,4.141280948116138,4.205063629454353,746,634,80.49,0.0,103.98,103.98,0.56,44.08,49946.15059999999
514,2024-06-10,3,Beef,1,8.0,8.0,-0.5932835820895523,5.555045979514159,1.5158691224388008,2.407998432195833,2.3924929632244054,427,268,69.68,45.09,103.98,103.98,0.56,44.08,49946.15059999999
515,2024-06-11,3,Beef,6,7.0,9.0,0.0617577197149643,4.282160184384657,27.64983329856256,5.91521702294741,5.939424924249788,790,842,69.57,0.0,103.98,103.98,0.56,44.08,49946.15059999999
516,2024-06-12,3,Beef,9,7.0,8.0,0.78125,6.101908554022579,11.99216123523973,4.124270277454191,4.127126625158969,7,32,73.34,165.96,103.98,103.98,0.56,44.08,49946.15059999999
517,2024-06-13,3,Beef,10,9.0,9.0,1.0206185567010309,2.411541457020558,8.393914060230081,2.461305523913926,2.495016184993947,2,-97,73.26,106.85,103.98,103.98,0.56,44.08,49946.15059999999
518,2024-06-14,3,Beef,1,8.0,8.0,-0.4823848238482384,8.652923284731386,17.098494779230553,5.594036428961258,5.64854042693084,547,369,85.63,0.0,103.98,103.98,0.56,44.08,49946.15059999999
519,2024-06-15,3,Beef,3,8.0,9.0,-0.1010362694300517,4.0707871515874725,2.5937540044377254,2.2048194312959835,2.1151590624945005,850,772,80.95,0.0,103.98,103.98,0.56,44.08,49946.15059999999
520,2024-06-16,3,Beef,6,8.0,8.0,0.0423728813559322,6.119789366232552,17.224631640086066,4.904116013403715,4.917979656743627,1017,1062,76.86,0.0,103.98,103.98,0.56,44.08,49946.15059999999
521,2024-06-17,3,Beef,4,8.0,8.0,-0.0029041626331074,5.5749539104593815,14.11624476800845,4.295160640552193,4.2901058841338475,1036,1033,70.52,0.0,103.98,103.98,0.56,44.08,49946.15059999999
522,2024-06-18,3,Beef,2,8.0,9.0,-0.1805405405405404,4.475770976155004,15.983779068154757,4.189828124057143,4.245259209821421,1092,925,81.09,0.0,103.98,103.98,0.56,44.08,49946.15059999999
523,2024-06-19,3,Beef,2,8.0,8.0,-0.1727078891257996,4.2244397267281295,18.814162542091708,4.537612941275977,4.595827691682272,1100,938,72.09,0.0,103.98,103.98,0.56,44.08,49946.15059999999
524,2024-06-20,3,Beef,1,8.0,8.0,-0.218274111675127,7.872797087104919,15.674922572408068,5.233707432746461,5.203994355477447,960,788,69.59,15.67,103.98,103.98,0.56,44.08,49946.15059999999
525,2024-06-21,3,Beef,5,8.0,9.0,0.0210772833723653,4.948718813796121,15.163380841128925,4.285442374315731,4.262025732105908,418,427,83.48,57.85,103.98,103.98,0.56,44.08,49946.15059999999
