data/data_demo.csv
,Date,ProductID,Product,Low_Stock_Priority,Demand_Priority,Profitability_Priority,Low_Stock_Risk,cp,price_market,a,pred_s3,OrderQuantity,Inventory,Temperature,Rainfall,CPI,MCPI,Female,Age,Income
526,2024-06-22,3,Beef,9,8.0,8.0,0.3763066202090592,6.542340369274622,17.843145189979445,5.18307009774554,5.135861923381581,358,574,79.35,34.97,103.98,103.98,0.56,44.08,49946.15059999999
527,2024-06-23,3,Beef,7,8.0,9.0,0.0952914798206278,4.39700622921125,19.154006261711267,4.74739150814475,4.697907779713537,807,892,82.59,0.0,103.98,103.98,0.56,44.08,49946.15059999999
528,2024-06-24,3,Beef,2,8.0,8.0,-0.1314837153196622,4.705637136304478,4.685175396847424,2.6039570733934188,2.616986827565216,938,829,79.81,0.0,103.98,103.98,0.56,44.08,49946.15059999999
529,2024-06-25,3,Beef,9,9.0,8.0,0.9289940828402368,6.944494300175697,0.7000874131455159,2.666151248824889,2.681124679964848,12,169,82.72,136.45,103.98,103.98,0.56,44.08,49946.15059999999
530,2024-06-26,3,Beef,9,8.0,7.0,0.3204633204633205,7.860816992222233,14.383619478277852,5.053128711050794,5.006583487233126,528,777,75.4,0.0,103.98,103.98,0.56,44.08,49946.15059999999
531,2024-06-27,3,Beef,7,8.0,8.0,0.0923603192702394,5.64936719534596,0.6726451006589187,2.263834963531104,2.2938054026046037,796,877,73.71,0.0,103.98,103.98,0.56,44.08,49946.15059999999
532,2024-06-28,3,Beef,7,8.0,8.0,0.093069306930693,3.1561602567191263,15.875314709216708,3.871733208193136,3.8385317542760102,916,1010,82.51,0.0,103.98,103.98,0.56,44.08,49946.15059999999
533,2024-06-29,3,Beef,2,8.0,6.0,-0.1956043956043955,9.995912159500008,24.3874687568231,7.175618975735581,7.140210944292261,1088,910,75.31,0.0,103.98,103.98,0.56,44.08,49946.15059999999
534,2024-06-30,3,Beef,4,8.0,7.0,-0.0141313383208645,4.286901383531581,21.071116719160457,5.004489244662717,4.953150290290982,1220,1203,76.11,0.0,105.16,105.16,0.56,44.08,49946.15059999999
535,2024-07-01,3,Beef,2,8.0,9.0,-0.1570731707317072,2.916825200656425,4.518295931745268,2.086311534401109,2.0626631783668277,1186,1025,77.5,0.0,105.16,105.16,0.56,44.08,49946.15059999999
536,2024-07-02,3,Beef,1,8.0,6.0,-0.4364640883977901,11.188849175536305,6.397375480424811,4.763538783530055,4.792281489609422,520,362,80.09,62.04,105.16,105.16,0.56,44.08,49946.15059999999
1074,2024-01-06,7,Shrimp,8,3.0,5.0,0.1664816870144284,12.25067495602231,40.49856867296391,23.276310590015854,23.24879114272318,751,901,42.22,0.0,100.7,100.7,0.56,44.08,49946.15059999999
1075,2024-01-07,7,Shrimp,5,3.0,4.0,0.0054112554112554,12.631196887719147,35.00899926671107,21.60004060697015,21.593654921443267,919,924,45.34,0.0,100.7,100.7,0.56,44.08,49946.15059999999
1076,2024-01-08,7,Shrimp,7,5.0,5.0,0.1078260869565217,12.577428488779123,19.577118492003216,16.13675926567288,16.153683354988285,1026,1150,51.87,0.0,100.7,100.7,0.56,44.08,49946.15059999999
1077,2024-01-09,7,Shrimp,1,4.0,4.0,-1.823529411764706,16.25591324986676,43.62148056884267,27.11431787322209,27.14837204432157,192,68,50.23,62.52,100.7,100.7,0.56,44.08,49946.15059999999
1078,2024-01-10,7,Shrimp,5,4.0,4.0,0.0110062893081761,14.20965560565443,33.81413376449908,22.272751621273084,22.281334855609487,629,636,36.23,0.0,100.7,100.7,0.56,44.08,49946.15059999999
1079,2024-01-11,7,Shrimp,1,4.0,4.0,-0.2225274725274726,12.013485565124896,39.883705904296576,22.79116490517941,22.867353412702265,890,728,46.09,0.0,100.7,100.7,0.56,44.08,49946.15059999999
1080,2024-01-12,7,Shrimp,3,4.0,4.0,-0.0987370838117107,13.330756788091756,44.65936118459701,25.54282911518809,25.46215155581195,957,871,40.81,5.22,100.7,100.7,0.56,44.08,49946.15059999999
1081,2024-01-13,7,Shrimp,7,3.0,4.0,0.0983333333333333,12.240885805377232,49.226047489690345,26.325947217175425,26.29719433827393,1082,1200,41.27,0.0,100.7,100.7,0.56,44.08,49946.15059999999
1082,2024-01-14,7,Shrimp,9,4.0,5.0,0.5,13.399986681976486,54.61226989365015,28.989163288450424,28.994911607074688,2,4,44.06,154.3,100.7,100.7,0.56,44.08,49946.15059999999
1083,2024-01-15,7,Shrimp,3,4.0,4.0,-0.0809716599190284,15.751018306282766,34.27761241328332,23.49188692030573,23.52356582327003,534,494,42.95,0.0,100.7,100.7,0.56,44.08,49946.15059999999
1084,2024-01-16,7,Shrimp,8,4.0,4.0,0.1848249027237354,14.50454156122425,38.11124446093653,23.988597673176876,23.992257270780094,419,514,49.73,26.71,100.7,100.7,0.56,44.08,49946.15059999999
1085,2024-01-17,7,Shrimp,3,4.0,3.0,-0.0532319391634981,18.57120236305613,24.2163890918322,22.015467583393708,21.977399476543606,831,789,46.49,0.0,100.7,100.7,0.56,44.08,49946.15059999999
1086,2024-01-18,7,Shrimp,6,4.0,3.0,0.0531622364802932,14.75185485153496,45.61600170035261,26.84247138575883,26.79276035040255,1033,1091,43.51,0.0,100.7,100.7,0.56,44.08,49946.15059999999
1087,2024-01-19,7,Shrimp,1,4.0,4.0,-0.3765690376569037,12.172810980045783,23.151125554282302,17.07867708352757,17.121348358598425,329,239,45.35,52.33,100.7,100.7,0.56,44.08,49946.15059999999
1088,2024-01-20,7,Shrimp,8,4.0,3.0,0.1388206388206387,15.619481461628896,16.94748311369579,17.31657967492507,17.36457744292654,701,814,45.02,0.0,100.7,100.7,0.56,44.08,49946.15059999999
1089,2024-01-21,7,Shrimp,10,4.0,4.0,6.1875,16.15986243428507,43.30386005340392,27.07216622083133,26.96988194316147,83,-16,51.05,77.18,100.7,100.7,0.56,44.08,49946.15059999999
1090,2024-01-22,7,Shrimp,10,5.0,5.0,1.0394736842105263,16.188333982887887,29.783034750521846,22.31272559358995,22.25654359356849,3,-76,42.77,82.35,100.7,100.7,0.56,44.08,49946.15059999999
1091,2024-01-23,7,Shrimp,9,4.0,4.0,1.0,11.811518093929816,42.7760728134224,23.775114147490115,23.738383853464335,0,-109,45.59,216.32,100.7,100.7,0.56,44.08,49946.15059999999
1092,2024-01-24,7,Shrimp,9,4.0,4.0,1.0,13.704725170970326,39.08074649346169,23.76463658020495,23.771251065176116,0,78,39.98,133.65,100.7,100.7,0.56,44.08,49946.15059999999
1093,2024-01-25,7,Shrimp,4,4.0,2.0,-0.0016528925619834,16.263623913656904,18.699973489762915,18.47572847788999,18.429406699663666,606,605,31.7,0.0,100.7,100.7,0.56,44.08,49946.15059999999
1094,2024-01-26,7,Shrimp,5,6.0,5.0,0.0,10.630542082252118,7.803206356773856,10.608840023655777,10.667829037643692,887,887,47.96,0.0,100.7,100.7,0.56,44.08,49946.15059999999
1095,2024-01-27,7,Shrimp,9,4.0,4.0,0.6153846153846154,13.001166477955923,24.03398252907281,18.08929884082138,18.010813373748782,10,26,49.24,109.97,100.7,100.7,0.56,44.08,49946.15059999999
1096,2024-01-28,7,Shrimp,9,4.0,6.0,0.9493670886075948,11.146124629146016,35.16491486980865,20.608218833598382,20.60769843851315,8,158,41.43,65.53,100.7,100.7,0.56,44.08,49946.15059999999
1097,2024-01-29,7,Shrimp,9,4.0,4.0,0.8923076923076922,12.134859540205971,22.78223665305228,17.007727581820415,16.96561874723768,14,130,56.71,64.01,100.7,100.7,0.56,44.08,49946.15059999999
1098,2024-01-30,7,Shrimp,2,4.0,4.0,-0.1485355648535564,11.975085694512387,28.47238550651287,18.88020580218293,18.845643090816154,549,478,38.31,0.0,100.7,100.7,0.56,44.08,49946.15059999999
1099,2024-01-31,7,Shrimp,6,4.0,1.0,0.0605714285714286,16.50113966508687,20.410592694026747,19.18792666290707,19.194668773555634,822,875,46.04,0.0,100.7,100.7,0.56,44.08,49946.15059999999
1100,2024-02-01,7,Shrimp,6,4.0,4.0,0.0484966052376333,13.5309239301825,36.69877959796924,22.80745129266211,22.815610260782698,981,1031,45.1,0.0,100.7,100.7,0.56,44.08,49946.15059999999
1101,2024-02-02,7,Shrimp,2,4.0,4.0,-0.1958174904942966,12.273288837316436,35.90825927036325,21.72027208781244,21.65768861585265,629,526,53.92,27.99,100.7,100.7,0.56,44.08,49946.15059999999
1102,2024-02-03,7,Shrimp,5,5.0,5.0,0.011111111111111,11.92878853723101,30.186073759523666,19.46660266212412,19.41312172856816,890,900,53.83,0.0,100.7,100.7,0.56,44.08,49946.15059999999
1103,2024-02-04,7,Shrimp,10,4.0,4.0,1.65,14.28333432974306,48.97065301313742,27.54945102941922,27.638860024459497,52,-80,47.48,91.02,100.7,100.7,0.56,44.08,49946.15059999999
1104,2024-02-05,7,Shrimp,4,4.0,3.0,-0.0162162162162162,13.977728745318666,49.97715027319563,27.691792430488714,27.777081196159106,188,185,48.82,31.72,100.7,100.7,0.56,44.08,49946.15059999999
1105,2024-02-06,7,Shrimp,1,4.0,3.0,-14.0,16.688148749346855,40.65267202536451,26.36282830240257,26.411922181531732,15,1,42.71,78.63,100.7,100.7,0.56,44.08,49946.15059999999
1106,2024-02-07,7,Shrimp,1,5.0,4.0,-0.4819944598337951,15.000033391714606,17.002288185332553,16.90614696915163,16.94973755650398,535,361,37.47,0.0,100.7,100.7,0.56,44.08,49946.15059999999
1107,2024-02-08,7,Shrimp,4,5.0,4.0,-0.043370508054523,11.136404443869925,23.953098527943908,16.623141301859953,16.675924127237636,842,807,45.86,0.0,100.7,100.7,0.56,44.08,49946.15059999999
1108,2024-02-09,7,Shrimp,2,4.0,5.0,-0.2077185017026106,12.742038584817465,39.07130331083248,23.107988700326707,23.093424259678237,1064,881,48.6,0.0,100.7,100.7,0.56,44.08,49946.15059999999
1109,2024-02-10,7,Shrimp,4,4.0,3.0,-0.0162601626016261,16.140145024141955,28.714424197554106,21.824964763686605,21.848686656162187,1125,1107,54.2,0.0,100.7,100.7,0.56,44.08,49946.15059999999
1110,2024-02-11,7,Shrimp,7,4.0,5.0,0.1101694915254237,12.757834604597246,30.129085682881765,20.0359704433148,19.97405542586651,525,590,54.28,37.92,100.7,100.7,0.56,44.08,49946.15059999999
1111,2024-02-12,7,Shrimp,9,3.0,2.0,1.0,17.46914434984742,43.9896739458806,28.197430814227253,28.127335734804337,0,-97,46.55,225.93,100.7,100.7,0.56,44.08,49946.15059999999
1112,2024-02-13,7,Shrimp,8,4.0,4.0,0.1371610845295056,11.803421137350506,40.10874821892418,22.799022510893938,22.79895000692401,541,627,47.2,0.0,100.7,100.7,0.56,44.08,49946.15059999999
1113,2024-02-14,7,Shrimp,7,4.0,4.0,0.0896174863387978,15.14522670608158,48.14154433813949,28.03537211003957,27.952508756802594,833,915,43.7,0.0,100.7,100.7,0.56,44.08,49946.15059999999
1114,2024-02-15,7,Shrimp,5,4.0,5.0,0.0372549019607842,12.277568893202718,30.70790703353523,19.843276402486268,19.840180171618442,982,1020,42.06,0.0,100.7,100.7,0.56,44.08,49946.15059999999
1115,2024-02-16,7,Shrimp,6,4.0,4.0,0.079232693911593,12.980809734107286,48.75225420446897,26.62811625310174,26.64977064984556,1104,1199,40.85,0.0,100.7,100.7,0.56,44.08,49946.15059999999
1116,2024-02-17,7,Shrimp,8,4.0,4.0,0.162109375,16.197163296462293,29.458687529155146,22.1517942296926,22.149184505755382,429,512,59.36,48.15,100.7,100.7,0.56,44.08,49946.15059999999
1117,2024-02-18,7,Shrimp,6,4.0,4.0,0.0537383177570093,13.745865674322966,49.99491490138763,27.667569187611395,27.62084174178838,810,856,47.28,0.0,100.7,100.7,0.56,44.08,49946.15059999999
1118,2024-02-19,7,Shrimp,3,4.0,3.0,-0.0560398505603985,15.626904490228211,36.05834643616779,23.97853134718348,24.059992006659783,848,803,47.87,6.33,100.7,100.7,0.56,44.08,49946.15059999999
1119,2024-02-20,7,Shrimp,2,4.0,4.0,-0.1405325443786982,14.9465811898296,26.39490252890392,20.19039275188587,20.200394126163417,771,676,44.02,15.65,100.7,100.7,0.56,44.08,49946.15059999999
1120,2024-02-21,7,Shrimp,8,4.0,4.0,0.1838440111420612,15.507731367124602,18.68780492346467,17.911013963215698,17.89551919676576,586,718,54.39,23.22,100.7,100.7,0.56,44.08,49946.15059999999
1121,2024-02-22,7,Shrimp,8,4.0,4.0,0.1453154875717017,12.223623577828974,31.98527685138307,20.269537635726284,20.24955633655822,894,1046,42.66,0.0,100.7,100.7,0.56,44.08,49946.15059999999
1122,2024-02-23,7,Shrimp,3,4.0,4.0,-0.0690399137001078,13.556851203591998,32.43767302004561,21.324559582364213,21.34207461284251,991,927,49.89,0.0,100.7,100.7,0.56,44.08,49946.15059999999
1123,2024-02-24,7,Shrimp,2,3.0,5.0,-0.1699895068205665,14.84850523620174,43.57661910122452,26.170209637901976,26.146545393270138,1115,953,46.7,0.0,100.7,100.7,0.56,44.08,49946.15059999999
1124,2024-02-25,7,Shrimp,6,4.0,4.0,0.0413564929693961,12.30185425461268,33.89409497191793,20.988837299297693,20.972597158721165,1159,1209,53.33,0.0,100.7,100.7,0.56,44.08,49946.15059999999
1125,2024-02-26,7,Shrimp,6,4.0,4.0,0.0789915966386555,17.259000086464656,30.675680214215557,23.28819272982708,23.319213912900388,1096,1190,49.07,0.0,100.7,100.7,0.56,44.08,49946.15059999999
1126,2024-02-27,7,Shrimp,3,4.0,5.0,-0.0582750582750581,12.445543915689733,45.77037472947536,25.340591827746128,25.230850486532535,454,429,45.94,41.61,100.7,100.7,0.56,44.08,49946.15059999999
1127,2024-02-28,7,Shrimp,7,4.0,3.0,0.1157556270096462,13.399992846124409,32.751734387298484,21.36507953814312,21.342114091723406,825,933,51.93,0.0,100.7,100.7,0.56,44.08,49946.15059999999
1128,2024-02-29,7,Shrimp,10,5.0,5.0,1.4506172839506173,11.986881870411525,29.237581837730968,19.107411784985214,19.121783486726116,73,-162,54.43,78.12,101.0,101.0,0.56,44.08,49946.15059999999
1129,2024-03-01,7,Shrimp,9,4.0,6.0,1.0,9.713383869522623,40.74608917292573,21.53191396751592,21.557650018016403,0,36,52.85,149.45,101.0,101.0,0.56,44.08,49946.15059999999
1130,2024-03-02,7,Shrimp,2,4.0,3.0,-0.1433756805807622,17.593837045149854,30.10171781152733,23.402757611551007,23.352893290947392,630,551,54.25,0.0,101.0,101.0,0.56,44.08,49946.15059999999
1131,2024-03-03,7,Shrimp,3,4.0,4.0,-0.0668896321070233,13.591322126193903,41.588021416915126,24.574835973809236,24.569524883782204,319,299,49.79,42.63,101.0,101.0,0.56,44.08,49946.15059999999
1132,2024-03-04,7,Shrimp,10,4.0,4.0,3.066666666666667,13.10417032316892,29.030828882168056,19.961114969867825,19.832249826257968,31,-15,51.37,67.69,101.0,101.0,0.56,44.08,49946.15059999999
1133,2024-03-05,7,Shrimp,4,4.0,4.0,-0.0213219616204691,13.602569876658404,32.77040817029621,21.46964556711695,21.490589971455712,479,469,50.05,0.0,101.0,101.0,0.56,44.08,49946.15059999999
1134,2024-03-06,7,Shrimp,5,4.0,2.0,0.029040404040404,16.83972794439287,36.521769755882666,25.008298628711323,25.072007586600215,769,792,51.83,0.0,101.0,101.0,0.56,44.08,49946.15059999999
1135,2024-03-07,7,Shrimp,5,4.0,4.0,0.0193877551020408,12.069786783871166,31.258736797356946,19.888023704843068,19.887425573678918,961,980,49.79,0.0,101.0,101.0,0.56,44.08,49946.15059999999
1136,2024-03-08,7,Shrimp,3,4.0,4.0,-0.0888450148075024,15.359135731530165,34.8654853064261,23.46306824226212,23.45478626590229,1103,1013,45.45,0.0,101.0,101.0,0.56,44.08,49946.15059999999
1137,2024-03-09,7,Shrimp,7,4.0,4.0,0.0830645161290322,13.152423502901048,43.154719692400604,24.70492581263893,24.810463987497037,1137,1240,55.19,0.0,101.0,101.0,0.56,44.08,49946.15059999999
1138,2024-03-10,7,Shrimp,4,4.0,5.0,-0.0043252595155709,12.80665828892338,39.10601791320048,23.13630864614745,23.150853712412484,1161,1156,52.52,0.0,101.0,101.0,0.56,44.08,49946.15059999999
1139,2024-03-11,7,Shrimp,3,4.0,4.0,-0.0666666666666666,15.134116425040364,39.80969850034624,25.00885520058005,25.027962816907177,16,15,46.6,115.23,101.0,101.0,0.56,44.08,49946.15059999999
1140,2024-03-12,7,Shrimp,9,4.0,2.0,1.0,15.976481147485394,28.645695613807327,21.69109209126206,21.709952992542636,0,-92,57.29,107.96,101.0,101.0,0.56,44.08,49946.15059999999
1141,2024-03-13,7,Shrimp,8,4.0,4.0,0.2607626076260763,12.97219409944017,43.52829768274368,24.78392877118688,24.814963401049106,601,813,50.66,0.0,101.0,101.0,0.56,44.08,49946.15059999999
1142,2024-03-14,7,Shrimp,4,4.0,4.0,-0.0379310344827585,12.46230168065038,41.69562340509083,23.749919741082632,23.81612818420598,903,870,55.68,0.0,101.0,101.0,0.56,44.08,49946.15059999999
1143,2024-03-15,7,Shrimp,8,4.0,4.0,0.2526881720430107,11.661808505355946,45.04419192261625,24.46663502923594,24.427496743399537,278,372,59.29,52.11,101.0,101.0,0.56,44.08,49946.15059999999
1144,2024-03-16,7,Shrimp,2,4.0,3.0,-0.1217257318952234,16.20700753345675,27.736341678138977,21.523432818568885,21.55313377647117,728,649,56.51,0.0,101.0,101.0,0.56,44.08,49946.15059999999
1145,2024-03-17,7,Shrimp,2,4.0,3.0,-0.1503267973856208,12.849488010387764,33.27541403318543,21.089851446266287,21.13972105812241,704,612,61.79,14.2,101.0,101.0,0.56,44.08,49946.15059999999
1146,2024-03-18,7,Shrimp,6,4.0,5.0,0.0585215605749486,10.301738545449098,41.335339024604,22.140588927034877,22.17617063197805,917,974,50.14,0.0,101.0,101.0,0.56,44.08,49946.15059999999
1147,2024-03-19,7,Shrimp,5,4.0,3.0,0.0137931034482758,16.819904276792293,28.911848825828685,22.36946392080729,22.39408351200596,143,145,58.55,69.15,101.0,101.0,0.56,44.08,49946.15059999999
1148,2024-03-20,7,Shrimp,9,4.0,6.0,0.6601941747572815,11.260280996094115,32.73877530236044,19.84620040932768,19.838355813013195,35,103,53.34,69.47,101.0,101.0,0.56,44.08,49946.15059999999
1149,2024-03-21,7,Shrimp,4,3.0,3.0,-0.0151770657672849,15.558921062518124,54.25805737459527,30.41498177418905,30.38360126693433,602,593,52.63,0.0,101.0,101.0,0.56,44.08,49946.15059999999
1150,2024-03-22,7,Shrimp,4,3.0,4.0,-0.0046565774155995,14.36685729333505,54.517610122678136,29.59030467337113,29.639226291655955,863,859,54.31,0.0,101.0,101.0,0.56,44.08,49946.15059999999
1151,2024-03-23,7,Shrimp,6,4.0,4.0,0.0491195551436515,14.575830864430555,47.3994054982736,27.268908659619424,27.293749501580795,1026,1079,55.87,0.0,101.0,101.0,0.56,44.08,49946.15059999999
1152,2024-03-24,7,Shrimp,5,4.0,5.0,0.030188679245283,12.831249449377356,44.38585136249768,24.949647205037337,25.01641550743678,257,265,57.93,61.04,101.0,101.0,0.56,44.08,49946.15059999999
1153,2024-03-25,7,Shrimp,6,4.0,3.0,0.0672043010752688,14.731182920449273,24.807488504948704,19.324834021375416,19.49375991421258,694,744,52.05,0.0,101.0,101.0,0.56,44.08,49946.15059999999
1154,2024-03-26,7,Shrimp,3,5.0,6.0,-0.0766509433962263,10.664440214231526,40.12562231426122,22.01686565649008,22.006812884510165,913,848,62.6,0.0,101.0,101.0,0.56,44.08,49946.15059999999
1155,2024-03-27,7,Shrimp,5,4.0,4.0,0.0339660339660339,15.176075497479626,31.40883404934115,22.192344941380178,22.116439114775552,967,1001,60.65,0.0,101.0,101.0,0.56,44.08,49946.15059999999
1156,2024-03-28,7,Shrimp,3,4.0,3.0,-0.088016967126193,17.11402008306432,24.414281023946323,21.05091657919388,21.025679346292737,1026,943,50.87,0.0,101.0,101.0,0.56,44.08,49946.15059999999
1157,2024-03-29,7,Shrimp,6,4.0,3.0,0.0618388934092758,15.768054394852651,29.9099416140868,21.98076464352009,22.00649508423654,1153,1229,66.21,0.0,101.0,101.0,0.56,44.08,49946.15059999999
