data/data_demo.csv
,Date,ProductID,Product,Low_Stock_Priority,Demand_Priority,Profitability_Priority,Low_Stock_Risk,cp,price_market,a,pred_s3,OrderQuantity,Inventory,Temperature,Rainfall,CPI,MCPI,Female,Age,Income
1158,2024-03-30,7,Shrimp,1,4.0,6.0,-0.2251381215469612,9.960919829226558,36.15665074046346,20.132295596751064,20.124447469183995,887,724,68.47,18.88,101.0,101.0,0.56,44.08,49946.15059999999
1159,2024-03-31,7,Shrimp,4,4.0,6.0,-0.0346020761245675,12.031581995454305,29.52644425701333,19.197621881722924,19.25422648832631,299,289,65.11,52.39,102.93,102.93,0.56,44.08,49946.15059999999
1160,2024-04-01,7,Shrimp,4,4.0,4.0,-0.0381125226860254,13.624410156050386,29.4920057429316,20.353174501359696,20.358209734707785,572,551,58.54,8.84,102.93,102.93,0.56,44.08,49946.15059999999
1161,2024-04-02,7,Shrimp,7,4.0,4.0,0.1009667024704619,14.973874609879866,42.920414984229744,25.98247200874344,26.00466744935372,837,931,54.31,0.0,102.93,102.93,0.56,44.08,49946.15059999999
1162,2024-04-03,7,Shrimp,2,4.0,4.0,-0.1173184357541898,13.78669465267955,36.44106485123232,22.862423243203622,22.90460071281339,800,716,65.16,9.74,102.93,102.93,0.56,44.08,49946.15059999999
1163,2024-04-04,7,Shrimp,2,4.0,5.0,-0.1297709923664123,13.013571225779003,37.33458079662318,22.696885748353647,22.67569659575588,444,393,58.1,39.9,102.93,102.93,0.56,44.08,49946.15059999999
1164,2024-04-05,7,Shrimp,4,4.0,4.0,-0.0050377833753147,15.190600615384586,36.11872396896298,23.904967178125204,23.775425658146407,798,794,66.45,0.0,102.93,102.93,0.56,44.08,49946.15059999999
1165,2024-04-06,7,Shrimp,9,4.0,4.0,1.0,16.328303532449933,28.24296856628349,21.898123946235906,21.81547848786503,0,-26,61.6,195.59,102.93,102.93,0.56,44.08,49946.15059999999
1166,2024-04-07,7,Shrimp,10,5.0,4.0,16.5,13.535411985626803,21.29428082039312,17.424183026010247,17.426042686043793,93,-6,65.67,39.01,102.93,102.93,0.56,44.08,49946.15059999999
1167,2024-04-08,7,Shrimp,6,4.0,4.0,0.0452342487883683,15.457859734770478,38.10564710420479,24.7016840335468,24.65825465601414,591,619,62.79,0.0,102.93,102.93,0.56,44.08,49946.15059999999
1168,2024-04-09,7,Shrimp,7,5.0,7.0,0.0987514188422247,8.84189850962105,29.92963367874556,17.20783611599916,17.16047232824475,794,881,64.76,0.0,102.93,102.93,0.56,44.08,49946.15059999999
1169,2024-04-10,7,Shrimp,5,5.0,4.0,0.0080971659919028,12.12498122778254,14.892177314141222,14.167372018112914,14.196593905561134,245,247,61.51,49.37,102.93,102.93,0.56,44.08,49946.15059999999
1170,2024-04-11,7,Shrimp,3,4.0,5.0,-0.0624,13.357482125883982,31.074327420348475,20.758447288915782,20.725111993771,664,625,70.61,0.0,102.93,102.93,0.56,44.08,49946.15059999999
1171,2024-04-12,7,Shrimp,3,4.0,4.0,-0.0473300970873786,13.022867558490749,24.077820586593766,17.971194891326032,18.041365123375584,863,824,62.53,0.0,102.93,102.93,0.56,44.08,49946.15059999999
1172,2024-04-13,7,Shrimp,9,3.0,3.0,1.0,14.66559643480891,41.986502343077554,25.4209284048508,25.461729264500843,0,-18,64.13,206.45,102.93,102.93,0.56,44.08,49946.15059999999
1173,2024-04-14,7,Shrimp,7,4.0,4.0,0.0858034321372854,16.02750109499652,40.2162522724034,25.80687670535906,25.796250214125642,586,641,71.76,0.0,102.93,102.93,0.56,44.08,49946.15059999999
1174,2024-04-15,7,Shrimp,9,4.0,4.0,0.7666666666666666,15.013338052056778,39.96893144838469,24.97772326025653,24.999080904660943,7,30,55.83,102.02,102.93,102.93,0.56,44.08,49946.15059999999
1175,2024-04-16,7,Shrimp,1,4.0,4.0,-0.2263736263736264,12.755549056489889,28.34958381841309,19.43906260813901,19.349496952520667,558,455,56.44,0.0,102.93,102.93,0.56,44.08,49946.15059999999
1176,2024-04-17,7,Shrimp,9,4.0,6.0,1.0,10.954463818991629,42.31551581862154,23.01095723153944,22.976646783802728,0,99,67.86,153.64,102.93,102.93,0.56,44.08,49946.15059999999
1177,2024-04-18,7,Shrimp,8,4.0,4.0,0.2211055276381909,15.113928241157774,38.19649783134073,24.4294221037214,24.449078289402102,155,199,57.37,28.63,102.93,102.93,0.56,44.08,49946.15059999999
1178,2024-04-19,7,Shrimp,10,4.0,5.0,1.477777777777778,10.323646520659976,30.901454615601807,18.51853269426694,18.53889069926201,43,-90,73.18,60.88,102.93,102.93,0.56,44.08,49946.15059999999
1179,2024-04-20,7,Shrimp,5,4.0,4.0,0.0119250425894378,15.306074566812857,30.466625678614832,21.88691971469485,21.87768242720788,580,587,61.62,0.0,102.93,102.93,0.56,44.08,49946.15059999999
1180,2024-04-21,7,Shrimp,9,3.0,4.0,0.8714285714285714,13.623101835739863,43.927081528737006,25.357873255643742,25.410635599916198,9,70,60.17,121.11,102.93,102.93,0.56,44.08,49946.15059999999
1181,2024-04-22,7,Shrimp,10,5.0,4.0,1.0510204081632653,11.648330024123542,30.26395943036342,19.27599741517841,19.243879943674056,5,-98,73.75,68.98,102.93,102.93,0.56,44.08,49946.15059999999
1182,2024-04-23,7,Shrimp,9,4.0,4.0,1.0,14.574514624933585,38.03656473526279,23.94619279729821,24.015141542699393,0,74,71.76,130.18,102.93,102.93,0.56,44.08,49946.15059999999
1183,2024-04-24,7,Shrimp,6,4.0,4.0,0.046551724137931,13.994247794681998,45.33956986812784,26.19597341992018,26.165159890783343,553,580,73.92,0.0,102.93,102.93,0.56,44.08,49946.15059999999
1184,2024-04-25,7,Shrimp,4,4.0,5.0,-0.0170261066969352,13.926805414167506,54.09342625557109,29.173233242768116,29.182401571953655,896,881,69.33,0.0,102.93,102.93,0.56,44.08,49946.15059999999
1185,2024-04-26,7,Shrimp,9,4.0,4.0,1.0,13.831553406945211,51.6387312443773,28.276373996298265,28.256337270906887,0,93,60.72,230.39,102.93,102.93,0.56,44.08,49946.15059999999
1186,2024-04-27,7,Shrimp,5,4.0,4.0,0.0358306188925081,14.839048216852284,44.0082276420903,26.239584130261303,26.291014052593148,592,614,74.8,0.0,102.93,102.93,0.56,44.08,49946.15059999999
1187,2024-04-28,7,Shrimp,4,4.0,4.0,-0.0168539325842695,15.84886804391702,19.94088648428613,18.585767160596465,18.573212883066983,905,890,64.13,0.0,102.93,102.93,0.56,44.08,49946.15059999999
1188,2024-04-29,7,Shrimp,9,5.0,4.0,0.6,14.993230396967704,28.10951570582029,20.95420916199012,20.833320839064232,4,10,69.71,113.69,102.93,102.93,0.56,44.08,49946.15059999999
1189,2024-04-30,7,Shrimp,8,4.0,3.0,0.2987249544626593,16.02426637964462,29.519128125274644,22.025820471974324,22.049200324295015,385,549,70.66,9.77,103.34,103.34,0.56,44.08,49946.15059999999
1190,2024-05-01,7,Shrimp,8,3.0,5.0,0.2986111111111111,13.911720562304389,51.53149832565321,28.290098800608146,28.274968166510636,101,144,65.37,58.3,103.34,103.34,0.56,44.08,49946.15059999999
1191,2024-05-02,7,Shrimp,6,4.0,3.0,0.0377906976744185,17.23691864846395,28.00682059027909,22.443508608010312,22.369444253152963,662,688,69.44,0.0,103.34,103.34,0.56,44.08,49946.15059999999
1192,2024-05-03,7,Shrimp,5,4.0,4.0,0.005420054200542,15.142219644259646,38.86166377098369,24.73922127806905,24.70175829273503,367,369,71.2,37.01,103.34,103.34,0.56,44.08,49946.15059999999
1193,2024-05-04,7,Shrimp,7,4.0,3.0,0.1026837806301049,12.912611940634449,36.008670632573114,22.163457354051936,22.140791461255258,769,857,68.7,0.0,103.34,103.34,0.56,44.08,49946.15059999999
1194,2024-05-05,7,Shrimp,9,5.0,6.0,1.0,11.812209886531187,25.64872790562456,17.69491722391437,17.74303299115923,0,76,61.54,165.81,103.34,103.34,0.56,44.08,49946.15059999999
1195,2024-05-06,7,Shrimp,6,4.0,4.0,0.0508982035928143,14.41159360746816,38.81824009619384,24.110620140280723,24.174632557891975,634,668,68.75,0.0,103.34,103.34,0.56,44.08,49946.15059999999
1196,2024-05-07,7,Shrimp,7,4.0,5.0,0.096613545816733,11.386956954154796,38.98296086197493,22.117577791633703,22.11303932998043,907,1004,74.12,0.0,103.34,103.34,0.56,44.08,49946.15059999999
1197,2024-05-08,7,Shrimp,9,4.0,5.0,0.3425925925925925,12.053248064886503,22.442251182584982,16.768899766559635,16.789416403463193,142,216,64.24,66.64,103.34,103.34,0.56,44.08,49946.15059999999
1198,2024-05-09,7,Shrimp,1,3.0,3.0,-0.7225130890052356,14.478174160747198,47.2287744705341,27.163840066521207,27.165591386417486,658,382,67.18,0.0,103.34,103.34,0.56,44.08,49946.15059999999
1199,2024-05-10,7,Shrimp,2,5.0,5.0,-0.2141882673942701,12.784225107436091,14.134899711448124,14.40645530791308,14.393400067493326,890,733,65.98,0.0,103.34,103.34,0.56,44.08,49946.15059999999
1200,2024-05-11,7,Shrimp,3,4.0,4.0,-0.08008008008008,12.133367519546155,29.09242847090038,19.141885836555296,19.173606486089668,1079,999,77.63,0.0,103.34,103.34,0.56,44.08,49946.15059999999
1201,2024-05-12,7,Shrimp,8,4.0,5.0,0.2548076923076923,13.931049907823205,44.71970293865576,25.92833611530645,25.903880127759912,155,208,71.96,69.38,103.34,103.34,0.56,44.08,49946.15059999999
1202,2024-05-13,7,Shrimp,5,4.0,3.0,0.0330708661417322,14.14535579820758,23.06742166525961,18.568274451015725,18.474139335186507,614,635,70.86,0.0,103.34,103.34,0.56,44.08,49946.15059999999
1203,2024-05-14,7,Shrimp,4,4.0,4.0,-0.043141592920354,13.588331949562525,38.502659195620296,23.43729603379185,23.487325138677292,943,904,65.2,0.0,103.34,103.34,0.56,44.08,49946.15059999999
1204,2024-05-15,7,Shrimp,10,5.0,4.0,1.7777777777777777,13.244906161881422,22.0363961172457,17.460695636426944,17.48229052284477,35,-45,71.97,107.77,103.34,103.34,0.56,44.08,49946.15059999999
1205,2024-05-16,7,Shrimp,8,4.0,4.0,0.1871428571428571,15.709285457424896,34.06975855555777,23.418434781708648,23.42156086789766,569,700,66.13,0.0,103.34,103.34,0.56,44.08,49946.15059999999
1206,2024-05-17,7,Shrimp,2,5.0,4.0,-0.2093352192362092,14.684854702573656,11.862268868277996,14.988215379395886,14.929516462735098,855,707,69.88,0.0,103.34,103.34,0.56,44.08,49946.15059999999
1207,2024-05-18,7,Shrimp,6,4.0,4.0,0.0449954086317723,13.553147775610608,26.57428298286992,19.22888338689781,19.28686022358493,1040,1089,66.76,0.0,103.34,103.34,0.56,44.08,49946.15059999999
1208,2024-05-19,7,Shrimp,4,4.0,2.0,-0.0426894343649946,18.92864386703073,19.570785528457098,20.54656823666229,20.601541974782137,977,937,73.55,9.44,103.34,103.34,0.56,44.08,49946.15059999999
1209,2024-05-20,7,Shrimp,4,4.0,4.0,-0.0439121756487026,14.387663473856826,30.982362578734996,21.30700828361621,21.414729732894898,1046,1002,73.27,0.0,103.34,103.34,0.56,44.08,49946.15059999999
1210,2024-05-21,7,Shrimp,2,4.0,4.0,-0.1928879310344826,16.26401026735466,30.84768604178343,22.659479191111767,22.682273909694878,1107,928,69.57,0.0,103.34,103.34,0.56,44.08,49946.15059999999
1211,2024-05-22,7,Shrimp,4,5.0,4.0,-0.0263157894736842,12.878037993736488,28.2633582869086,19.44080928433464,19.405135385033425,1209,1178,72.82,0.0,103.34,103.34,0.56,44.08,49946.15059999999
1212,2024-05-23,7,Shrimp,5,4.0,5.0,0.0111022997620935,11.27411810558398,42.979131965667456,23.4878400973413,23.432932079751644,1247,1261,65.6,0.0,103.34,103.34,0.56,44.08,49946.15059999999
1213,2024-05-24,7,Shrimp,7,4.0,4.0,0.0814229249011857,12.416486968713071,26.13120396128562,18.355319947614504,18.335331167280202,1162,1265,63.83,0.0,103.34,103.34,0.56,44.08,49946.15059999999
1214,2024-05-25,7,Shrimp,7,4.0,4.0,0.121897810218978,13.463980433203776,41.34386673189052,24.3650918104352,24.39482881970811,1203,1370,73.71,0.0,103.34,103.34,0.56,44.08,49946.15059999999
1215,2024-05-26,7,Shrimp,5,3.0,5.0,0.0357142857142857,13.006783580540963,51.29275769958862,27.592537281919807,27.557333460520788,783,812,72.57,27.45,103.34,103.34,0.56,44.08,49946.15059999999
1216,2024-05-27,7,Shrimp,6,4.0,4.0,0.0715547703180211,16.67277236464559,36.39064150304682,24.917881110849105,24.90912304874442,1051,1132,75.13,0.0,103.34,103.34,0.56,44.08,49946.15059999999
1217,2024-05-28,7,Shrimp,1,4.0,4.0,-0.3473193473193472,13.759917755807784,26.423297954246003,19.28406143310505,19.378880843830444,1156,858,84.09,0.0,103.34,103.34,0.56,44.08,49946.15059999999
1218,2024-05-29,7,Shrimp,3,4.0,4.0,-0.0902461257976299,14.92293775488228,22.506614851384576,18.761966884771414,18.822640155622153,1196,1097,77.12,0.0,103.34,103.34,0.56,44.08,49946.15059999999
1219,2024-05-30,7,Shrimp,5,4.0,4.0,0.0057995028997513,13.90703768793422,27.902148998805007,20.07627179639552,19.99966974041778,1200,1207,68.06,0.0,103.34,103.34,0.56,44.08,49946.15059999999
1220,2024-05-31,7,Shrimp,9,4.0,4.0,1.0,13.132891334533666,42.04642720749891,24.425383710946942,24.408794259295206,0,-51,78.43,225.67,103.98,103.98,0.56,44.08,49946.15059999999
1221,2024-06-01,7,Shrimp,8,4.0,5.0,0.2086553323029366,14.07599202690703,36.55590734968897,23.079022271800632,23.147504672432834,512,647,66.49,0.0,103.98,103.98,0.56,44.08,49946.15059999999
1222,2024-06-02,7,Shrimp,10,4.0,2.0,3.6666666666666665,17.428102939541464,44.367952162539886,28.26945296997107,28.231004758431606,16,-6,70.99,94.33,103.98,103.98,0.56,44.08,49946.15059999999
1223,2024-06-03,7,Shrimp,9,4.0,4.0,0.4,12.46410281652637,42.70330879327212,24.22410179720183,24.1701544811766,15,25,73.18,74.72,103.98,103.98,0.56,44.08,49946.15059999999
1224,2024-06-04,7,Shrimp,5,4.0,3.0,0.0196078431372549,15.533980901119104,36.40810651878236,24.094872210884212,24.1173255398539,550,561,82.31,0.0,103.98,103.98,0.56,44.08,49946.15059999999
1225,2024-06-05,7,Shrimp,2,4.0,4.0,-0.1875,11.947985496748435,39.73488261666462,22.80368286837586,22.76936065255279,57,48,70.24,77.33,103.98,103.98,0.56,44.08,49946.15059999999
1226,2024-06-06,7,Shrimp,1,3.0,4.0,-0.3864734299516907,13.080747115461122,53.55246209420479,28.212879681896872,28.40022055384083,574,414,70.06,0.0,103.98,103.98,0.56,44.08,49946.15059999999
1227,2024-06-07,7,Shrimp,4,4.0,4.0,-0.0186799501867995,14.007166411909168,49.1565622617468,27.558492119707203,27.510440740175266,818,803,73.92,0.0,103.98,103.98,0.56,44.08,49946.15059999999
1228,2024-06-08,7,Shrimp,4,4.0,4.0,-0.0273224043715847,14.652750179453982,31.972539830957466,22.00607183604889,21.947101926969616,188,183,71.32,60.63,103.98,103.98,0.56,44.08,49946.15059999999
1229,2024-06-09,7,Shrimp,4,3.0,3.0,-0.0043165467625898,16.966257255947628,44.896794419358905,28.034022990200764,28.09253940292463,698,695,80.49,0.0,103.98,103.98,0.56,44.08,49946.15059999999
1230,2024-06-10,7,Shrimp,5,4.0,4.0,0.0,13.899834717070927,40.85850805817935,24.544466392288182,24.530305371161937,278,278,69.68,45.09,103.98,103.98,0.56,44.08,49946.15059999999
1231,2024-06-11,7,Shrimp,3,4.0,5.0,-0.0488505747126437,12.312768786928148,46.36388077539739,25.329390395086413,25.34559052039864,730,696,69.57,0.0,103.98,103.98,0.56,44.08,49946.15059999999
1232,2024-06-12,7,Shrimp,9,3.0,3.0,1.0,15.30008394610154,41.7161657203591,25.805590290358214,25.81165480425063,0,-91,73.34,165.96,103.98,103.98,0.56,44.08,49946.15059999999
1233,2024-06-13,7,Shrimp,9,4.0,5.0,1.0,13.271660382168488,25.2583256495701,18.609332222640724,18.628949550865702,0,127,73.26,106.85,103.98,103.98,0.56,44.08,49946.15059999999
1234,2024-06-14,7,Shrimp,6,4.0,4.0,0.0415913200723326,14.477363141863671,18.803154346272997,17.148643447157376,17.213956849605065,530,553,85.63,0.0,103.98,103.98,0.56,44.08,49946.15059999999
1235,2024-06-15,7,Shrimp,4,4.0,5.0,-0.0222513089005236,13.767555120924497,40.72627017205086,24.486003330019027,24.391328634863726,781,764,80.95,0.0,103.98,103.98,0.56,44.08,49946.15059999999
1236,2024-06-16,7,Shrimp,3,3.0,5.0,-0.0967007963594994,10.113086297426356,54.02618198369831,26.47280856001389,26.486720824210053,964,879,76.86,0.0,103.98,103.98,0.56,44.08,49946.15059999999
1237,2024-06-17,7,Shrimp,2,4.0,5.0,-0.1566920565832426,15.016598371187946,27.243358920600294,20.55203223425477,20.546475124744184,1063,919,70.52,0.0,103.98,103.98,0.56,44.08,49946.15059999999
1238,2024-06-18,7,Shrimp,7,4.0,3.0,0.0881226053639846,15.166736013642598,33.1191026195035,22.65793109736347,22.708615566824605,1190,1305,81.09,0.0,103.98,103.98,0.56,44.08,49946.15059999999
1239,2024-06-19,7,Shrimp,5,4.0,4.0,0.0077720207253886,15.85320953661721,24.642522738047877,20.170286275892582,20.222174722009797,1149,1158,72.09,0.0,103.98,103.98,0.56,44.08,49946.15059999999
1240,2024-06-20,7,Shrimp,2,3.0,2.0,-0.116745283018868,17.600925524920456,46.7782950470566,29.2136810546679,29.195893544766243,947,848,69.59,15.67,103.98,103.98,0.56,44.08,49946.15059999999
1241,2024-06-21,7,Shrimp,7,6.0,5.0,0.0942028985507246,11.609792453073048,11.948331449564794,12.835090328506366,12.805055600632341,250,276,83.48,57.85,103.98,103.98,0.56,44.08,49946.15059999999
1242,2024-06-22,7,Shrimp,1,5.0,4.0,-0.3987341772151898,15.03301488856352,12.363396989641911,15.394195576835369,15.348892041749505,221,158,79.35,34.97,103.98,103.98,0.56,44.08,49946.15059999999
1243,2024-06-23,7,Shrimp,5,4.0,4.0,0.0058309037900874,14.818589993281911,38.750199198201535,24.49077141479256,24.435981424836648,682,686,82.59,0.0,103.98,103.98,0.56,44.08,49946.15059999999
1244,2024-06-24,7,Shrimp,4,4.0,5.0,-0.0096878363832078,13.161836014384356,34.17656353208648,21.664572069274275,21.674041311137785,938,929,79.81,0.0,103.98,103.98,0.56,44.08,49946.15059999999
1245,2024-06-25,7,Shrimp,9,4.0,4.0,0.967741935483871,14.794212472899558,30.20376984926193,21.40505802507172,21.4270195160109,2,62,82.72,136.45,103.98,103.98,0.56,44.08,49946.15059999999
1246,2024-06-26,7,Shrimp,6,4.0,3.0,0.0592105263157894,14.999293910223932,31.989052134765863,22.233014675967247,22.195693586887522,572,608,75.4,0.0,103.98,103.98,0.56,44.08,49946.15059999999
1247,2024-06-27,7,Shrimp,1,4.0,5.0,-0.3606837606837607,11.562632340045608,40.36987914456362,22.69142837845767,22.72165278348044,796,585,73.71,0.0,103.98,103.98,0.56,44.08,49946.15059999999
1248,2024-06-28,7,Shrimp,4,4.0,4.0,-0.0322896281800391,14.492445522552863,30.86196010950335,21.48998582890807,21.445997112530584,1055,1022,82.51,0.0,103.98,103.98,0.56,44.08,49946.15059999999
1249,2024-06-29,7,Shrimp,6,4.0,4.0,0.0790297339593114,12.164031387990768,24.030750282668865,17.444309584889755,17.42313041941822,1177,1278,75.31,0.0,103.98,103.98,0.56,44.08,49946.15059999999
1250,2024-06-30,7,Shrimp,7,4.0,5.0,0.0890850722311396,12.69628700013882,25.72637071927033,18.449381973570965,18.389655781883768,1135,1246,76.11,0.0,105.16,105.16,0.56,44.08,49946.15059999999
1251,2024-07-01,7,Shrimp,1,4.0,6.0,-0.2593783494105037,10.4505103696227,43.88338861996843,23.208062860167228,23.17241540526213,1175,933,77.5,0.0,105.16,105.16,0.56,44.08,49946.15059999999
1252,2024-07-02,7,Shrimp,5,4.0,4.0,0.0095846645367412,13.053278148995044,29.7525804503778,19.9979755707342,20.049257801053876,310,313,80.09,62.04,105.16,105.16,0.56,44.08,49946.15059999999
