data/data_demo.csv
,Date,ProductID,Product,Low_Stock_Priority,Demand_Priority,Profitability_Priority,Low_Stock_Risk,cp,price_market,a,pred_s3,OrderQuantity,Inventory,Temperature,Rainfall,CPI,MCPI,Female,Age,Income
179,2024-01-06,2,Banana,8,8.0,9.0,0.1568206229860365,5.396914298214672,12.13480048910169,2.819201993815971,2.7952922754795315,785,931,42.22,0.0,100.7,100.7,0.56,44.08,49946.15059999999
180,2024-01-07,2,Banana,6,9.0,9.0,0.0602189781021897,4.007541778172539,-2.085736537332213,1.09798774411916,1.0934045379714727,1030,1096,45.34,0.0,100.7,100.7,0.56,44.08,49946.15059999999
181,2024-01-08,2,Banana,5,9.0,9.0,0.032258064516129,5.863696748228607,7.579801701297805,2.4112873711018703,2.434395811262027,1140,1178,51.87,0.0,100.7,100.7,0.56,44.08,49946.15059999999
182,2024-01-09,2,Banana,1,9.0,10.0,-2.82,4.679929967602524,25.18261170355705,3.92190756309664,3.9543795969464606,191,50,50.23,62.52,100.7,100.7,0.56,44.08,49946.15059999999
183,2024-01-10,2,Banana,6,9.0,9.0,0.0590015128593041,3.9686357767948905,6.153545768574823,1.9001276119567705,1.908951948463239,622,661,36.23,0.0,100.7,100.7,0.56,44.08,49946.15059999999
184,2024-01-11,2,Banana,4,9.0,8.0,-0.0411622276029055,4.321856336596446,5.561639068448022,1.842963117252276,1.921168901279528,860,826,46.09,0.0,100.7,100.7,0.56,44.08,49946.15059999999
185,2024-01-12,2,Banana,5,8.0,10.0,0.0133744855967078,3.6186930128372015,20.78197303714238,3.3824588551965906,3.300164097654549,959,972,40.81,5.22,100.7,100.7,0.56,44.08,49946.15059999999
186,2024-01-13,2,Banana,6,10.0,9.0,0.0765349032800672,3.2103009719330995,-15.591846663440965,-0.3889139399377356,-0.41744186979919906,1098,1189,41.27,0.0,100.7,100.7,0.56,44.08,49946.15059999999
187,2024-01-14,2,Banana,9,9.0,9.0,1.0,3.464532926212067,21.813786012882854,3.369163334820035,3.3721313684055256,0,123,44.06,154.3,100.7,100.7,0.56,44.08,49946.15059999999
188,2024-01-15,2,Banana,1,10.0,10.0,-0.3715083798882681,1.7439773370599865,3.680962419948327,1.1859014706654631,1.2123442257449537,491,358,42.95,0.0,100.7,100.7,0.56,44.08,49946.15059999999
189,2024-01-16,2,Banana,8,9.0,9.0,0.2116279069767441,4.560883410632592,11.639285724525866,2.572588273571218,2.5768470897680915,339,430,49.73,26.71,100.7,100.7,0.56,44.08,49946.15059999999
190,2024-01-17,2,Banana,2,8.0,10.0,-0.1725239616613418,2.013752778140838,10.963213559211969,2.038961658662507,1.9946197792654532,734,626,46.49,0.0,100.7,100.7,0.56,44.08,49946.15059999999
191,2024-01-18,2,Banana,6,9.0,7.0,0.0548780487804878,5.683262528147273,19.424681192203938,3.629693019410796,3.5816789337106405,930,984,43.51,0.0,100.7,100.7,0.56,44.08,49946.15059999999
192,2024-01-19,2,Banana,7,8.0,9.0,0.1362229102167182,3.5010828396781024,7.324052537646523,1.8874372751969857,1.931456981893259,279,323,45.35,52.33,100.7,100.7,0.56,44.08,49946.15059999999
193,2024-01-20,2,Banana,8,9.0,9.0,0.1861471861471861,4.098989963300181,3.2197421843554963,1.593095773086903,1.6420954490684256,752,924,45.02,0.0,100.7,100.7,0.56,44.08,49946.15059999999
194,2024-01-21,2,Banana,9,9.0,8.0,0.8502202643171806,4.987673552561913,22.97845790651099,3.899291999303896,3.796284630616092,34,227,51.05,77.18,100.7,100.7,0.56,44.08,49946.15059999999
195,2024-01-22,2,Banana,9,10.0,9.0,1.0,5.286628930125856,-13.641738171411802,0.2499816117697751,0.1969802719940632,0,32,42.77,82.35,100.7,100.7,0.56,44.08,49946.15059999999
196,2024-01-23,2,Banana,9,9.0,10.0,1.0,0.8587531827330945,10.203341817052433,1.7275108152932626,1.6853060638913133,0,-136,45.59,216.32,100.7,100.7,0.56,44.08,49946.15059999999
197,2024-01-24,2,Banana,9,10.0,9.0,1.0,3.5861926476720565,-3.479254226291204,0.8623807947194225,0.8690045840391458,0,27,39.98,133.65,100.7,100.7,0.56,44.08,49946.15059999999
198,2024-01-25,2,Banana,3,9.0,8.0,-0.0457380457380456,5.760357824161565,2.384266117434411,1.936699193488893,1.894289686301956,503,481,31.7,0.0,100.7,100.7,0.56,44.08,49946.15059999999
199,2024-01-26,2,Banana,6,8.0,9.0,0.040506329113924,0.6037883611354911,30.11256681463137,3.56835269489868,3.6234557897073425,758,790,47.96,0.0,100.7,100.7,0.56,44.08,49946.15059999999
200,2024-01-27,2,Banana,9,9.0,8.0,1.0,4.774560950790127,9.554045735441427,2.4869051847789208,2.4116294067342388,0,-33,49.24,109.97,100.7,100.7,0.56,44.08,49946.15059999999
201,2024-01-28,2,Banana,10,10.0,10.0,1.0212765957446808,-0.5111284588043787,11.950696971513812,1.5910553941536476,1.5831387309903433,1,-47,41.43,65.53,100.7,100.7,0.56,44.08,49946.15059999999
202,2024-01-29,2,Banana,9,10.0,9.0,1.0,1.954986312728793,-7.815628557055913,0.1489774819481048,0.10604579816610415,0,-38,56.71,64.01,100.7,100.7,0.56,44.08,49946.15059999999
203,2024-01-30,2,Banana,2,10.0,10.0,-0.1308411214953271,4.077261103680376,2.709553412053043,1.6187184506861385,1.5867183043873632,484,428,38.31,0.0,100.7,100.7,0.56,44.08,49946.15059999999
204,2024-01-31,2,Banana,3,9.0,9.0,-0.0668485675306957,0.6865697953560925,11.965574007287849,1.827292814236907,1.8266274761717325,782,733,46.04,0.0,100.7,100.7,0.56,44.08,49946.15059999999
205,2024-02-01,2,Banana,1,9.0,10.0,-0.4259259259259258,2.0289785246316985,13.54757693113218,2.251785080284684,2.2559695779608426,924,648,45.1,0.0,100.7,100.7,0.56,44.08,49946.15059999999
206,2024-02-02,2,Banana,8,9.0,10.0,0.1562974203338392,1.0563299850728265,16.16886554393279,2.3892317084716432,2.3214037595070174,556,659,53.92,27.99,100.7,100.7,0.56,44.08,49946.15059999999
207,2024-02-03,2,Banana,3,9.0,8.0,-0.0611183355006501,7.29626986441512,10.086278989175764,3.0192067420297297,2.9743452897997353,816,769,53.83,0.0,100.7,100.7,0.56,44.08,49946.15059999999
208,2024-02-04,2,Banana,9,9.0,10.0,0.9378531073446328,4.328455510974668,15.270042084546596,2.804083754650572,2.892730317075152,11,177,47.48,91.02,100.7,100.7,0.56,44.08,49946.15059999999
209,2024-02-05,2,Banana,9,9.0,9.0,0.54,5.134580555705339,14.53781912635684,2.896077736923929,2.9824365097306216,92,200,48.82,31.72,100.7,100.7,0.56,44.08,49946.15059999999
210,2024-02-06,2,Banana,9,10.0,8.0,1.0,3.554649798969691,-8.297404110045314,0.3338785177715989,0.3811200476929323,0,-80,42.71,78.63,100.7,100.7,0.56,44.08,49946.15059999999
211,2024-02-07,2,Banana,1,9.0,9.0,-0.2457983193277311,3.293136502485602,10.370057219101495,2.150955752492285,2.193848564111194,593,476,37.47,0.0,100.7,100.7,0.56,44.08,49946.15059999999
212,2024-02-08,2,Banana,3,9.0,9.0,-0.0518867924528301,0.7670516226979349,17.679024077327036,2.365386438642929,2.413873975119707,892,848,45.86,0.0,100.7,100.7,0.56,44.08,49946.15059999999
213,2024-02-09,2,Banana,2,9.0,9.0,-0.1619156214367161,3.4163252745042745,15.898798207345196,2.786750407798489,2.771264993551358,1019,877,48.6,0.0,100.7,100.7,0.56,44.08,49946.15059999999
214,2024-02-10,2,Banana,5,9.0,9.0,0.000914913083257,2.477015576376753,6.361411900292101,1.608359082947862,1.6283348133390463,1092,1093,54.2,0.0,100.7,100.7,0.56,44.08,49946.15059999999
215,2024-02-11,2,Banana,1,9.0,9.0,-0.2207207207207207,5.715847848584673,1.9437349246063211,1.8978492932656752,1.8412708478865407,542,444,54.28,37.92,100.7,100.7,0.56,44.08,49946.15059999999
216,2024-02-12,2,Banana,9,9.0,8.0,1.0,6.282203733315146,-1.1831192432163211,1.71077271061725,1.6432181741013456,0,39,46.55,225.93,100.7,100.7,0.56,44.08,49946.15059999999
217,2024-02-13,2,Banana,3,9.0,8.0,-0.051219512195122,6.933157431148356,8.689459884585876,2.754143312813379,2.7613824698755476,431,410,47.2,0.0,100.7,100.7,0.56,44.08,49946.15059999999
218,2024-02-14,2,Banana,2,7.0,8.0,-0.1721439749608764,5.705103878922464,21.330798795597214,3.85827355277786,3.77658365281026,749,639,43.7,0.0,100.7,100.7,0.56,44.08,49946.15059999999
219,2024-02-15,2,Banana,7,10.0,9.0,0.0836776859504132,2.802692126154028,-9.51804101481602,0.1099450392562397,0.10719586759111654,887,968,42.06,0.0,100.7,100.7,0.56,44.08,49946.15059999999
220,2024-02-16,2,Banana,6,9.0,9.0,0.0548327137546468,1.7682060280792111,3.40108270270502,1.1720099435488491,1.1892694550139482,1017,1076,40.85,0.0,100.7,100.7,0.56,44.08,49946.15059999999
221,2024-02-17,2,Banana,1,9.0,9.0,-0.8235294117647058,5.533326363290172,-1.3980245542677403,1.470102104195956,1.4704261173750661,310,170,59.36,48.15,100.7,100.7,0.56,44.08,49946.15059999999
222,2024-02-18,2,Banana,2,9.0,10.0,-0.1803797468354431,4.712585634944578,17.849575212405,3.2747176483290685,3.228136696210158,746,632,47.28,0.0,100.7,100.7,0.56,44.08,49946.15059999999
223,2024-02-19,2,Banana,7,9.0,10.0,0.0873684210526315,0.4629230986459385,4.456903734286991,0.957551944522892,1.031044873274396,867,950,47.87,6.33,100.7,100.7,0.56,44.08,49946.15059999999
224,2024-02-20,2,Banana,2,9.0,8.0,-0.1407624633431086,4.710963585487538,5.293623418452086,1.9611250928314927,1.9730056487044587,778,682,44.02,15.65,100.7,100.7,0.56,44.08,49946.15059999999
225,2024-02-21,2,Banana,3,9.0,9.0,-0.0913884007029877,5.629039644975732,7.83050430063351,2.423728642074341,2.4120364114243036,621,569,54.39,23.22,100.7,100.7,0.56,44.08,49946.15059999999
226,2024-02-22,2,Banana,7,9.0,9.0,0.1024875621890547,4.11785117836326,14.453932508947974,2.787117719829377,2.768616985105633,902,1005,42.66,0.0,100.7,100.7,0.56,44.08,49946.15059999999
227,2024-02-23,2,Banana,4,9.0,9.0,-0.0318532818532819,3.629892657981317,6.076110018503632,1.815167716280481,1.8327682167385437,1069,1036,49.89,0.0,100.7,100.7,0.56,44.08,49946.15059999999
228,2024-02-24,2,Banana,4,10.0,9.0,-0.0017391304347826,2.3847030247672887,-20.461430547999267,-1.0447631627142957,-1.0709100674965888,1152,1150,46.7,0.0,100.7,100.7,0.56,44.08,49946.15059999999
229,2024-02-25,2,Banana,7,9.0,9.0,0.0999275887038377,1.1069306008732245,15.433118913875196,2.279304092459708,2.2580996506099797,1243,1381,53.33,0.0,100.7,100.7,0.56,44.08,49946.15059999999
230,2024-02-26,2,Banana,3,9.0,9.0,-0.0777873811581677,5.600595898680055,14.390429576720424,3.029566731734434,3.061867992525852,1247,1157,49.07,0.0,100.7,100.7,0.56,44.08,49946.15059999999
231,2024-02-27,2,Banana,6,9.0,9.0,0.0742753623188405,3.381771110456582,7.804589716687867,2.0658931252070416,1.9553727564093988,511,552,45.94,41.61,100.7,100.7,0.56,44.08,49946.15059999999
232,2024-02-28,2,Banana,2,9.0,9.0,-0.1634615384615385,3.5330666769126147,-0.8403662067193451,1.144554225012154,1.1219925420766752,847,728,51.93,0.0,100.7,100.7,0.56,44.08,49946.15059999999
233,2024-02-29,2,Banana,7,9.0,7.0,0.1041666666666666,7.465442373838266,13.517801106813582,3.3283094179403205,3.3514633839293477,86,96,54.43,78.12,101.0,101.0,0.56,44.08,49946.15059999999
234,2024-03-01,2,Banana,9,9.0,8.0,1.0,5.369002213718381,13.792355335355868,2.924450024605341,2.9553034208162217,0,-3,52.85,149.45,101.0,101.0,0.56,44.08,49946.15059999999
235,2024-03-02,2,Banana,1,9.0,9.0,-0.5518292682926829,4.741650002562205,5.2996711729912525,2.029767563723112,1.9798104138776216,509,328,54.25,0.0,101.0,101.0,0.56,44.08,49946.15059999999
236,2024-03-03,2,Banana,1,9.0,9.0,-0.4961240310077519,4.284123610374471,7.832685294244614,2.145196241052559,2.1405061745573644,193,129,49.79,42.63,101.0,101.0,0.56,44.08,49946.15059999999
237,2024-03-04,2,Banana,9,9.0,8.0,0.88,7.039989721531546,0.698434974756788,2.105247076672748,1.9843700483305011,6,50,51.37,67.69,101.0,101.0,0.56,44.08,49946.15059999999
238,2024-03-05,2,Banana,6,8.0,8.0,0.073170731707317,7.439178614832389,8.214109079126708,2.7874504247315444,2.8161219264120523,532,574,50.05,0.0,101.0,101.0,0.56,44.08,49946.15059999999
239,2024-03-06,2,Banana,2,9.0,8.0,-0.1880466472303206,5.859010222959056,-5.50429345083481,1.059242352585716,1.125864541419213,815,686,51.83,0.0,101.0,101.0,0.56,44.08,49946.15059999999
240,2024-03-07,2,Banana,4,9.0,9.0,-0.0405701754385965,5.164449182795849,14.173188210318354,2.9488237346493253,2.9520315464638456,949,912,49.79,0.0,101.0,101.0,0.56,44.08,49946.15059999999
241,2024-03-08,2,Banana,4,10.0,10.0,-0.0097560975609756,-0.1892061424122895,0.5563150917570621,0.5265436536351205,0.5094654601713942,1035,1025,45.45,0.0,101.0,101.0,0.56,44.08,49946.15059999999
242,2024-03-09,2,Banana,7,9.0,8.0,0.1093375897845171,4.247443828467013,12.381031478323122,2.4816693817937,2.5876425729106156,1116,1253,55.19,0.0,101.0,101.0,0.56,44.08,49946.15059999999
243,2024-03-10,2,Banana,1,9.0,9.0,-0.2396265560165975,3.739786091612592,-4.059629162678993,0.826535876335545,0.8420381525210179,1195,964,52.52,0.0,101.0,101.0,0.56,44.08,49946.15059999999
244,2024-03-11,2,Banana,10,9.0,9.0,1.0964912280701755,4.187906458771137,4.099423541304603,1.729102873815308,1.7479742062975416,11,-114,46.6,115.23,101.0,101.0,0.56,44.08,49946.15059999999
245,2024-03-12,2,Banana,9,9.0,9.0,1.0,5.886092174645036,8.89510594934072,2.548290853052801,2.570368410381528,0,-187,57.29,107.96,101.0,101.0,0.56,44.08,49946.15059999999
246,2024-03-13,2,Banana,8,10.0,10.0,0.1751937984496123,-1.479354334379113,-6.606998118692633,-0.4880819661266162,-0.4670961201173362,532,645,50.66,0.0,101.0,101.0,0.56,44.08,49946.15059999999
247,2024-03-14,2,Banana,7,9.0,9.0,0.0993723849372385,2.8613758930596296,11.15147873140092,2.120263424597596,2.1847016610461663,861,956,55.68,0.0,101.0,101.0,0.56,44.08,49946.15059999999
248,2024-03-15,2,Banana,1,9.0,9.0,-1.3636363636363638,4.539808709881523,6.208524371200772,2.0667160816674697,2.029855193426874,208,88,59.29,52.11,101.0,101.0,0.56,44.08,49946.15059999999
249,2024-03-16,2,Banana,7,10.0,10.0,0.0931506849315068,3.066308907894475,-7.423561978092305,0.3417135415701806,0.3697769989836639,662,730,56.51,0.0,101.0,101.0,0.56,44.08,49946.15059999999
250,2024-03-17,2,Banana,3,10.0,10.0,-0.0894454382826475,1.166187773747481,-3.032427541123157,0.3788097280171378,0.4246828473647014,609,559,61.79,14.2,101.0,101.0,0.56,44.08,49946.15059999999
251,2024-03-18,2,Banana,3,9.0,8.0,-0.0980392156862746,5.737926973793591,16.051200840821664,3.214708765449989,3.2555889295338942,896,816,50.14,0.0,101.0,101.0,0.56,44.08,49946.15059999999
252,2024-03-19,2,Banana,10,9.0,9.0,14.125,4.553743811692256,18.95555985551324,3.282688585902428,3.3065704834181755,105,-8,58.55,69.15,101.0,101.0,0.56,44.08,49946.15059999999
253,2024-03-20,2,Banana,10,9.0,10.0,1.0576923076923077,2.057790859111031,8.680913602200329,1.7850818882778905,1.7754318766438861,9,-156,53.34,69.47,101.0,101.0,0.56,44.08,49946.15059999999
254,2024-03-21,2,Banana,6,9.0,8.0,0.0547667342799188,4.629634409031648,14.047618120404977,2.864105643164852,2.8314199848561215,466,493,52.63,0.0,101.0,101.0,0.56,44.08,49946.15059999999
255,2024-03-22,2,Banana,5,9.0,9.0,0.0033975084937711,5.643171424099592,12.238435633129107,2.804818873232076,2.8554069551747947,880,883,54.31,0.0,101.0,101.0,0.56,44.08,49946.15059999999
256,2024-03-23,2,Banana,6,8.0,8.0,0.049671977507029,4.010585292598722,13.29622982127738,2.6077751707697607,2.6312460267219446,1014,1067,55.87,0.0,101.0,101.0,0.56,44.08,49946.15059999999
257,2024-03-24,2,Banana,4,9.0,8.0,-0.024390243902439,5.601129606861994,22.85984007080293,3.838934542051693,3.90838273354317,168,164,57.93,61.04,101.0,101.0,0.56,44.08,49946.15059999999
258,2024-03-25,2,Banana,7,10.0,9.0,0.1288743882544861,4.156520350323323,-5.06998398214272,0.6546906721792738,0.8252700006130408,534,613,52.05,0.0,101.0,101.0,0.56,44.08,49946.15059999999
259,2024-03-26,2,Banana,6,9.0,9.0,0.0682773109243697,3.2095420346912915,16.764607323616232,2.826158835836461,2.81600953010527,887,952,62.6,0.0,101.0,101.0,0.56,44.08,49946.15059999999
260,2024-03-27,2,Banana,5,9.0,10.0,0.0019212295869356,1.681158967200174,6.179910444221798,1.530223013737252,1.4493886036921024,1039,1041,60.65,0.0,101.0,101.0,0.56,44.08,49946.15059999999
261,2024-03-28,2,Banana,7,9.0,9.0,0.0821692686935086,3.828138466056775,7.757410657483597,2.067472921627356,2.0408489767268874,1117,1217,50.87,0.0,101.0,101.0,0.56,44.08,49946.15059999999
262,2024-03-29,2,Banana,4,9.0,9.0,-0.0289735099337749,4.388585876091543,6.977502695449299,2.050114446956089,2.0761490646565637,1243,1208,66.21,0.0,101.0,101.0,0.56,44.08,49946.15059999999
263,2024-03-30,2,Banana,2,9.0,9.0,-0.1437578814627995,5.751665523174662,6.248528833387161,2.28000994510391,2.278715916703386,907,793,68.47,18.88,101.0,101.0,0.56,44.08,49946.15059999999
264,2024-03-31,2,Banana,7,10.0,10.0,0.0899999999999999,3.7697850630255463,-2.261961917830192,0.969019815772337,1.0277529707457775,182,200,65.11,52.39,102.93,102.93,0.56,44.08,49946.15059999999
265,2024-04-01,2,Banana,2,9.0,9.0,-0.1486810551558752,4.914831212441982,11.833391992576011,2.6601908238443683,2.6677627108034607,479,417,58.54,8.84,102.93,102.93,0.56,44.08,49946.15059999999
266,2024-04-02,2,Banana,2,9.0,9.0,-0.1443768996960486,2.070775972532543,26.709430327888573,3.5637127646424878,3.5797702485123093,753,658,54.31,0.0,102.93,102.93,0.56,44.08,49946.15059999999
267,2024-04-03,2,Banana,6,9.0,9.0,0.0533333333333333,2.4347416883449498,9.438669795512428,1.888179605616864,1.9273248390803412,852,900,65.16,9.74,102.93,102.93,0.56,44.08,49946.15059999999
268,2024-04-04,2,Banana,2,9.0,10.0,-0.2161290322580644,3.779221401946225,9.986149572649042,2.2747418491443816,2.2536983258891654,377,310,58.1,39.9,102.93,102.93,0.56,44.08,49946.15059999999
269,2024-04-05,2,Banana,2,9.0,9.0,-0.2099697885196374,1.8907430720299725,3.127009628433365,1.3208429354682838,1.1866387635532192,801,662,66.45,0.0,102.93,102.93,0.56,44.08,49946.15059999999
270,2024-04-06,2,Banana,9,9.0,9.0,1.0,5.640495674649363,8.825254535818885,2.593897063833497,2.5137634564187774,0,128,61.6,195.59,102.93,102.93,0.56,44.08,49946.15059999999
271,2024-04-07,2,Banana,1,9.0,9.0,-1.4117647058823528,4.926260658637214,14.661664260340308,2.947814906695369,2.952720951467251,41,17,65.67,39.01,102.93,102.93,0.56,44.08,49946.15059999999
272,2024-04-08,2,Banana,8,9.0,9.0,0.1975683890577507,4.558191528784906,6.297575592956571,2.085601597788432,2.0424690560652996,528,658,62.79,0.0,102.93,102.93,0.56,44.08,49946.15059999999
273,2024-04-09,2,Banana,5,9.0,9.0,0.0279642058165547,4.677808250431889,5.4619595894799895,2.0248929807378584,1.9831294186678,869,894,64.76,0.0,102.93,102.93,0.56,44.08,49946.15059999999
