data/data_demo.csv
,Date,ProductID,Product,Low_Stock_Priority,Demand_Priority,Profitability_Priority,Low_Stock_Risk,cp,price_market,a,pred_s3,OrderQuantity,Inventory,Temperature,Rainfall,CPI,MCPI,Female,Age,Income
274,2024-04-10,2,Banana,8,9.0,7.0,0.281437125748503,8.042087122969594,14.032645401632468,3.479305063472875,3.519429808014494,240,334,61.51,49.37,102.93,102.93,0.56,44.08,49946.15059999999
275,2024-04-11,2,Banana,7,10.0,9.0,0.1269633507853402,3.0622716240664087,0.8199523018095451,1.226644758669267,1.192792769532339,667,764,70.61,0.0,102.93,102.93,0.56,44.08,49946.15059999999
276,2024-04-12,2,Banana,4,9.0,10.0,-0.0136554621848739,-0.4028825710011157,12.524966270768724,1.5998705079513418,1.662401161583832,965,952,62.53,0.0,102.93,102.93,0.56,44.08,49946.15059999999
277,2024-04-13,2,Banana,9,8.0,8.0,1.0,4.398600393792931,18.20321797261422,3.159776956427429,3.200036103195263,0,18,64.13,206.45,102.93,102.93,0.56,44.08,49946.15059999999
278,2024-04-14,2,Banana,8,9.0,9.0,0.1442307692307692,3.898792918076668,23.59948541679484,3.651644768815124,3.638333475296714,534,624,71.76,0.0,102.93,102.93,0.56,44.08,49946.15059999999
279,2024-04-15,2,Banana,9,9.0,10.0,0.9940828402366864,2.964961914979193,9.096179927230532,1.981870992601036,2.000231569107161,1,169,55.83,102.02,102.93,102.93,0.56,44.08,49946.15059999999
280,2024-04-16,2,Banana,8,9.0,9.0,0.142,2.0423402812824603,23.67597239806713,3.363889228214717,3.2708701703723806,429,500,56.44,0.0,102.93,102.93,0.56,44.08,49946.15059999999
281,2024-04-17,2,Banana,9,9.0,9.0,1.0,3.121620956395704,20.34409886481518,3.1911360994884266,3.1559679622680163,0,14,67.86,153.64,102.93,102.93,0.56,44.08,49946.15059999999
282,2024-04-18,2,Banana,8,10.0,9.0,0.1845238095238095,4.362676858435643,0.037873596289339,1.357220825257764,1.3773887525564013,137,168,57.37,28.63,102.93,102.93,0.56,44.08,49946.15059999999
283,2024-04-19,2,Banana,10,9.0,9.0,1.2222222222222223,2.9943665987149237,-2.1793851159315096,0.8574058224941598,0.8793275794895815,16,-72,73.18,60.88,102.93,102.93,0.56,44.08,49946.15059999999
284,2024-04-20,2,Banana,1,9.0,7.0,-0.3649851632047478,8.824907359087497,6.950363621455796,2.969366364373743,2.969821729135185,460,337,61.62,0.0,102.93,102.93,0.56,44.08,49946.15059999999
285,2024-04-21,2,Banana,10,9.0,9.0,1.0217391304347827,2.078991236733704,20.289354925948544,2.891957175509486,2.9398275509609357,3,-138,60.17,121.11,102.93,102.93,0.56,44.08,49946.15059999999
286,2024-04-22,2,Banana,9,9.0,9.0,1.0,2.413765274584657,9.27712992439995,1.940246645021654,1.906942632105126,0,-30,73.75,68.98,102.93,102.93,0.56,44.08,49946.15059999999
287,2024-04-23,2,Banana,9,10.0,10.0,1.0,-0.5772400800290569,3.9934244234221152,0.7151293288391264,0.7745550819372755,0,-22,71.76,130.18,102.93,102.93,0.56,44.08,49946.15059999999
288,2024-04-24,2,Banana,4,9.0,10.0,-0.0042735042735042,4.502968830043074,25.52243180048561,3.9839874558552126,3.9525841357901834,470,468,73.92,0.0,102.93,102.93,0.56,44.08,49946.15059999999
289,2024-04-25,2,Banana,8,9.0,10.0,0.1363636363636363,-0.0328132555995202,12.869044880033464,1.7721121002844218,1.7715620049969008,798,924,69.33,0.0,102.93,102.93,0.56,44.08,49946.15059999999
290,2024-04-26,2,Banana,9,10.0,10.0,1.0,2.921090733250997,-13.205942757907415,-0.2156454532359789,-0.23743858353243574,0,111,60.72,230.39,102.93,102.93,0.56,44.08,49946.15059999999
291,2024-04-27,2,Banana,5,9.0,9.0,0.0094339622641509,3.448658930878886,13.171606262926888,2.456263116201568,2.505251002695734,525,530,74.8,0.0,102.93,102.93,0.56,44.08,49946.15059999999
292,2024-04-28,2,Banana,2,9.0,10.0,-0.1747572815533979,2.5805440683062235,15.200406145708678,2.548398688586518,2.5325953227558564,847,721,64.13,0.0,102.93,102.93,0.56,44.08,49946.15059999999
293,2024-04-29,2,Banana,10,9.0,8.0,1.0066225165562914,7.477745354909022,12.25608654471104,3.341775112528541,3.2278573910276807,1,-151,69.71,113.69,102.93,102.93,0.56,44.08,49946.15059999999
294,2024-04-30,2,Banana,8,9.0,9.0,0.2653061224489795,5.988788782630998,14.497121002319926,3.124609019135159,3.150967062734801,396,539,70.66,9.77,103.34,103.34,0.56,44.08,49946.15059999999
295,2024-05-01,2,Banana,10,9.0,8.0,1.7014925373134329,6.638273752603151,9.327243910770182,2.7762491346141,2.7655376664114195,47,-67,65.37,58.3,103.34,103.34,0.56,44.08,49946.15059999999
296,2024-05-02,2,Banana,5,10.0,9.0,0.0,2.235162362900163,-3.183958696447341,0.703914950423164,0.6255318944751762,493,493,69.44,0.0,103.34,103.34,0.56,44.08,49946.15059999999
297,2024-05-03,2,Banana,9,9.0,8.0,0.3304093567251461,6.257188129029137,6.292959967795466,2.418818829828381,2.385300045127772,229,342,71.2,37.01,103.34,103.34,0.56,44.08,49946.15059999999
298,2024-05-04,2,Banana,1,9.0,9.0,-0.4131355932203389,4.992001892687925,0.5438420444370866,1.574378857188525,1.555112513349917,667,472,68.7,0.0,103.34,103.34,0.56,44.08,49946.15059999999
299,2024-05-05,2,Banana,9,9.0,9.0,1.0,5.542811897353691,0.6725908920562222,1.625137005050301,1.6792736807752557,0,41,61.54,165.81,103.34,103.34,0.56,44.08,49946.15059999999
300,2024-05-06,2,Banana,3,10.0,7.0,-0.0906976744186045,6.058877657565534,-2.6306834910227543,1.384827763795999,1.4534286963220244,469,430,68.75,0.0,103.34,103.34,0.56,44.08,49946.15059999999
301,2024-05-07,2,Banana,6,9.0,10.0,0.0530386740331492,2.1824735080818938,14.524890926396465,2.391655416290148,2.3846539050389213,857,905,74.12,0.0,103.34,103.34,0.56,44.08,49946.15059999999
302,2024-05-08,2,Banana,7,9.0,10.0,0.1333333333333333,3.151364758044197,10.97896145412627,2.2050073042558065,2.2260547701585045,78,90,64.24,66.64,103.34,103.34,0.56,44.08,49946.15059999999
303,2024-05-09,2,Banana,6,9.0,8.0,0.0445151033386327,5.725192022656902,5.518346373192919,2.195920131161908,2.2003945951434813,601,629,67.18,0.0,103.34,103.34,0.56,44.08,49946.15059999999
304,2024-05-10,2,Banana,2,10.0,10.0,-0.1980056980056981,-1.3112381859498656,3.506620722696119,0.5986972687806146,0.5775967771489218,841,702,65.98,0.0,103.34,103.34,0.56,44.08,49946.15059999999
305,2024-05-11,2,Banana,7,9.0,9.0,0.1163366336633663,7.02665616514641,9.765768949785478,2.848086736065686,2.8878374653061556,1071,1212,77.63,0.0,103.34,103.34,0.56,44.08,49946.15059999999
306,2024-05-12,2,Banana,1,8.0,9.0,-0.7638888888888888,5.106264128415168,20.79194728112489,3.6251527050962182,3.6017333902128046,127,72,71.96,69.38,103.34,103.34,0.56,44.08,49946.15059999999
307,2024-05-13,2,Banana,2,10.0,9.0,-0.1609848484848484,3.90859207867953,-10.042157154989152,0.3704305096665459,0.2782709012893394,613,528,70.86,0.0,103.34,103.34,0.56,44.08,49946.15059999999
308,2024-05-14,2,Banana,3,9.0,9.0,-0.0541205412054119,4.441015311514347,13.768765208508928,2.71461253378474,2.7654406817679047,857,813,65.2,0.0,103.34,103.34,0.56,44.08,49946.15059999999
309,2024-05-15,2,Banana,10,9.0,8.0,1.318181818181818,1.940129433382047,4.5428802598221765,1.3188365947325815,1.3381153357310356,14,-44,71.97,107.77,103.34,103.34,0.56,44.08,49946.15059999999
310,2024-05-16,2,Banana,2,10.0,9.0,-0.1686746987951808,3.3001132708217904,-8.845858449794477,0.2729562762509105,0.2748786002574438,485,415,66.13,0.0,103.34,103.34,0.56,44.08,49946.15059999999
311,2024-05-17,2,Banana,2,9.0,8.0,-0.1045392022008253,6.200568676440748,-9.457030831639589,0.8514336358212202,0.7998539892320664,803,727,69.88,0.0,103.34,103.34,0.56,44.08,49946.15059999999
312,2024-05-18,2,Banana,3,9.0,8.0,-0.0872689938398356,6.596043944652442,0.8721650586470826,1.847106194761112,1.9120302434140608,1059,974,66.76,0.0,103.34,103.34,0.56,44.08,49946.15059999999
313,2024-05-19,2,Banana,8,9.0,7.0,0.2123397435897436,9.392448105127158,12.195095557930452,3.544741771599273,3.608639096280883,983,1248,73.55,9.44,103.34,103.34,0.56,44.08,49946.15059999999
314,2024-05-20,2,Banana,7,9.0,9.0,0.1191588785046728,3.8521506674391697,13.930629339800916,2.5553100168271072,2.6626333200886885,1131,1284,73.27,0.0,103.34,103.34,0.56,44.08,49946.15059999999
315,2024-05-21,2,Banana,5,9.0,10.0,0.0213675213675214,2.6828940663899923,0.6101842732221474,1.0755791299395208,1.0951737283871754,1145,1170,69.57,0.0,103.34,103.34,0.56,44.08,49946.15059999999
316,2024-05-22,2,Banana,5,9.0,9.0,0.0136217948717948,2.9715320681200224,20.17020991413245,3.145334693338341,3.108263690953249,1231,1248,72.82,0.0,103.34,103.34,0.56,44.08,49946.15059999999
317,2024-05-23,2,Banana,4,9.0,10.0,-0.0391999999999999,1.9639162494252704,24.22983496516106,3.3690279818500675,3.310375459069138,1299,1250,65.6,0.0,103.34,103.34,0.56,44.08,49946.15059999999
318,2024-05-24,2,Banana,6,8.0,9.0,0.0595802301963439,3.844290488118298,13.960865849565602,2.682802365645607,2.664066868630938,1389,1477,63.83,0.0,103.34,103.34,0.56,44.08,49946.15059999999
319,2024-05-25,2,Banana,2,9.0,9.0,-0.1171749598715889,4.765464860024537,4.0859733219188925,1.8316424552276735,1.8633291061338366,1392,1246,73.71,0.0,103.34,103.34,0.56,44.08,49946.15059999999
320,2024-05-26,2,Banana,2,9.0,9.0,-0.157162726008345,3.931515438936093,21.24419184510368,3.4460458529827056,3.4095644392509543,832,719,72.57,27.45,103.34,103.34,0.56,44.08,49946.15059999999
321,2024-05-27,2,Banana,1,9.0,8.0,-0.3226632522407171,6.192693691331597,17.553956956633385,3.504150363460464,3.4976580568218463,1033,781,75.13,0.0,103.34,103.34,0.56,44.08,49946.15059999999
322,2024-05-28,2,Banana,3,9.0,9.0,-0.0959040959040959,3.531568397310927,18.67407411354918,2.9776858108706072,3.0719031046541074,1097,1001,84.09,0.0,103.34,103.34,0.56,44.08,49946.15059999999
323,2024-05-29,2,Banana,6,9.0,10.0,0.0556881463802705,3.3050986950028736,3.435363250284685,1.4431513223982664,1.5032335546583915,1187,1257,77.12,0.0,103.34,103.34,0.56,44.08,49946.15059999999
324,2024-05-30,2,Banana,6,10.0,10.0,0.0566318926974664,2.8374630462793498,-18.345545052747024,-0.6914686307590179,-0.7679721357389067,1266,1342,68.06,0.0,103.34,103.34,0.56,44.08,49946.15059999999
325,2024-05-31,2,Banana,9,9.0,9.0,1.0,0.7347309475310095,31.167910214836752,3.7798474651386407,3.7553812916050293,0,-26,78.43,225.67,103.98,103.98,0.56,44.08,49946.15059999999
326,2024-06-01,2,Banana,2,10.0,10.0,-0.1751824817518248,0.864464551383092,-6.108784034499337,-0.0067252125987443,0.05627626462140922,483,411,66.49,0.0,103.98,103.98,0.56,44.08,49946.15059999999
327,2024-06-02,2,Banana,10,9.0,9.0,1.042857142857143,1.6416841387246244,9.64231928139779,1.8335664112877927,1.7874349994519312,3,-70,70.99,94.33,103.98,103.98,0.56,44.08,49946.15059999999
328,2024-06-03,2,Banana,9,8.0,9.0,1.0,6.602856143329522,33.807453512197505,5.254388327873787,5.204858376702248,0,-11,73.18,74.72,103.98,103.98,0.56,44.08,49946.15059999999
329,2024-06-04,2,Banana,8,9.0,9.0,0.1914893617021277,5.790520545779859,13.30576756274374,2.966929163957361,2.9918455909181954,532,658,82.31,0.0,103.98,103.98,0.56,44.08,49946.15059999999
330,2024-06-05,2,Banana,10,8.0,8.0,1.4615384615384617,6.74992813278598,19.49246473558236,3.832116204934771,3.8039790750832956,12,-26,70.24,77.33,103.98,103.98,0.56,44.08,49946.15059999999
331,2024-06-06,2,Banana,7,10.0,9.0,0.1248164464023494,1.3355766908109965,-5.023965693817127,0.0777137368828976,0.25988066149561007,596,681,70.06,0.0,103.98,103.98,0.56,44.08,49946.15059999999
332,2024-06-07,2,Banana,4,10.0,10.0,-0.0050125313283209,0.0627506204279595,-7.776669547337065,-0.2164379908887067,-0.2723981140294265,802,798,73.92,0.0,103.98,103.98,0.56,44.08,49946.15059999999
333,2024-06-08,2,Banana,5,9.0,9.0,0.037037037037037,2.6798873597318345,4.672972080204455,1.5620324495628062,1.5005887551364019,130,135,71.32,60.63,103.98,103.98,0.56,44.08,49946.15059999999
334,2024-06-09,2,Banana,2,8.0,8.0,-0.125,4.351637906592056,20.907497344345,3.404842180014725,3.460804440479337,567,504,80.49,0.0,103.98,103.98,0.56,44.08,49946.15059999999
335,2024-06-10,2,Banana,6,9.0,9.0,0.0514285714285713,4.997380549819655,6.5375055235269,2.1673309322923866,2.1551876432833135,166,175,69.68,45.09,103.98,103.98,0.56,44.08,49946.15059999999
336,2024-06-11,2,Banana,7,9.0,8.0,0.1224489795918367,6.095944311936106,2.0536367892850125,1.9076465141633503,1.9290548301041293,645,735,69.57,0.0,103.98,103.98,0.56,44.08,49946.15059999999
337,2024-06-12,2,Banana,9,8.0,9.0,1.0,4.56855934161443,11.979672899449676,2.606552684229312,2.6124153068052127,0,-2,73.34,165.96,103.98,103.98,0.56,44.08,49946.15059999999
338,2024-06-13,2,Banana,9,8.0,7.0,1.0,7.485337561311262,20.81935218477265,4.057758708512765,4.085177938503028,0,-13,73.26,106.85,103.98,103.98,0.56,44.08,49946.15059999999
339,2024-06-14,2,Banana,8,10.0,9.0,0.3162393162393162,3.554788638103359,-4.449401990733717,0.6994027552045591,0.7657056277770731,480,702,85.63,0.0,103.98,103.98,0.56,44.08,49946.15059999999
340,2024-06-15,2,Banana,2,10.0,10.0,-0.1666666666666667,2.1738415639164077,-2.105429941233517,0.8187455038140127,0.7209265212729937,770,660,80.95,0.0,103.98,103.98,0.56,44.08,49946.15059999999
341,2024-06-16,2,Banana,4,9.0,10.0,-0.022050716648291,0.637563569011133,2.113307454906338,0.8233279168138996,0.8321201855220491,927,907,76.86,0.0,103.98,103.98,0.56,44.08,49946.15059999999
342,2024-06-17,2,Banana,7,9.0,9.0,0.113191489361702,2.2220572838091,20.946383747120912,3.044287583687023,3.0343963323565295,1042,1175,70.52,0.0,103.98,103.98,0.56,44.08,49946.15059999999
343,2024-06-18,2,Banana,4,9.0,8.0,-0.0147441457068517,4.484235921970246,12.348215259487318,2.581198681330209,2.6322082565219715,1170,1153,81.09,0.0,103.98,103.98,0.56,44.08,49946.15059999999
344,2024-06-19,2,Banana,5,9.0,10.0,0.0233258088788562,2.2225594852927384,31.32153410570444,4.024821949572774,4.071358502848486,1298,1329,72.09,0.0,103.98,103.98,0.56,44.08,49946.15059999999
345,2024-06-20,2,Banana,7,9.0,9.0,0.0870307167235494,5.873484927070514,19.36445725831116,3.631772631998994,3.6140958935413456,1070,1172,69.59,15.67,103.98,103.98,0.56,44.08,49946.15059999999
346,2024-06-21,2,Banana,8,9.0,8.0,0.1894736842105263,6.824655412074886,9.649048231303295,2.856155509552863,2.835357313988709,231,285,83.48,57.85,103.98,103.98,0.56,44.08,49946.15059999999
347,2024-06-22,2,Banana,9,9.0,10.0,0.474025974025974,-0.739173810453206,22.650778380887655,2.6611392844643618,2.606394135915548,162,308,79.35,34.97,103.98,103.98,0.56,44.08,49946.15059999999
348,2024-06-23,2,Banana,3,9.0,7.0,-0.0855148342059337,5.728104600995296,12.11497012731878,2.9123066330556218,2.8602294394581254,622,573,82.59,0.0,103.98,103.98,0.56,44.08,49946.15059999999
349,2024-06-24,2,Banana,4,10.0,10.0,-0.0343137254901961,-0.4792081173234734,2.9507864749255504,0.6887266470028222,0.6901649789056032,844,816,79.81,0.0,103.98,103.98,0.56,44.08,49946.15059999999
350,2024-06-25,2,Banana,9,7.0,9.0,1.0,4.802998110180575,16.799748442451023,3.1183643130815697,3.141488602137491,0,-135,82.72,136.45,103.98,103.98,0.56,44.08,49946.15059999999
351,2024-06-26,2,Banana,8,9.0,8.0,0.2244897959183673,6.44974112838732,3.036733461389172,2.1309622634588283,2.098789224158838,494,637,75.4,0.0,103.98,103.98,0.56,44.08,49946.15059999999
352,2024-06-27,2,Banana,2,9.0,9.0,-0.1273516642547032,4.129712212687152,7.096028991961332,2.003673381562042,2.035687272131888,779,691,73.71,0.0,103.98,103.98,0.56,44.08,49946.15059999999
353,2024-06-28,2,Banana,7,9.0,9.0,0.125552608311229,1.440621653591521,23.27782695957983,3.1594949514711788,3.109499947272612,989,1131,82.51,0.0,103.98,103.98,0.56,44.08,49946.15059999999
354,2024-06-29,2,Banana,5,9.0,10.0,0.0,2.8291375914444545,8.987185137826007,1.983271046433606,1.9618948604296846,1106,1106,75.31,0.0,103.98,103.98,0.56,44.08,49946.15059999999
355,2024-06-30,2,Banana,3,9.0,8.0,-0.0870712401055409,3.4767091085781985,1.968586126583716,1.4499517561031865,1.3913232425958302,1236,1137,76.11,0.0,105.16,105.16,0.56,44.08,49946.15059999999
356,2024-07-01,2,Banana,7,9.0,8.0,0.1347826086956521,3.635510432420114,5.356623085645084,1.7962839794909229,1.7620000043081872,1194,1380,77.5,0.0,105.16,105.16,0.56,44.08,49946.15059999999
357,2024-07-02,2,Banana,8,9.0,9.0,0.194888178913738,3.5942063184666657,20.21790585588673,3.1879095580874486,3.2388452733327417,252,313,80.09,62.04,105.16,105.16,0.56,44.08,49946.15059999999
